Component: ARM Compiler 5.06 update 7 (build 960) Tool: armlink [4d3601]

==============================================================================

Section Cross References

    main.o(.text) refers to _printf_percent.o(.ARM.Collect$$_printf_percent$$00000000) for _printf_percent
    main.o(.text) refers to _printf_f.o(.ARM.Collect$$_printf_percent$$00000003) for _printf_f
    main.o(.text) refers to printf1.o(x$fpl$printf1) for _printf_fp_dec
    main.o(.text) refers to _printf_d.o(.ARM.Collect$$_printf_percent$$00000009) for _printf_d
    main.o(.text) refers to _printf_dec.o(.text) for _printf_int_dec
    main.o(.text) refers to bsp_systick.o(.text) for SysTick_Init
    main.o(.text) refers to delay.o(.text) for delay_init
    main.o(.text) refers to sys.o(.text) for NVIC_Configuration
    main.o(.text) refers to bsp_generaltim.o(.text) for GENERAL_TIM_Init
    main.o(.text) refers to bsp_led.o(.text) for LED_Init
    main.o(.text) refers to digital_led.o(.text) for Digital_Tube_Config
    main.o(.text) refers to bsp_rtc.o(.text) for RTC_NVIC_Config
    main.o(.text) refers to bsp_key.o(.text) for Key_Init
    main.o(.text) refers to light_sensor.o(.text) for ADCx_Init
    main.o(.text) refers to bsp_timer.o(.text) for BASIC_TIM_Init
    main.o(.text) refers to usart.o(.text) for USART_Config
    main.o(.text) refers to bsp_dht11.o(.text) for DHT11_Init
    main.o(.text) refers to oled.o(.text) for OLED_Init
    main.o(.text) refers to stm32f10x_rtc.o(.text) for RTC_GetCounter
    main.o(.text) refers to display.o(.text) for Display_Update
    main.o(.text) refers to dflt_clz.o(x$fpl$dfltu) for __aeabi_ui2d
    main.o(.text) refers to dmul.o(x$fpl$dmul) for __aeabi_dmul
    main.o(.text) refers to daddsub_clz.o(x$fpl$dadd) for __aeabi_dadd
    main.o(.text) refers to d2f.o(x$fpl$d2f) for __aeabi_d2f
    main.o(.text) refers to f2d.o(x$fpl$f2d) for __aeabi_f2d
    main.o(.text) refers to noretval__2snprintf.o(.text) for __2snprintf
    main.o(.text) refers to noretval__2printf.o(.text) for __2printf
    main.o(.text) refers to main.o(.data) for gc500msCount2
    main.o(.text) refers to main.o(.bss) for MyFlag
    main.o(.text) refers to bsp_generaltim.o(.data) for Remote
    main.o(.text) refers to bsp_rtc.o(.data) for TimeDisplay
    stm32f10x_it.o(.text) refers to stm32f10x_tim.o(.text) for TIM_GetITStatus
    stm32f10x_it.o(.text) refers to bsp_systick.o(.text) for TimingDelay_Decrement
    stm32f10x_it.o(.text) refers to stm32f10x_adc.o(.text) for ADC_GetITStatus
    stm32f10x_it.o(.text) refers to stm32f10x_rtc.o(.text) for RTC_GetITStatus
    stm32f10x_it.o(.text) refers to main.o(.data) for gc10mscount
    stm32f10x_it.o(.text) refers to light_sensor.o(.data) for ADC_ConvertedValue
    stm32f10x_it.o(.text) refers to stm32f10x_it.o(.data) for gcADCCount
    stm32f10x_it.o(.text) refers to bsp_rtc.o(.data) for TimeDisplay
    system_stm32f10x.o(.text) refers to system_stm32f10x.o(.data) for SystemCoreClock
    oled.o(.text) refers to stm32f10x_gpio.o(.text) for GPIO_SetBits
    oled.o(.text) refers to oled.o(.constdata) for F8X16
    oled.o(.text) refers to stm32f10x_rcc.o(.text) for RCC_APB2PeriphClockCmd
    oled.o(.text) refers to delay.o(.text) for delay_ms
    oled.o(.text) refers to oled.o(.data) for Hzk
    delay.o(.text) refers to misc.o(.text) for SysTick_CLKSourceConfig
    delay.o(.text) refers to system_stm32f10x.o(.data) for SystemCoreClock
    delay.o(.text) refers to delay.o(.data) for fac_us
    sys.o(.text) refers to misc.o(.text) for NVIC_PriorityGroupConfig
    usart.o(.text) refers to stm32f10x_rcc.o(.text) for RCC_APB2PeriphClockCmd
    usart.o(.text) refers to stm32f10x_gpio.o(.text) for GPIO_Init
    usart.o(.text) refers to misc.o(.text) for NVIC_Init
    usart.o(.text) refers to stm32f10x_usart.o(.text) for USART_Init
    usart.o(.text) refers to noretval__2printf.o(.text) for __2printf
    usart.o(.text) refers to usart.o(.data) for USART_RX_STA
    usart.o(.text) refers to usart.o(.bss) for USART_RX_BUF
    bsp_key.o(.text) refers to stm32f10x_rcc.o(.text) for RCC_APB2PeriphClockCmd
    bsp_key.o(.text) refers to stm32f10x_gpio.o(.text) for GPIO_Init
    bsp_key.o(.text) refers to oled.o(.text) for OLED_Clear
    bsp_key.o(.text) refers to noretval__2printf.o(.text) for __2printf
    bsp_key.o(.text) refers to bsp_key.o(.data) for gcKeyState
    bsp_key.o(.text) refers to main.o(.bss) for MyFlag
    bsp_key.o(.text) refers to main.o(.data) for gcPage
    bsp_timer.o(.text) refers to misc.o(.text) for NVIC_PriorityGroupConfig
    bsp_timer.o(.text) refers to stm32f10x_rcc.o(.text) for RCC_APB1PeriphClockCmd
    bsp_timer.o(.text) refers to stm32f10x_tim.o(.text) for TIM_TimeBaseInit
    bsp_systick.o(.text) refers to system_stm32f10x.o(.data) for SystemCoreClock
    bsp_systick.o(.text) refers to bsp_systick.o(.data) for TimingDelay
    bsp_led.o(.text) refers to stm32f10x_rcc.o(.text) for RCC_APB2PeriphClockCmd
[...]
    SysTick_Handler                          0x080004f7   Thumb Code    42  stm32f10x_it.o(.text)
    ADC1_2_IRQHandler                        0x08000521   Thumb Code    98  stm32f10x_it.o(.text)
    RTC_IRQHandler                           0x08000583   Thumb Code    48  stm32f10x_it.o(.text)
    SystemInit                               0x080006bf   Thumb Code    78  system_stm32f10x.o(.text)
    SystemCoreClockUpdate                    0x0800070d   Thumb Code   142  system_stm32f10x.o(.text)
    IIC_Start                                0x080007c1   Thumb Code    44  oled.o(.text)
    IIC_Stop                                 0x080007ed   Thumb Code    34  oled.o(.text)
    IIC_Wait_Ack                             0x0800080f   Thumb Code    24  oled.o(.text)
    Write_IIC_Byte                           0x08000827   Thumb Code    88  oled.o(.text)
    Write_IIC_Command                        0x0800087f   Thumb Code    44  oled.o(.text)
    Write_IIC_Data                           0x080008ab   Thumb Code    44  oled.o(.text)
    OLED_WR_Byte                             0x080008d7   Thumb Code    24  oled.o(.text)
    fill_picture                             0x080008ef   Thumb Code    64  oled.o(.text)
    Delay_50ms                               0x0800092f   Thumb Code    22  oled.o(.text)
    Delay_1ms                                0x08000945   Thumb Code    26  oled.o(.text)
    OLED_Set_Pos                             0x0800095f   Thumb Code    40  oled.o(.text)
    OLED_Display_On                          0x08000987   Thumb Code    28  oled.o(.text)
    OLED_Display_Off                         0x080009a3   Thumb Code    28  oled.o(.text)
    OLED_Clear                               0x080009bf   Thumb Code    62  oled.o(.text)
    OLED_On                                  0x080009fd   Thumb Code    62  oled.o(.text)
    OLED_ShowChar                            0x08000a3b   Thumb Code   154  oled.o(.text)
    oled_pow                                 0x08000ad5   Thumb Code    22  oled.o(.text)
    OLED_ShowNum                             0x08000aeb   Thumb Code   136  oled.o(.text)
    OLED_ShowString                          0x08000b73   Thumb Code    70  oled.o(.text)
    OLED_ShowString2                         0x08000bb9   Thumb Code    58  oled.o(.text)
    OLED_ShowCHinese                         0x08000bf3   Thumb Code    98  oled.o(.text)
    OLED_DrawBMP                             0x08000c55   Thumb Code   118  oled.o(.text)
    OLED_Init                                0x08000ccb   Thumb Code   272  oled.o(.text)
    delay_init                               0x08000de5   Thumb Code    50  delay.o(.text)
    delay_us                                 0x08000e17   Thumb Code    72  delay.o(.text)
    delay_ms                                 0x08000e5f   Thumb Code    72  delay.o(.text)
    NVIC_Configuration                       0x08000eb9   Thumb Code    12  sys.o(.text)
    uart_init                                0x08000ec5   Thumb Code   152  usart.o(.text)
    USART1_IRQHandler                        0x08000f5d   Thumb Code   148  usart.o(.text)
    USART_Config                             0x08000ff1   Thumb Code   132  usart.o(.text)
    Usart_SendByte                           0x08001075   Thumb Code    30  usart.o(.text)
    Usart_SendArray                          0x08001093   Thumb Code    48  usart.o(.text)
    Usart_SendString                         0x080010c3   Thumb Code    42  usart.o(.text)
    Usart_SendHalfWord                       0x080010ed   Thumb Code    60  usart.o(.text)
    fputc                                    0x08001129   Thumb Code    32  usart.o(.text)
    fgetc                                    0x08001149   Thumb Code    26  usart.o(.text)
    Key_Init                                 0x08001185   Thumb Code    54  bsp_key.o(.text)
    Key_Check                                0x080011bb   Thumb Code   384  bsp_key.o(.text)
    Key_Process                              0x0800133b   Thumb Code   136  bsp_key.o(.text)
    BASIC_TIM_Init                           0x0800147f   Thumb Code    12  bsp_timer.o(.text)
    SysTick_Init                             0x080014dd   Thumb Code    42  bsp_systick.o(.text)
    SysTick_Delay_Us                         0x08001507   Thumb Code    64  bsp_systick.o(.text)
    SysTick_delay_ms                         0x08001547   Thumb Code    66  bsp_systick.o(.text)
    TimingDelay_Decrement                    0x08001589   Thumb Code    18  bsp_systick.o(.text)
    LED_Init                                 0x080015b1   Thumb Code    66  bsp_led.o(.text)
    DHT11_Init                               0x08001625   Thumb Code    18  bsp_dht11.o(.text)
    DHT11_Read_TempAndHumidity               0x080016d1   Thumb Code   166  bsp_dht11.o(.text)
    Disp_Page3                               0x0800177d   Thumb Code    76  display.o(.text)
    Disp_Page2                               0x080017c9   Thumb Code    20  display.o(.text)
    Disp_Page1                               0x080017dd   Thumb Code   166  display.o(.text)
    Display_Update                           0x08001883   Thumb Code    46  display.o(.text)
    GENERAL_TIM_Init                         0x080019bd   Thumb Code    16  bsp_generaltim.o(.text)
    TIM5_IRQHandler                          0x080019cd   Thumb Code   402  bsp_generaltim.o(.text)
    Remote_Scan                              0x08001b5f   Thumb Code   316  bsp_generaltim.o(.text)
    Light_Sensor_GPIO_Init                   0x08001d15   Thumb Code    32  light_sensor.o(.text)
    ADCx_Init                                0x08001de5   Thumb Code    16  light_sensor.o(.text)
    Delay_us                                 0x08001dfd   Thumb Code    22  digital_led.o(.text)
    TM1637_I2C_Stop                          0x08001e13   Thumb Code    56  digital_led.o(.text)
    TM1637_I2C_Ask                           0x08001e4b   Thumb Code    64  digital_led.o(.text)
    TM1637_I2C_WrByte                        0x08001e8b   Thumb Code    80  digital_led.o(.text)
    TM1637_I2C_Start                         0x08001edb   Thumb Code    50  digital_led.o(.text)
    Digital_Tube_Config                      0x08001f0d   Thumb Code    86  digital_led.o(.text)
    TM1637_Display                           0x08001f63   Thumb Code   110  digital_led.o(.text)
    number_Display                           0x08001fd1   Thumb Code    72  digital_led.o(.text)
    Time_DisPlay_Process                     0x08002019   Thumb Code   282  digital_led.o(.text)
    RTC_NVIC_Config                          0x08002149   Thumb Code    42  bsp_rtc.o(.text)
    RTC_Configuration                        0x08002173   Thumb Code    88  bsp_rtc.o(.text)
    Time_Adjust                              0x080021cb   Thumb Code    34  bsp_rtc.o(.text)
    RTC_CheckAndConfig                       0x080021ed   Thumb Code   122  bsp_rtc.o(.text)
    Time_Display                             0x08002267   Thumb Code    92  bsp_rtc.o(.text)
    Time_Regulate_Get                        0x080022c3   Thumb Code   452  bsp_rtc.o(.text)
    Time_Show                                0x08002487   Thumb Code    32  bsp_rtc.o(.text)
    GregorianDay                             0x08002661   Thumb Code   146  bsp_date.o(.text)
    mktimev                                  0x080026f3   Thumb Code   120  bsp_date.o(.text)
    to_tm                                    0x0800276b   Thumb Code   194  bsp_date.o(.text)
    Reset_Handler                            0x0800283d   Thumb Code     8  startup_stm32f10x_hd.o(.text)
    ADC3_IRQHandler                          0x08002857   Thumb Code     0  startup_stm32f10x_hd.o(.text)
    CAN1_RX1_IRQHandler                      0x08002857   Thumb Code     0  startup_stm32f10x_hd.o(.text)
    CAN1_SCE_IRQHandler                      0x08002857   Thumb Code     0  startup_stm32f10x_hd.o(.text)
    DMA1_Channel1_IRQHandler                 0x08002857   Thumb Code     0  startup_stm32f10x_hd.o(.text)
    DMA1_Channel2_IRQHandler                 0x08002857   Thumb Code     0  startup_stm32f10x_hd.o(.text)
    DMA1_Channel3_IRQHandler                 0x08002857   Thumb Code     0  startup_stm32f10x_hd.o(.text)
    DMA1_Channel4_IRQHandler                 0x08002857   Thumb Code     0  startup_stm32f10x_hd.o(.text)
    DMA1_Channel5_IRQHandler                 0x08002857   Thumb Code     0  startup_stm32f10x_hd.o(.text)
    DMA1_Channel6_IRQHandler                 0x08002857   Thumb Code     0  startup_stm32f10x_hd.o(.text)
    DMA1_Channel7_IRQHandler                 0x08002857   Thumb Code     0  startup_stm32f10x_hd.o(.text)
    DMA2_Channel1_IRQHandler                 0x08002857   Thumb Code     0  startup_stm32f10x_hd.o(.text)
    DMA2_Channel2_IRQHandler                 0x08002857   Thumb Code     0  startup_stm32f10x_hd.o(.text)
    DMA2_Channel3_IRQHandler                 0x08002857   Thumb Code     0  startup_stm32f10x_hd.o(.text)
    DMA2_Channel4_5_IRQHandler               0x08002857   Thumb Code     0  startup_stm32f10x_hd.o(.text)
    EXTI0_IRQHandler                         0x08002857   Thumb Code     0  startup_stm32f10x_hd.o(.text)
    EXTI15_10_IRQHandler                     0x08002857   Thumb Code     0  startup_stm32f10x_hd.o(.text)
    EXTI1_IRQHandler                         0x08002857   Thumb Code     0  startup_stm32f10x_hd.o(.text)
    EXTI2_IRQHandler                         0x08002857   Thumb Code     0  startup_stm32f10x_hd.o(.text)
    EXTI3_IRQHandler                         0x08002857   Thumb Code     0  startup_stm32f10x_hd.o(.text)
    EXTI4_IRQHandler                         0x08002857   Thumb Code     0  startup_stm32f10x_hd.o(.text)
    EXTI9_5_IRQHandler                       0x08002857   Thumb Code     0  startup_stm32f10x_hd.o(.text)
    FLASH_IRQHandler                         0x08002857   Thumb Code     0  startup_stm32f10x_hd.o(.text)
    FSMC_IRQHandler                          0x08002857   Thumb Code     0  startup_stm32f10x_hd.o(.text)
    I2C1_ER_IRQHandler                       0x08002857   Thumb Code     0  startup_stm32f10x_hd.o(.text)
    I2C1_EV_IRQHandler                       0x08002857   Thumb Code     0  startup_stm32f10x_hd.o(.text)
    I2C2_ER_IRQHandler                       0x08002857   Thumb Code     0  startup_stm32f10x_hd.o(.text)
    I2C2_EV_IRQHandler                       0x08002857   Thumb Code     0  startup_stm32f10x_hd.o(.text)
    PVD_IRQHandler                           0x08002857   Thumb Code     0  startup_stm32f10x_hd.o(.text)
    RCC_IRQHandler                           0x08002857   Thumb Code     0  startup_stm32f10x_hd.o(.text)
    RTCAlarm_IRQHandler                      0x08002857   Thumb Code     0  startup_stm32f10x_hd.o(.text)
    SDIO_IRQHandler                          0x08002857   Thumb Code     0  startup_stm32f10x_hd.o(.text)
    SPI1_IRQHandler                          0x08002857   Thumb Code     0  startup_stm32f10x_hd.o(.text)
    SPI2_IRQHandler                          0x08002857   Thumb Code     0  startup_stm32f10x_hd.o(.text)
    SPI3_IRQHandler                          0x08002857   Thumb Code     0  startup_stm32f10x_hd.o(.text)
    TAMPER_IRQHandler                        0x08002857   Thumb Code     0  startup_stm32f10x_hd.o(.text)
    TIM1_BRK_IRQHandler                      0x08002857   Thumb Code     0  startup_stm32f10x_hd.o(.text)
    TIM1_CC_IRQHandler                       0x08002857   Thumb Code     0  startup_stm32f10x_hd.o(.text)
    TIM1_TRG_COM_IRQHandler                  0x08002857   Thumb Code     0  startup_stm32f10x_hd.o(.text)
    TIM1_UP_IRQHandler                       0x08002857   Thumb Code     0  startup_stm32f10x_hd.o(.text)
    TIM2_IRQHandler                          0x08002857   Thumb Code     0  startup_stm32f10x_hd.o(.text)
    TIM3_IRQHandler                          0x08002857   Thumb Code     0  startup_stm32f10x_hd.o(.text)
    TIM4_IRQHandler                          0x08002857   Thumb Code     0  startup_stm32f10x_hd.o(.text)
    TIM7_IRQHandler                          0x08002857   Thumb Code     0  startup_stm32f10x_hd.o(.text)
    TIM8_BRK_IRQHandler                      0x08002857   Thumb Code     0  startup_stm32f10x_hd.o(.text)
    TIM8_CC_IRQHandler                       0x08002857   Thumb Code     0  startup_stm32f10x_hd.o(.text)
    TIM8_TRG_COM_IRQHandler                  0x08002857   Thumb Code     0  startup_stm32f10x_hd.o(.text)
    TIM8_UP_IRQHandler                       0x08002857   Thumb Code     0  startup_stm32f10x_hd.o(.text)
    UART4_IRQHandler                         0x08002857   Thumb Code     0  startup_stm32f10x_hd.o(.text)
    UART5_IRQHandler                         0x08002857   Thumb Code     0  startup_stm32f10x_hd.o(.text)
    USART2_IRQHandler                        0x08002857   Thumb Code     0  startup_stm32f10x_hd.o(.text)
    USART3_IRQHandler                        0x08002857   Thumb Code     0  startup_stm32f10x_hd.o(.text)
    USBWakeUp_IRQHandler                     0x08002857   Thumb Code     0  startup_stm32f10x_hd.o(.text)
    USB_HP_CAN1_TX_IRQHandler                0x08002857   Thumb Code     0  startup_stm32f10x_hd.o(.text)
    USB_LP_CAN1_RX0_IRQHandler               0x08002857   Thumb Code     0  startup_stm32f10x_hd.o(.text)
    WWDG_IRQHandler                          0x08002857   Thumb Code     0  startup_stm32f10x_hd.o(.text)
    __user_initial_stackheap                 0x08002859   Thumb Code     0  startup_stm32f10x_hd.o(.text)
    NVIC_PriorityGroupConfig                 0x0800287d   Thumb Code    10  misc.o(.text)
    NVIC_Init                                0x08002887   Thumb Code   100  misc.o(.text)
    NVIC_SetVectorTable                      0x080028eb   Thumb Code    14  misc.o(.text)
    NVIC_SystemLPConfig                      0x080028f9   Thumb Code    34  misc.o(.text)
    SysTick_CLKSourceConfig                  0x0800291b   Thumb Code    40  misc.o(.text)
    GPIO_DeInit                              0x08002959   Thumb Code   172  stm32f10x_gpio.o(.text)
    GPIO_AFIODeInit                          0x08002a05   Thumb Code    20  stm32f10x_gpio.o(.text)
    GPIO_Init                                0x08002a19   Thumb Code   278  stm32f10x_gpio.o(.text)
    GPIO_StructInit                          0x08002b2f   Thumb Code    16  stm32f10x_gpio.o(.text)
    GPIO_ReadInputDataBit                    0x08002b3f   Thumb Code    18  stm32f10x_gpio.o(.text)
    GPIO_ReadInputData                       0x08002b51   Thumb Code     8  stm32f10x_gpio.o(.text)
    GPIO_ReadOutputDataBit                   0x08002b59   Thumb Code    18  stm32f10x_gpio.o(.text)
    GPIO_ReadOutputData                      0x08002b6b   Thumb Code     8  stm32f10x_gpio.o(.text)
    GPIO_SetBits                             0x08002b73   Thumb Code     4  stm32f10x_gpio.o(.text)
    GPIO_ResetBits                           0x08002b77   Thumb Code     4  stm32f10x_gpio.o(.text)
    GPIO_WriteBit                            0x08002b7b   Thumb Code    10  stm32f10x_gpio.o(.text)
    GPIO_Write                               0x08002b85   Thumb Code     4  stm32f10x_gpio.o(.text)
    GPIO_PinLockConfig                       0x08002b89   Thumb Code    18  stm32f10x_gpio.o(.text)
    GPIO_EventOutputConfig                   0x08002b9b   Thumb Code    26  stm32f10x_gpio.o(.text)
    GPIO_EventOutputCmd                      0x08002bb5   Thumb Code     6  stm32f10x_gpio.o(.text)
    GPIO_PinRemapConfig                      0x08002bbb   Thumb Code   138  stm32f10x_gpio.o(.text)
    GPIO_EXTILineConfig                      0x08002c45   Thumb Code    66  stm32f10x_gpio.o(.text)
    GPIO_ETH_MediaInterfaceConfig            0x08002c87   Thumb Code     8  stm32f10x_gpio.o(.text)
    RCC_DeInit                               0x08002cb5   Thumb Code    64  stm32f10x_rcc.o(.text)
    RCC_HSEConfig                            0x08002cf5   Thumb Code    70  stm32f10x_rcc.o(.text)
    RCC_GetFlagStatus                        0x08002d3b   Thumb Code    56  stm32f10x_rcc.o(.text)
    RCC_WaitForHSEStartUp                    0x08002d73   Thumb Code    56  stm32f10x_rcc.o(.text)
    RCC_AdjustHSICalibrationValue            0x08002dab   Thumb Code    20  stm32f10x_rcc.o(.text)
    RCC_HSICmd                               0x08002dbf   Thumb Code     6  stm32f10x_rcc.o(.text)
    RCC_PLLConfig                            0x08002dc5   Thumb Code    24  stm32f10x_rcc.o(.text)
    RCC_PLLCmd                               0x08002ddd   Thumb Code     6  stm32f10x_rcc.o(.text)
    RCC_SYSCLKConfig                         0x08002de3   Thumb Code    18  stm32f10x_rcc.o(.text)
    RCC_GetSYSCLKSource                      0x08002df5   Thumb Code    10  stm32f10x_rcc.o(.text)
    RCC_HCLKConfig                           0x08002dff   Thumb Code    18  stm32f10x_rcc.o(.text)
    RCC_PCLK1Config                          0x08002e11   Thumb Code    18  stm32f10x_rcc.o(.text)
    RCC_PCLK2Config                          0x08002e23   Thumb Code    20  stm32f10x_rcc.o(.text)
    RCC_ITConfig                             0x08002e37   Thumb Code    26  stm32f10x_rcc.o(.text)
    RCC_USBCLKConfig                         0x08002e51   Thumb Code     8  stm32f10x_rcc.o(.text)
    RCC_ADCCLKConfig                         0x08002e59   Thumb Code    18  stm32f10x_rcc.o(.text)
    RCC_LSEConfig                            0x08002e6b   Thumb Code    50  stm32f10x_rcc.o(.text)
    RCC_LSICmd                               0x08002e9d   Thumb Code     6  stm32f10x_rcc.o(.text)
    RCC_RTCCLKConfig                         0x08002ea3   Thumb Code    12  stm32f10x_rcc.o(.text)
    RCC_RTCCLKCmd                            0x08002eaf   Thumb Code     8  stm32f10x_rcc.o(.text)
    RCC_GetClocksFreq                        0x08002eb7   Thumb Code   192  stm32f10x_rcc.o(.text)
    RCC_AHBPeriphClockCmd                    0x08002f77   Thumb Code    26  stm32f10x_rcc.o(.text)
    RCC_APB2PeriphClockCmd                   0x08002f91   Thumb Code    26  stm32f10x_rcc.o(.text)
    RCC_APB1PeriphClockCmd                   0x08002fab   Thumb Code    26  stm32f10x_rcc.o(.text)
    RCC_APB2PeriphResetCmd                   0x08002fc5   Thumb Code    26  stm32f10x_rcc.o(.text)
    RCC_APB1PeriphResetCmd                   0x08002fdf   Thumb Code    26  stm32f10x_rcc.o(.text)
    RCC_BackupResetCmd                       0x08002ff9   Thumb Code     8  stm32f10x_rcc.o(.text)
    RCC_ClockSecuritySystemCmd               0x08003001   Thumb Code     6  stm32f10x_rcc.o(.text)
    RCC_MCOConfig                            0x08003007   Thumb Code     6  stm32f10x_rcc.o(.text)
    RCC_ClearFlag                            0x0800300d   Thumb Code    14  stm32f10x_rcc.o(.text)
    RCC_GetITStatus                          0x0800301b   Thumb Code    20  stm32f10x_rcc.o(.text)
    RCC_ClearITPendingBit                    0x0800302f   Thumb Code     6  stm32f10x_rcc.o(.text)
    USART_DeInit                             0x08003059   Thumb Code   134  stm32f10x_usart.o(.text)
    USART_Init                               0x080030df   Thumb Code   210  stm32f10x_usart.o(.text)
    USART_StructInit                         0x080031b1   Thumb Code    24  stm32f10x_usart.o(.text)
    USART_ClockInit                          0x080031c9   Thumb Code    34  stm32f10x_usart.o(.text)
    USART_ClockStructInit                    0x080031eb   Thumb Code    12  stm32f10x_usart.o(.text)
    USART_Cmd                                0x080031f7   Thumb Code    24  stm32f10x_usart.o(.text)
    USART_ITConfig                           0x0800320f   Thumb Code    74  stm32f10x_usart.o(.text)
    USART_DMACmd                             0x08003259   Thumb Code    18  stm32f10x_usart.o(.text)
    USART_SetAddress                         0x0800326b   Thumb Code    18  stm32f10x_usart.o(.text)
    USART_WakeUpConfig                       0x0800327d   Thumb Code    18  stm32f10x_usart.o(.text)
    USART_ReceiverWakeUpCmd                  0x0800328f   Thumb Code    24  stm32f10x_usart.o(.text)
    USART_LINBreakDetectLengthConfig         0x080032a7   Thumb Code    18  stm32f10x_usart.o(.text)
    USART_LINCmd                             0x080032b9   Thumb Code    24  stm32f10x_usart.o(.text)
    USART_SendData                           0x080032d1   Thumb Code     8  stm32f10x_usart.o(.text)
    USART_ReceiveData                        0x080032d9   Thumb Code    10  stm32f10x_usart.o(.text)
    USART_SendBreak                          0x080032e3   Thumb Code    10  stm32f10x_usart.o(.text)
    USART_SetGuardTime                       0x080032ed   Thumb Code    16  stm32f10x_usart.o(.text)
    USART_SetPrescaler                       0x080032fd   Thumb Code    16  stm32f10x_usart.o(.text)
    USART_SmartCardCmd                       0x0800330d   Thumb Code    24  stm32f10x_usart.o(.text)
    USART_SmartCardNACKCmd                   0x08003325   Thumb Code    24  stm32f10x_usart.o(.text)
    USART_HalfDuplexCmd                      0x0800333d   Thumb Code    24  stm32f10x_usart.o(.text)
    USART_OverSampling8Cmd                   0x08003355   Thumb Code    22  stm32f10x_usart.o(.text)
    USART_OneBitMethodCmd                    0x0800336b   Thumb Code    24  stm32f10x_usart.o(.text)
    USART_IrDAConfig                         0x08003383   Thumb Code    18  stm32f10x_usart.o(.text)
    USART_IrDACmd                            0x08003395   Thumb Code    24  stm32f10x_usart.o(.text)
    USART_GetFlagStatus                      0x080033ad   Thumb Code    26  stm32f10x_usart.o(.text)
    USART_ClearFlag                          0x080033c7   Thumb Code    18  stm32f10x_usart.o(.text)
    USART_GetITStatus                        0x080033d9   Thumb Code    84  stm32f10x_usart.o(.text)
    USART_ClearITPendingBit                  0x0800342d   Thumb Code    52  stm32f10x_usart.o(.text)
    TIM_DeInit                               0x08003461   Thumb Code   424  stm32f10x_tim.o(.text)
    TIM_TimeBaseInit                         0x08003609   Thumb Code   122  stm32f10x_tim.o(.text)
    TIM_OC1Init                              0x08003683   Thumb Code   132  stm32f10x_tim.o(.text)
    TIM_OC2Init                              0x08003707   Thumb Code   154  stm32f10x_tim.o(.text)
    TIM_OC3Init                              0x080037a1   Thumb Code   150  stm32f10x_tim.o(.text)
    TIM_OC4Init                              0x08003837   Thumb Code   182  stm32f10x_tim.o(.text)
    TIM_SetIC4Prescaler                      0x080038ed   Thumb Code    26  stm32f10x_tim.o(.text)
    TIM_SetIC3Prescaler                      0x08003989   Thumb Code    18  stm32f10x_tim.o(.text)
    TIM_SetIC2Prescaler                      0x08003a15   Thumb Code    26  stm32f10x_tim.o(.text)
    TIM_SetIC1Prescaler                      0x08003ab1   Thumb Code    18  stm32f10x_tim.o(.text)
    TIM_ICInit                               0x08003b2f   Thumb Code   150  stm32f10x_tim.o(.text)
    TIM_PWMIConfig                           0x08003bc5   Thumb Code   124  stm32f10x_tim.o(.text)
    TIM_BDTRConfig                           0x08003c41   Thumb Code    32  stm32f10x_tim.o(.text)
    TIM_TimeBaseStructInit                   0x08003c61   Thumb Code    18  stm32f10x_tim.o(.text)
    TIM_OCStructInit                         0x08003c73   Thumb Code    20  stm32f10x_tim.o(.text)
    TIM_ICStructInit                         0x08003c87   Thumb Code    18  stm32f10x_tim.o(.text)
    TIM_BDTRStructInit                       0x08003c99   Thumb Code    40  stm32f10x_tim.o(.text)
    TIM_Cmd                                  0x08003cc1   Thumb Code    24  stm32f10x_tim.o(.text)
    TIM_CtrlPWMOutputs                       0x08003cd9   Thumb Code    30  stm32f10x_tim.o(.text)
    TIM_ITConfig                             0x08003cf7   Thumb Code    18  stm32f10x_tim.o(.text)
    TIM_GenerateEvent                        0x08003d09   Thumb Code     4  stm32f10x_tim.o(.text)
    TIM_DMAConfig                            0x08003d0d   Thumb Code    10  stm32f10x_tim.o(.text)
    TIM_DMACmd                               0x08003d17   Thumb Code    18  stm32f10x_tim.o(.text)
    TIM_InternalClockConfig                  0x08003d29   Thumb Code    12  stm32f10x_tim.o(.text)
    TIM_SelectInputTrigger                   0x08003d35   Thumb Code    18  stm32f10x_tim.o(.text)
    TIM_ITRxExternalClockConfig              0x08003d47   Thumb Code    24  stm32f10x_tim.o(.text)
    TIM_TIxExternalClockConfig               0x08003d5f   Thumb Code    62  stm32f10x_tim.o(.text)
    TIM_ETRConfig                            0x08003d9d   Thumb Code    28  stm32f10x_tim.o(.text)
    TIM_ETRClockMode1Config                  0x08003db9   Thumb Code    54  stm32f10x_tim.o(.text)
    TIM_ETRClockMode2Config                  0x08003def   Thumb Code    32  stm32f10x_tim.o(.text)
    TIM_PrescalerConfig                      0x08003e0f   Thumb Code     6  stm32f10x_tim.o(.text)
    TIM_CounterModeConfig                    0x08003e15   Thumb Code    18  stm32f10x_tim.o(.text)
    TIM_EncoderInterfaceConfig               0x08003e27   Thumb Code    66  stm32f10x_tim.o(.text)
    TIM_ForcedOC1Config                      0x08003e69   Thumb Code    18  stm32f10x_tim.o(.text)
    TIM_ForcedOC2Config                      0x08003e7b   Thumb Code    26  stm32f10x_tim.o(.text)
    TIM_ForcedOC3Config                      0x08003e95   Thumb Code    18  stm32f10x_tim.o(.text)
    TIM_ForcedOC4Config                      0x08003ea7   Thumb Code    26  stm32f10x_tim.o(.text)
    TIM_ARRPreloadConfig                     0x08003ec1   Thumb Code    24  stm32f10x_tim.o(.text)
    TIM_SelectCOM                            0x08003ed9   Thumb Code    24  stm32f10x_tim.o(.text)
    TIM_SelectCCDMA                          0x08003ef1   Thumb Code    24  stm32f10x_tim.o(.text)
    TIM_CCPreloadControl                     0x08003f09   Thumb Code    24  stm32f10x_tim.o(.text)
    TIM_OC1PreloadConfig                     0x08003f21   Thumb Code    18  stm32f10x_tim.o(.text)
    TIM_OC2PreloadConfig                     0x08003f33   Thumb Code    26  stm32f10x_tim.o(.text)
    TIM_OC3PreloadConfig                     0x08003f4d   Thumb Code    18  stm32f10x_tim.o(.text)
    TIM_OC4PreloadConfig                     0x08003f5f   Thumb Code    26  stm32f10x_tim.o(.text)
    TIM_OC1FastConfig                        0x08003f79   Thumb Code    18  stm32f10x_tim.o(.text)
    TIM_OC2FastConfig                        0x08003f8b   Thumb Code    26  stm32f10x_tim.o(.text)
    TIM_OC3FastConfig                        0x08003fa5   Thumb Code    18  stm32f10x_tim.o(.text)
    TIM_OC4FastConfig                        0x08003fb7   Thumb Code    26  stm32f10x_tim.o(.text)
    TIM_ClearOC1Ref                          0x08003fd1   Thumb Code    18  stm32f10x_tim.o(.text)
    TIM_ClearOC2Ref                          0x08003fe3   Thumb Code    24  stm32f10x_tim.o(.text)
    TIM_ClearOC3Ref                          0x08003ffb   Thumb Code    18  stm32f10x_tim.o(.text)
    TIM_ClearOC4Ref                          0x0800400d   Thumb Code    24  stm32f10x_tim.o(.text)
    TIM_OC1PolarityConfig                    0x08004025   Thumb Code    18  stm32f10x_tim.o(.text)
    TIM_OC1NPolarityConfig                   0x08004037   Thumb Code    18  stm32f10x_tim.o(.text)
    TIM_OC2PolarityConfig                    0x08004049   Thumb Code    26  stm32f10x_tim.o(.text)
    TIM_OC2NPolarityConfig                   0x08004063   Thumb Code    26  stm32f10x_tim.o(.text)
    TIM_OC3PolarityConfig                    0x0800407d   Thumb Code    26  stm32f10x_tim.o(.text)
    TIM_OC3NPolarityConfig                   0x08004097   Thumb Code    26  stm32f10x_tim.o(.text)
    TIM_OC4PolarityConfig                    0x080040b1   Thumb Code    26  stm32f10x_tim.o(.text)
    TIM_CCxCmd                               0x080040cb   Thumb Code    30  stm32f10x_tim.o(.text)
    TIM_CCxNCmd                              0x080040e9   Thumb Code    30  stm32f10x_tim.o(.text)
    TIM_SelectOCxM                           0x08004107   Thumb Code    82  stm32f10x_tim.o(.text)
    TIM_UpdateDisableConfig                  0x08004159   Thumb Code    24  stm32f10x_tim.o(.text)
    TIM_UpdateRequestConfig                  0x08004171   Thumb Code    24  stm32f10x_tim.o(.text)
    TIM_SelectHallSensor                     0x08004189   Thumb Code    24  stm32f10x_tim.o(.text)
    TIM_SelectOnePulseMode                   0x080041a1   Thumb Code    18  stm32f10x_tim.o(.text)
    TIM_SelectOutputTrigger                  0x080041b3   Thumb Code    18  stm32f10x_tim.o(.text)
    TIM_SelectSlaveMode                      0x080041c5   Thumb Code    18  stm32f10x_tim.o(.text)
    TIM_SelectMasterSlaveMode                0x080041d7   Thumb Code    18  stm32f10x_tim.o(.text)
    TIM_SetCounter                           0x080041e9   Thumb Code     4  stm32f10x_tim.o(.text)
    TIM_SetAutoreload                        0x080041ed   Thumb Code     4  stm32f10x_tim.o(.text)
    TIM_SetCompare1                          0x080041f1   Thumb Code     4  stm32f10x_tim.o(.text)
    TIM_SetCompare2                          0x080041f5   Thumb Code     4  stm32f10x_tim.o(.text)
    TIM_SetCompare3                          0x080041f9   Thumb Code     4  stm32f10x_tim.o(.text)
    TIM_SetCompare4                          0x080041fd   Thumb Code     6  stm32f10x_tim.o(.text)
    TIM_SetClockDivision                     0x08004203   Thumb Code    18  stm32f10x_tim.o(.text)
    TIM_GetCapture1                          0x08004215   Thumb Code     6  stm32f10x_tim.o(.text)
    TIM_GetCapture2                          0x0800421b   Thumb Code     6  stm32f10x_tim.o(.text)
    TIM_GetCapture3                          0x08004221   Thumb Code     6  stm32f10x_tim.o(.text)
    TIM_GetCapture4                          0x08004227   Thumb Code     8  stm32f10x_tim.o(.text)
    TIM_GetCounter                           0x0800422f   Thumb Code     6  stm32f10x_tim.o(.text)
    TIM_GetPrescaler                         0x08004235   Thumb Code     6  stm32f10x_tim.o(.text)
    TIM_GetFlagStatus                        0x0800423b   Thumb Code    18  stm32f10x_tim.o(.text)
    TIM_ClearFlag                            0x0800424d   Thumb Code     6  stm32f10x_tim.o(.text)
    TIM_GetITStatus                          0x08004253   Thumb Code    34  stm32f10x_tim.o(.text)
    TIM_ClearITPendingBit                    0x08004275   Thumb Code     6  stm32f10x_tim.o(.text)
    ADC_DeInit                               0x0800427d   Thumb Code    78  stm32f10x_adc.o(.text)
    ADC_Init                                 0x080042cb   Thumb Code    70  stm32f10x_adc.o(.text)
    ADC_StructInit                           0x08004311   Thumb Code    18  stm32f10x_adc.o(.text)
    ADC_Cmd                                  0x08004323   Thumb Code    22  stm32f10x_adc.o(.text)
    ADC_DMACmd                               0x08004339   Thumb Code    22  stm32f10x_adc.o(.text)
    ADC_ITConfig                             0x0800434f   Thumb Code    24  stm32f10x_adc.o(.text)
    ADC_ResetCalibration                     0x08004367   Thumb Code    10  stm32f10x_adc.o(.text)
    ADC_GetResetCalibrationStatus            0x08004371   Thumb Code    20  stm32f10x_adc.o(.text)
    ADC_StartCalibration                     0x08004385   Thumb Code    10  stm32f10x_adc.o(.text)
    ADC_GetCalibrationStatus                 0x0800438f   Thumb Code    20  stm32f10x_adc.o(.text)
    ADC_SoftwareStartConvCmd                 0x080043a3   Thumb Code    22  stm32f10x_adc.o(.text)
    ADC_GetSoftwareStartConvStatus           0x080043b9   Thumb Code    20  stm32f10x_adc.o(.text)
    ADC_DiscModeChannelCountConfig           0x080043cd   Thumb Code    24  stm32f10x_adc.o(.text)
    ADC_DiscModeCmd                          0x080043e5   Thumb Code    22  stm32f10x_adc.o(.text)
    ADC_RegularChannelConfig                 0x080043fb   Thumb Code   184  stm32f10x_adc.o(.text)
    ADC_ExternalTrigConvCmd                  0x080044b3   Thumb Code    22  stm32f10x_adc.o(.text)
    ADC_GetConversionValue                   0x080044c9   Thumb Code     8  stm32f10x_adc.o(.text)
    ADC_GetDualModeConversionValue           0x080044d1   Thumb Code     8  stm32f10x_adc.o(.text)
    ADC_AutoInjectedConvCmd                  0x080044d9   Thumb Code    22  stm32f10x_adc.o(.text)
    ADC_InjectedDiscModeCmd                  0x080044ef   Thumb Code    22  stm32f10x_adc.o(.text)
    ADC_ExternalTrigInjectedConvConfig       0x08004505   Thumb Code    16  stm32f10x_adc.o(.text)
    ADC_ExternalTrigInjectedConvCmd          0x08004515   Thumb Code    22  stm32f10x_adc.o(.text)
    ADC_SoftwareStartInjectedConvCmd         0x0800452b   Thumb Code    22  stm32f10x_adc.o(.text)
    ADC_GetSoftwareStartInjectedConvCmdStatus 0x08004541   Thumb Code    20  stm32f10x_adc.o(.text)
    ADC_InjectedChannelConfig                0x08004555   Thumb Code   130  stm32f10x_adc.o(.text)
    ADC_InjectedSequencerLengthConfig        0x080045d7   Thumb Code    24  stm32f10x_adc.o(.text)
    ADC_SetInjectedOffset                    0x080045ef   Thumb Code    20  stm32f10x_adc.o(.text)
    ADC_GetInjectedConversionValue           0x08004603   Thumb Code    28  stm32f10x_adc.o(.text)
    ADC_AnalogWatchdogCmd                    0x0800461f   Thumb Code    16  stm32f10x_adc.o(.text)
    ADC_AnalogWatchdogThresholdsConfig       0x0800462f   Thumb Code     6  stm32f10x_adc.o(.text)
    ADC_AnalogWatchdogSingleChannelConfig    0x08004635   Thumb Code    16  stm32f10x_adc.o(.text)
    ADC_TempSensorVrefintCmd                 0x08004645   Thumb Code    64  stm32f10x_adc.o(.text)
    ADC_GetFlagStatus                        0x08004685   Thumb Code    18  stm32f10x_adc.o(.text)
    ADC_ClearFlag                            0x08004697   Thumb Code     6  stm32f10x_adc.o(.text)
    ADC_GetITStatus                          0x0800469d   Thumb Code    36  stm32f10x_adc.o(.text)
    ADC_ClearITPendingBit                    0x080046c1   Thumb Code    10  stm32f10x_adc.o(.text)
    RTC_ITConfig                             0x080046cd   Thumb Code    26  stm32f10x_rtc.o(.text)
    RTC_EnterConfigMode                      0x080046e7   Thumb Code    18  stm32f10x_rtc.o(.text)
    RTC_ExitConfigMode                       0x080046f9   Thumb Code    20  stm32f10x_rtc.o(.text)
    RTC_GetCounter                           0x0800470d   Thumb Code    18  stm32f10x_rtc.o(.text)
    RTC_SetCounter                           0x0800471f   Thumb Code    26  stm32f10x_rtc.o(.text)
    RTC_SetPrescaler                         0x08004739   Thumb Code    28  stm32f10x_rtc.o(.text)
    RTC_SetAlarm                             0x08004755   Thumb Code    26  stm32f10x_rtc.o(.text)
    RTC_GetDivider                           0x0800476f   Thumb Code    22  stm32f10x_rtc.o(.text)
    RTC_WaitForLastTask                      0x08004785   Thumb Code    18  stm32f10x_rtc.o(.text)
    RTC_WaitForSynchro                       0x08004797   Thumb Code    36  stm32f10x_rtc.o(.text)
    RTC_GetFlagStatus                        0x080047bb   Thumb Code    22  stm32f10x_rtc.o(.text)
    RTC_ClearFlag                            0x080047d1   Thumb Code    16  stm32f10x_rtc.o(.text)
    RTC_GetITStatus                          0x080047e1   Thumb Code    32  stm32f10x_rtc.o(.text)
    RTC_ClearITPendingBit                    0x08004801   Thumb Code    16  stm32f10x_rtc.o(.text)
    BKP_DeInit                               0x08004815   Thumb Code    16  stm32f10x_bkp.o(.text)
    BKP_TamperPinLevelConfig                 0x08004825   Thumb Code     6  stm32f10x_bkp.o(.text)
    BKP_TamperPinCmd                         0x0800482b   Thumb Code     8  stm32f10x_bkp.o(.text)
    BKP_ITConfig                             0x08004833   Thumb Code     8  stm32f10x_bkp.o(.text)
    BKP_RTCOutputConfig                      0x0800483b   Thumb Code    22  stm32f10x_bkp.o(.text)
    BKP_SetRTCCalibrationValue               0x08004851   Thumb Code    22  stm32f10x_bkp.o(.text)
    BKP_WriteBackupRegister                  0x08004867   Thumb Code    24  stm32f10x_bkp.o(.text)
    BKP_ReadBackupRegister                   0x0800487f   Thumb Code    26  stm32f10x_bkp.o(.text)
    BKP_GetFlagStatus                        0x08004899   Thumb Code    10  stm32f10x_bkp.o(.text)
    BKP_ClearFlag                            0x080048a3   Thumb Code    18  stm32f10x_bkp.o(.text)
    BKP_GetITStatus                          0x080048b5   Thumb Code    10  stm32f10x_bkp.o(.text)
    BKP_ClearITPendingBit                    0x080048bf   Thumb Code    18  stm32f10x_bkp.o(.text)
    PWR_DeInit                               0x080048d9   Thumb Code    22  stm32f10x_pwr.o(.text)
    PWR_BackupAccessCmd                      0x080048ef   Thumb Code     6  stm32f10x_pwr.o(.text)
    PWR_PVDCmd                               0x080048f5   Thumb Code     6  stm32f10x_pwr.o(.text)
    PWR_PVDLevelConfig                       0x080048fb   Thumb Code    18  stm32f10x_pwr.o(.text)
    PWR_WakeUpPinCmd                         0x0800490d   Thumb Code     8  stm32f10x_pwr.o(.text)
    PWR_EnterSTOPMode                        0x08004915   Thumb Code    54  stm32f10x_pwr.o(.text)
    PWR_EnterSTANDBYMode                     0x0800494b   Thumb Code    42  stm32f10x_pwr.o(.text)
    PWR_GetFlagStatus                        0x08004975   Thumb Code    20  stm32f10x_pwr.o(.text)
    PWR_ClearFlag                            0x08004989   Thumb Code    14  stm32f10x_pwr.o(.text)
    __2printf                                0x080049a5   Thumb Code    20  noretval__2printf.o(.text)
    __2snprintf                              0x080049bd   Thumb Code    48  noretval__2snprintf.o(.text)
    _printf_str                              0x080049f1   Thumb Code    82  _printf_str.o(.text)
    _printf_int_dec                          0x08004a45   Thumb Code   104  _printf_dec.o(.text)
    __printf                                 0x08004abd   Thumb Code   308  __printf_flags_wp.o(.text)
    __0scanf                                 0x08004bf5   Thumb Code    26  __0scanf.o(.text)
    _scanf_int                               0x08004c15   Thumb Code   332  _scanf_int.o(.text)
    __aeabi_memcpy4                          0x08004d61   Thumb Code     0  rt_memcpy_w.o(.text)
    __aeabi_memcpy8                          0x08004d61   Thumb Code     0  rt_memcpy_w.o(.text)
    __rt_memcpy_w                            0x08004d61   Thumb Code   100  rt_memcpy_w.o(.text)
    _memcpy_lastbytes_aligned                0x08004da9   Thumb Code     0  rt_memcpy_w.o(.text)
    __use_two_region_memory                  0x08004dc5   Thumb Code     2  heapauxi.o(.text)
    __rt_heap_escrow                         0x08004dc7   Thumb Code     2  heapauxi.o(.text)
    __rt_heap_expand                         0x08004dc9   Thumb Code     2  heapauxi.o(.text)
    _printf_int_common                       0x08004dcb   Thumb Code   178  _printf_intcommon.o(.text)
    __lib_sel_fp_printf                      0x08004e7d   Thumb Code     2  _printf_fp_dec.o(.text)
    _printf_fp_dec_real                      0x0800502f   Thumb Code   620  _printf_fp_dec.o(.text)
    _printf_char_common                      0x080052a7   Thumb Code    32  _printf_char_common.o(.text)
    _sputc                                   0x080052cd   Thumb Code    10  _sputc.o(.text)
    _snputc                                  0x080052d7   Thumb Code    16  _snputc.o(.text)
    _printf_cs_common                        0x080052e7   Thumb Code    20  _printf_char.o(.text)
    _printf_char                             0x080052fb   Thumb Code    16  _printf_char.o(.text)
    _printf_string                           0x0800530b   Thumb Code     8  _printf_char.o(.text)
    _printf_char_file                        0x08005315   Thumb Code    32  _printf_char_file.o(.text)
    _chval                                   0x08005339   Thumb Code    28  _chval.o(.text)
    __vfscanf_char_file                      0x08005355   Thumb Code    16  scanf_char_file.o(.text)
    __rt_locale                              0x0800536d   Thumb Code     8  rt_locale_intlibspace.o(.text)
    _ll_udiv10                               0x08005375   Thumb Code   138  lludiv10.o(.text)
    _printf_fp_infnan                        0x08005401   Thumb Code   112  _printf_fp_infnan.o(.text)
    __vfscanf_char                           0x0800548d   Thumb Code    24  scanf_char.o(.text)
    _btod_etento                             0x080054ad   Thumb Code   224  bigflt0.o(.text)
    ___backspace$unlocked                    0x08005591   Thumb Code     2  backspace.o(.text)
    __backspace                              0x08005593   Thumb Code    70  backspace.o(.text)
    ferror                                   0x080055d9   Thumb Code     8  ferror.o(.text)
    _initio                                  0x080055e1   Thumb Code   210  initio.o(.text)
    _terminateio                             0x080056b3   Thumb Code    56  initio.o(.text)
    _sys_open                                0x08005719   Thumb Code    20  sys_io.o(.text)
    _sys_close                               0x0800572d   Thumb Code    12  sys_io.o(.text)
    _sys_write                               0x08005739   Thumb Code    16  sys_io.o(.text)
    _sys_read                                0x08005749   Thumb Code    14  sys_io.o(.text)
    _sys_istty                               0x08005757   Thumb Code    12  sys_io.o(.text)
    _sys_seek                                0x08005763   Thumb Code    14  sys_io.o(.text)
    _sys_ensure                              0x08005771   Thumb Code     2  sys_io.o(.text)
    _sys_flen                                0x08005773   Thumb Code    12  sys_io.o(.text)
    __user_libspace                          0x08005781   Thumb Code     8  libspace.o(.text)
    __user_perproc_libspace                  0x08005781   Thumb Code     0  libspace.o(.text)
    __user_perthread_libspace                0x08005781   Thumb Code     0  libspace.o(.text)
    __user_setup_stackheap                   0x08005789   Thumb Code    74  sys_stackheap_outer.o(.text)
    free                                     0x080057d3   Thumb Code    78  h1_free.o(.text)
    isspace                                  0x08005821   Thumb Code    18  isspace.o(.text)
    __vfscanf                                0x08005835   Thumb Code   880  _scanf.o(.text)
    setvbuf                                  0x08005ba9   Thumb Code    70  setvbuf.o(.text)
    _ungetc_internal                         0x08005bf1   Thumb Code    60  ungetc.o(.text)
    ungetc                                   0x08005bf1   Thumb Code     0  ungetc.o(.text)
    freopen                                  0x08005c39   Thumb Code   158  fopen.o(.text)
    fopen                                    0x08005cd7   Thumb Code    74  fopen.o(.text)
    _fclose_internal                         0x08005d25   Thumb Code    76  fclose.o(.text)
    fclose                                   0x08005d25   Thumb Code     0  fclose.o(.text)
    exit                                     0x08005d71   Thumb Code    18  exit.o(.text)
    __rt_SIGRTRED                            0x08005d83   Thumb Code    14  defsig_rtred_outer.o(.text)
    __aeabi_memclr4                          0x08005d91   Thumb Code     0  rt_memclr_w.o(.text)
    __aeabi_memclr8                          0x08005d91   Thumb Code     0  rt_memclr_w.o(.text)
    __rt_memclr_w                            0x08005d91   Thumb Code    78  rt_memclr_w.o(.text)
    _memset_w                                0x08005d95   Thumb Code     0  rt_memclr_w.o(.text)
    strcmp                                   0x08005de1   Thumb Code   128  strcmpv7m.o(.text)
    __I$use$semihosting                      0x08005e61   Thumb Code     0  use_no_semi.o(.text)
    __use_no_semihosting_swi                 0x08005e61   Thumb Code     2  use_no_semi.o(.text)
    __semihosting_library_function           0x08005e63   Thumb Code     0  indicate_semi.o(.text)
    __rt_ctype_table                         0x08005e65   Thumb Code    16  rt_ctype_table.o(.text)
    __rt_heap_descriptor                     0x08005e75   Thumb Code     8  rt_heap_descriptor_intlibspace.o(.text)
    __use_no_heap                            0x08005e7d   Thumb Code     2  hguard.o(.text)
    __heap$guard                             0x08005e7f   Thumb Code     2  hguard.o(.text)
    _terminate_user_alloc                    0x08005e81   Thumb Code     2  init_alloc.o(.text)
    _init_user_alloc                         0x08005e83   Thumb Code     2  init_alloc.o(.text)
    __Heap_Full                              0x08005e85   Thumb Code    34  init_alloc.o(.text)
    __Heap_Broken                            0x08005ea7   Thumb Code     6  init_alloc.o(.text)
    _init_alloc                              0x08005ead   Thumb Code    94  init_alloc.o(.text)
    malloc                                   0x08005f0b   Thumb Code    94  h1_alloc.o(.text)
    _fseek                                   0x08005f69   Thumb Code   242  fseek.o(.text)
    fseek                                    0x08005f69   Thumb Code     0  fseek.o(.text)
    _seterr                                  0x08006061   Thumb Code    20  stdio.o(.text)
    _writebuf                                0x08006075   Thumb Code    84  stdio.o(.text)
    _fflush                                  0x080060c9   Thumb Code    70  stdio.o(.text)
    _deferredlazyseek                        0x0800610f   Thumb Code    60  stdio.o(.text)
    __sig_exit                               0x08006151   Thumb Code    10  defsig_exit.o(.text)
    __rt_SIGRTRED_inner                      0x0800615d   Thumb Code    14  defsig_rtred_inner.o(.text)
    strlen                                   0x08006191   Thumb Code    62  strlen.o(.text)
    _sys_exit                                0x080061d1   Thumb Code     8  sys_exit.o(.text)
    __Heap_Initialize                        0x080061dd   Thumb Code    10  h1_init.o(.text)
    __Heap_DescSize                          0x080061e7   Thumb Code     4  h1_init.o(.text)
    __Heap_ProvideMemory                     0x080061eb   Thumb Code    52  h1_extend.o(.text)
    _ftell_internal                          0x0800621f   Thumb Code    66  ftell.o(.text)
    ftell                                    0x0800621f   Thumb Code     0  ftell.o(.text)
    __default_signal_display                 0x08006261   Thumb Code    50  defsig_general.o(.text)
    __rt_SIGRTMEM                            0x08006293   Thumb Code    14  defsig_rtmem_outer.o(.text)
    _ttywrch                                 0x080062a1   Thumb Code    14  sys_wrch.o(.text)
    __aeabi_errno_addr                       0x080062b1   Thumb Code     8  rt_errno_addr_intlibspace.o(.text)
    __errno$intlibspace                      0x080062b1   Thumb Code     0  rt_errno_addr_intlibspace.o(.text)
    __rt_errno_addr$intlibspace              0x080062b1   Thumb Code     0  rt_errno_addr_intlibspace.o(.text)
    __rt_SIGRTMEM_inner                      0x080062b9   Thumb Code    22  defsig_rtmem_inner.o(.text)
    _btod_d2e                                0x08006309   Thumb Code    62  btod.o(CL$$btod_d2e)
    _d2e_denorm_low                          0x08006347   Thumb Code    70  btod.o(CL$$btod_d2e_denorm_low)
    _d2e_norm_op1                            0x0800638d   Thumb Code    96  btod.o(CL$$btod_d2e_norm_op1)
    __btod_div_common                        0x080063ed   Thumb Code   696  btod.o(CL$$btod_div_common)
    _e2e                                     0x08006725   Thumb Code   220  btod.o(CL$$btod_e2e)
    _btod_ediv                               0x08006801   Thumb Code    42  btod.o(CL$$btod_ediv)
    _btod_emul                               0x0800682b   Thumb Code    42  btod.o(CL$$btod_emul)
    __btod_mult_common                       0x08006855   Thumb Code   580  btod.o(CL$$btod_mult_common)
    __ARM_fpclassify                         0x08006a99   Thumb Code    40  fpclassify.o(i.__ARM_fpclassify)
    _is_digit                                0x08006ac1   Thumb Code    14  __printf_wp.o(i._is_digit)
    _get_lc_numeric                          0x08006ad1   Thumb Code    44  lc_numeric_c.o(locale$$code)
    _get_lc_ctype                            0x08006afd   Thumb Code    44  lc_ctype_c.o(locale$$code)
    __aeabi_d2f                              0x08006b29   Thumb Code     0  d2f.o(x$fpl$d2f)
    _d2f                                     0x08006b29   Thumb Code    98  d2f.o(x$fpl$d2f)
    __aeabi_dadd                             0x08006b8d   Thumb Code     0  daddsub_clz.o(x$fpl$dadd)
    _dadd                                    0x08006b8d   Thumb Code   332  daddsub_clz.o(x$fpl$dadd)
    __aeabi_ui2d                             0x08006cdd   Thumb Code     0  dflt_clz.o(x$fpl$dfltu)
    _dfltu                                   0x08006cdd   Thumb Code    38  dflt_clz.o(x$fpl$dfltu)
    __aeabi_dmul                             0x08006d05   Thumb Code     0  dmul.o(x$fpl$dmul)
    _dmul                                    0x08006d05   Thumb Code   332  dmul.o(x$fpl$dmul)
    __fpl_dnaninf                            0x08006e59   Thumb Code   156  dnaninf.o(x$fpl$dnaninf)
    __fpl_dretinf                            0x08006ef5   Thumb Code    12  dretinf.o(x$fpl$dretinf)
    __aeabi_dsub                             0x08006f01   Thumb Code     0  daddsub_clz.o(x$fpl$dsub)
    _dsub                                    0x08006f01   Thumb Code   464  daddsub_clz.o(x$fpl$dsub)
    __aeabi_f2d                              0x080070d5   Thumb Code     0  f2d.o(x$fpl$f2d)
    _f2d                                     0x080070d5   Thumb Code    86  f2d.o(x$fpl$f2d)
    __fpl_fnaninf                            0x0800712b   Thumb Code   140  fnaninf.o(x$fpl$fnaninf)
    __fpl_fretinf                            0x080071b7   Thumb Code    10  fretinf.o(x$fpl$fretinf)
    _printf_fp_dec                           0x080071c1   Thumb Code     4  printf1.o(x$fpl$printf1)
    F6x8                                     0x080071c4   Data         552  oled.o(.constdata)
    __I$use$fp                               0x080071c4   Number         0  usenofp.o(x$fpl$usenofp)
    F8X16                                    0x080073ec   Data        1520  oled.o(.constdata)
    u8NumTab                                 0x080079dc   Data          27  digital_led.o(.constdata)
    u8NumPoint                               0x080079f7   Data          11  digital_led.o(.constdata)
    u8TubeAddrTab                            0x08007a02   Data           4  digital_led.o(.constdata)
    __stdin_name                             0x08007ae0   Data           4  sys_io.o(.constdata)
    __stdout_name                            0x08007ae4   Data           4  sys_io.o(.constdata)
    __stderr_name                            0x08007ae8   Data           4  sys_io.o(.constdata)
    Region$$Table$$Base                      0x08007db8   Number         0  anon$$obj.o(Region$$Table)
    Region$$Table$$Limit                     0x08007dd8   Number         0  anon$$obj.o(Region$$Table)
    __ctype                                  0x08007e01   Data           0  lc_ctype_c.o(locale$$data)
    systmtime                                0x20000000   Data          28  main.o(.data)
    clocktime                                0x2000001c   Data          28  main.o(.data)
    gi1msCount                               0x20000038   Data           4  main.o(.data)
    gc10mscount                              0x2000003c   Data           1  main.o(.data)
    gc1sCount                                0x2000003d   Data           1  main.o(.data)
    gcPage                                   0x2000003e   Data           1  main.o(.data)
    t                                        0x2000003f   Data           1  main.o(.data)
    gc250mscount                             0x20000040   Data           1  main.o(.data)
    clock_timestamp                          0x20000044   Data           4  main.o(.data)
    current_timestamp                        0x20000048   Data           4  main.o(.data)
    gi1scount                                0x2000004c   Data           2  main.o(.data)
    humi                                     0x20000050   Data           4  main.o(.data)
    temp                                     0x20000054   Data           4  main.o(.data)
    DHT11_Data                               0x20000058   Data           5  main.o(.data)
    gc500msCount2                            0x2000005d   Data           1  main.o(.data)
    ADC_ConvertedValueSum                    0x2000005e   Data           2  stm32f10x_it.o(.data)
    Average_Value                            0x20000060   Data           2  stm32f10x_it.o(.data)
    gcADCCount                               0x20000062   Data           1  stm32f10x_it.o(.data)
    SystemCoreClock                          0x20000064   Data           4  system_stm32f10x.o(.data)
    AHBPrescTable                            0x20000068   Data          16  system_stm32f10x.o(.data)
    Hzk                                      0x20000078   Data         704  oled.o(.data)
    USART_RX_STA                             0x2000033c   Data           2  usart.o(.data)
    gcKeyState                               0x2000033e   Data           1  bsp_key.o(.data)
    gcKeyCount                               0x2000033f   Data           1  bsp_key.o(.data)
    gcKeyValue                               0x20000340   Data           1  bsp_key.o(.data)
    giKey1Count                              0x20000342   Data           2  bsp_key.o(.data)
    giKey2Count                              0x20000344   Data           2  bsp_key.o(.data)
    giKey1_2Count                            0x20000346   Data           2  bsp_key.o(.data)
    Disp_hour                                0x20000348   Data           1  bsp_key.o(.data)
    Disp_minute                              0x20000349   Data           1  bsp_key.o(.data)
    Key1_3sCount                             0x2000034a   Data           1  bsp_key.o(.data)
    gcKeyLock1                               0x2000034b   Data           1  bsp_key.o(.data)
    gcKeyLock2                               0x2000034c   Data           1  bsp_key.o(.data)
    gcKeyLock1_2                             0x2000034d   Data           1  bsp_key.o(.data)
    gcKeyLock1_3s                            0x2000034e   Data           1  bsp_key.o(.data)
    gcKeyLock2_3s                            0x2000034f   Data           1  bsp_key.o(.data)
    gcKeyCount2                              0x20000350   Data           1  bsp_key.o(.data)
    BMP1                                     0x20000358   Data        1024  display.o(.data)
    IRdatas                                  0x20000758   Data           1  bsp_generaltim.o(.data)
    IRval                                    0x20000759   Data           1  bsp_generaltim.o(.data)
    RmtCnt                                   0x2000075a   Data           1  bsp_generaltim.o(.data)
    Remote                                   0x2000075b   Data           1  bsp_generaltim.o(.data)
    ADC_ConvertedValue                       0x2000075c   Data           2  light_sensor.o(.data)
    TimeDisplay                              0x20000760   Data           4  bsp_rtc.o(.data)
    TimeAlarm                                0x20000764   Data           4  bsp_rtc.o(.data)
    WEEK_STR                                 0x20000768   Data          28  bsp_rtc.o(.data)
    zodiac_sign                              0x20000784   Data          48  bsp_rtc.o(.data)
    en_WEEK_STR                              0x200007b4   Data          28  bsp_rtc.o(.data)
    en_zodiac_sign                           0x200007d0   Data          48  bsp_rtc.o(.data)
    __aeabi_stdin                            0x20000844   Data           4  stdio_streams.o(.data)
    __aeabi_stdout                           0x20000848   Data           4  stdio_streams.o(.data)
    __aeabi_stderr                           0x2000084c   Data           4  stdio_streams.o(.data)
    MyFlag                                   0x20000850   Data          12  main.o(.bss)
    cStr                                     0x2000085c   Data         100  main.o(.bss)
    Humi                                     0x200008c0   Data          10  main.o(.bss)
    Temp                                     0x200008ca   Data          10  main.o(.bss)
    USART_RX_BUF                             0x200008d4   Data         200  usart.o(.bss)
    TIM_ICUserValueStructure                 0x2000099c   Data          10  bsp_generaltim.o(.bss)
    TIM_Values                               0x200009a6   Data          10  bsp_generaltim.o(.bss)
    __stdin                                  0x200009b0   Data          84  stdio_streams.o(.bss)
    __stdout                                 0x20000a04   Data          84  stdio_streams.o(.bss)
    __stderr                                 0x20000a58   Data          84  stdio_streams.o(.bss)
    __libspace_start                         0x20000aac   Data          96  libspace.o(.bss)
    __temporary_stack_top$libspace           0x20000b0c   Data           0  libspace.o(.bss)



==============================================================================

Memory Map of the image

  Image Entry point : 0x08000131

  Load Region LR_IROM1 (Base: 0x08000000, Size: 0x00008754, Max: 0x00040000, ABSOLUTE, COMPRESSED[0x000081ac])

    Execution Region ER_IROM1 (Exec base: 0x08000000, Load base: 0x08000000, Size: 0x00007f04, Max: 0x00040000, ABSOLUTE)

    Exec Addr    Load Addr    Size         Type   Attr      Idx    E Section Name        Object

    0x08000000   0x08000000   0x00000130   Data   RO          443    RESET               startup_stm32f10x_hd.o
    0x08000130   0x08000130   0x00000008   Code   RO          606  * !!!main             c_w.l(__main.o)
    0x08000138   0x08000138   0x00000034   Code   RO         1032    !!!scatter          c_w.l(__scatter.o)
    0x0800016c   0x0800016c   0x0000005a   Code   RO         1030    !!dczerorl2         c_w.l(__dczerorl2.o)
    0x080001c6   0x080001c6   0x00000002   PAD
    0x080001c8   0x080001c8   0x0000001c   Code   RO         1034    !!handler_zi        c_w.l(__scatter_zi.o)
    0x080001e4   0x080001e4   0x00000000   Code   RO          597    .ARM.Collect$$_printf_percent$$00000000  c_w.l(_printf_percent.o)
    0x080001e4   0x080001e4   0x00000006   Code   RO          596    .ARM.Collect$$_printf_percent$$00000003  c_w.l(_printf_f.o)
    0x080001ea   0x080001ea   0x00000006   Code   RO          595    .ARM.Collect$$_printf_percent$$00000009  c_w.l(_printf_d.o)
    0x080001f0   0x080001f0   0x00000006   Code   RO          594    .ARM.Collect$$_printf_percent$$00000014  c_w.l(_printf_s.o)
    0x080001f6   0x080001f6   0x00000004   Code   RO          643    .ARM.Collect$$_printf_percent$$00000017  c_w.l(_printf_percent_end.o)
    0x080001fa   0x080001fa   0x00000002   Code   RO          835    .ARM.Collect$$libinit$$00000000  c_w.l(libinit.o)
    0x080001fc   0x080001fc   0x00000000   Code   RO          837    .ARM.Collect$$libinit$$00000002  c_w.l(libinit2.o)
    0x080001fc   0x080001fc   0x00000000   Code   RO          839    .ARM.Collect$$libinit$$00000004  c_w.l(libinit2.o)
    0x080001fc   0x080001fc   0x00000008   Code   RO          840    .ARM.Collect$$libinit$$00000005  c_w.l(libinit2.o)
    0x08000204   0x08000204   0x00000000   Code   RO          842    .ARM.Collect$$libinit$$0000000A  c_w.l(libinit2.o)
    0x08000204   0x08000204   0x00000000   Code   RO          844    .ARM.Collect$$libinit$$0000000C  c_w.l(libinit2.o)
    0x08000204   0x08000204   0x00000000   Code   RO          846    .ARM.Collect$$libinit$$0000000E  c_w.l(libinit2.o)
    0x08000204   0x08000204   0x00000006   Code   RO          847    .ARM.Collect$$libinit$$0000000F  c_w.l(libinit2.o)
    0x0800020a   0x0800020a   0x00000000   Code   RO          849    .ARM.Collect$$libinit$$00000011  c_w.l(libinit2.o)
    0x0800020a   0x0800020a   0x0000000c   Code   RO          850    .ARM.Collect$$libinit$$00000012  c_w.l(libinit2.o)
    0x08000216   0x08000216   0x00000000   Code   RO          851    .ARM.Collect$$libinit$$00000013  c_w.l(libinit2.o)
    0x08000216   0x08000216   0x00000000   Code   RO          853    .ARM.Collect$$libinit$$00000015  c_w.l(libinit2.o)
    0x08000216   0x08000216   0x0000000a   Code   RO          854    .ARM.Collect$$libinit$$00000016  c_w.l(libinit2.o)
    0x08000220   0x08000220   0x00000000   Code   RO          855    .ARM.Collect$$libinit$$00000017  c_w.l(libinit2.o)
    0x08000220   0x08000220   0x00000000   Code   RO          857    .ARM.Collect$$libinit$$00000019  c_w.l(libinit2.o)
    0x08000220   0x08000220   0x00000000   Code   RO          859    .ARM.Collect$$libinit$$0000001B  c_w.l(libinit2.o)
    0x08000220   0x08000220   0x00000000   Code   RO          861    .ARM.Collect$$libinit$$0000001D  c_w.l(libinit2.o)
    0x08000220   0x08000220   0x00000000   Code   RO          863    .ARM.Collect$$libinit$$0000001F  c_w.l(libinit2.o)
    0x08000220   0x08000220   0x00000000   Code   RO          865    .ARM.Collect$$libinit$$00000021  c_w.l(libinit2.o)
    0x08000220   0x08000220   0x00000000   Code   RO          867    .ARM.Collect$$libinit$$00000023  c_w.l(libinit2.o)
    0x08000220   0x08000220   0x00000004   Code   RO          868    .ARM.Collect$$libinit$$00000024  c_w.l(libinit2.o)
    0x08000224   0x08000224   0x00000000   Code   RO          869    .ARM.Collect$$libinit$$00000025  c_w.l(libinit2.o)
    0x08000224   0x08000224   0x00000000   Code   RO          873    .ARM.Collect$$libinit$$0000002C  c_w.l(libinit2.o)
    0x08000224   0x08000224   0x00000000   Code   RO          875    .ARM.Collect$$libinit$$0000002E  c_w.l(libinit2.o)
    0x08000224   0x08000224   0x00000000   Code   RO          877    .ARM.Collect$$libinit$$00000030  c_w.l(libinit2.o)
    0x08000224   0x08000224   0x00000000   Code   RO          879    .ARM.Collect$$libinit$$00000032  c_w.l(libinit2.o)
    0x08000224   0x08000224   0x00000002   Code   RO          880    .ARM.Collect$$libinit$$00000033  c_w.l(libinit2.o)
    0x08000226   0x08000226   0x00000002   Code   RO         1009    .ARM.Collect$$libshutdown$$00000000  c_w.l(libshutdown.o)
    0x08000228   0x08000228   0x00000000   Code   RO          882    .ARM.Collect$$libshutdown$$00000002  c_w.l(libshutdown2.o)
    0x08000228   0x08000228   0x00000000   Code   RO          884    .ARM.Collect$$libshutdown$$00000004  c_w.l(libshutdown2.o)
    0x08000228   0x08000228   0x00000004   Code   RO          885    .ARM.Collect$$libshutdown$$00000005  c_w.l(libshutdown2.o)
    0x0800022c   0x0800022c   0x00000000   Code   RO          886    .ARM.Collect$$libshutdown$$00000006  c_w.l(libshutdown2.o)
    0x0800022c   0x0800022c   0x00000000   Code   RO          889    .ARM.Collect$$libshutdown$$00000009  c_w.l(libshutdown2.o)
    0x0800022c   0x0800022c   0x00000000   Code   RO          892    .ARM.Collect$$libshutdown$$0000000C  c_w.l(libshutdown2.o)
    0x0800022c   0x0800022c   0x00000000   Code   RO          894    .ARM.Collect$$libshutdown$$0000000E  c_w.l(libshutdown2.o)
    0x0800022c   0x0800022c   0x00000000   Code   RO          897    .ARM.Collect$$libshutdown$$00000011  c_w.l(libshutdown2.o)
    0x0800022c   0x0800022c   0x00000002   Code   RO          898    .ARM.Collect$$libshutdown$$00000012  c_w.l(libshutdown2.o)
    0x0800022e   0x0800022e   0x00000000   Code   RO          628    .ARM.Collect$$rtentry$$00000000  c_w.l(__rtentry.o)
    0x0800022e   0x0800022e   0x00000000   Code   RO          664    .ARM.Collect$$rtentry$$00000002  c_w.l(__rtentry2.o)
    0x0800022e   0x0800022e   0x00000006   Code   RO          676    .ARM.Collect$$rtentry$$00000004  c_w.l(__rtentry4.o)
    0x08000234   0x08000234   0x00000000   Code   RO          666    .ARM.Collect$$rtentry$$00000009  c_w.l(__rtentry2.o)
    0x08000234   0x08000234   0x00000004   Code   RO          667    .ARM.Collect$$rtentry$$0000000A  c_w.l(__rtentry2.o)
    0x08000238   0x08000238   0x00000000   Code   RO          669    .ARM.Collect$$rtentry$$0000000C  c_w.l(__rtentry2.o)
    0x08000238   0x08000238   0x00000008   Code   RO          670    .ARM.Collect$$rtentry$$0000000D  c_w.l(__rtentry2.o)
    0x08000240   0x08000240   0x00000002   Code   RO          902    .ARM.Collect$$rtexit$$00000000  c_w.l(rtexit.o)
    0x08000242   0x08000242   0x00000000   Code   RO          952    .ARM.Collect$$rtexit$$00000002  c_w.l(rtexit2.o)
    0x08000242   0x08000242   0x00000004   Code   RO          953    .ARM.Collect$$rtexit$$00000003  c_w.l(rtexit2.o)
    0x08000246   0x08000246   0x00000006   Code   RO          954    .ARM.Collect$$rtexit$$00000004  c_w.l(rtexit2.o)
    0x0800024c   0x0800024c   0x00000000   Code   RO          958    .emb_text           c_w.l(maybetermalloc1.o)
    0x0800024c   0x0800024c   0x00000268   Code   RO            1    .text               main.o
    0x080004b4   0x080004b4   0x0000012c   Code   RO          123    .text               stm32f10x_it.o
    0x080005e0   0x080005e0   0x000001e0   Code   RO          166    .text               system_stm32f10x.o
    0x080007c0   0x080007c0   0x00000624   Code   RO          184    .text               oled.o
    0x08000de4   0x08000de4   0x000000d4   Code   RO          210    .text               delay.o
    0x08000eb8   0x08000eb8   0x0000000c   Code   RO          224    .text               sys.o
    0x08000ec4   0x08000ec4   0x000002c0   Code   RO          236    .text               usart.o
    0x08001184   0x08001184   0x00000294   Code   RO          255    .text               bsp_key.o
    0x08001418   0x08001418   0x00000078   Code   RO          275    .text               bsp_timer.o
    0x08001490   0x08001490   0x00000120   Code   RO          287    .text               bsp_systick.o
    0x080015b0   0x080015b0   0x0000004c   Code   RO          305    .text               bsp_led.o
    0x080015fc   0x080015fc   0x00000180   Code   RO          317    .text               bsp_dht11.o
    0x0800177c   0x0800177c   0x00000184   Code   RO          329    .text               display.o
    0x08001900   0x08001900   0x00000414   Code   RO          348    .text               bsp_generaltim.o
    0x08001d14   0x08001d14   0x000000e8   Code   RO          365    .text               light_sensor.o
    0x08001dfc   0x08001dfc   0x0000034c   Code   RO          380    .text               digital_led.o
    0x08002148   0x08002148   0x00000518   Code   RO          396    .text               bsp_rtc.o
    0x08002660   0x08002660   0x000001dc   Code   RO          412    .text               bsp_date.o
    0x0800283c   0x0800283c   0x00000040   Code   RO          444    .text               startup_stm32f10x_hd.o
    0x0800287c   0x0800287c   0x000000dc   Code   RO          448    .text               misc.o
    0x08002958   0x08002958   0x0000035c   Code   RO          460    .text               stm32f10x_gpio.o
    0x08002cb4   0x08002cb4   0x000003a4   Code   RO          472    .text               stm32f10x_rcc.o
    0x08003058   0x08003058   0x00000408   Code   RO          486    .text               stm32f10x_usart.o
    0x08003460   0x08003460   0x00000e1a   Code   RO          498    .text               stm32f10x_tim.o
    0x0800427a   0x0800427a   0x00000002   PAD
    0x0800427c   0x0800427c   0x0000044e   Code   RO          510    .text               stm32f10x_adc.o
    0x080046ca   0x080046ca   0x00000002   PAD
    0x080046cc   0x080046cc   0x00000148   Code   RO          522    .text               stm32f10x_rtc.o
    0x08004814   0x08004814   0x000000c4   Code   RO          534    .text               stm32f10x_bkp.o
    0x080048d8   0x080048d8   0x000000cc   Code   RO          546    .text               stm32f10x_pwr.o
    0x080049a4   0x080049a4   0x00000018   Code   RO          564    .text               c_w.l(noretval__2printf.o)
    0x080049bc   0x080049bc   0x00000034   Code   RO          566    .text               c_w.l(noretval__2snprintf.o)
    0x080049f0   0x080049f0   0x00000052   Code   RO          570    .text               c_w.l(_printf_str.o)
    0x08004a42   0x08004a42   0x00000002   PAD
    0x08004a44   0x08004a44   0x00000078   Code   RO          572    .text               c_w.l(_printf_dec.o)
    0x08004abc   0x08004abc   0x00000138   Code   RO          586    .text               c_w.l(__printf_flags_wp.o)
    0x08004bf4   0x08004bf4   0x00000020   Code   RO          598    .text               c_w.l(__0scanf.o)
    0x08004c14   0x08004c14   0x0000014c   Code   RO          600    .text               c_w.l(_scanf_int.o)
    0x08004d60   0x08004d60   0x00000064   Code   RO          602    .text               c_w.l(rt_memcpy_w.o)
    0x08004dc4   0x08004dc4   0x00000006   Code   RO          604    .text               c_w.l(heapauxi.o)
    0x08004dca   0x08004dca   0x000000b2   Code   RO          629    .text               c_w.l(_printf_intcommon.o)
    0x08004e7c   0x08004e7c   0x0000041e   Code   RO          631    .text               c_w.l(_printf_fp_dec.o)
    0x0800529a   0x0800529a   0x00000002   PAD
    0x0800529c   0x0800529c   0x00000030   Code   RO          633    .text               c_w.l(_printf_char_common.o)
    0x080052cc   0x080052cc   0x0000000a   Code   RO          635    .text               c_w.l(_sputc.o)
    0x080052d6   0x080052d6   0x00000010   Code   RO          637    .text               c_w.l(_snputc.o)
    0x080052e6   0x080052e6   0x0000002c   Code   RO          639    .text               c_w.l(_printf_char.o)
    0x08005312   0x08005312   0x00000002   PAD
    0x08005314   0x08005314   0x00000024   Code   RO          641    .text               c_w.l(_printf_char_file.o)
    0x08005338   0x08005338   0x0000001c   Code   RO          644    .text               c_w.l(_chval.o)
    0x08005354   0x08005354   0x00000018   Code   RO          646    .text               c_w.l(scanf_char_file.o)
    0x0800536c   0x0800536c   0x00000008   Code   RO          681    .text               c_w.l(rt_locale_intlibspace.o)
    0x08005374   0x08005374   0x0000008a   Code   RO          683    .text               c_w.l(lludiv10.o)
    0x080053fe   0x080053fe   0x00000002   PAD
    0x08005400   0x08005400   0x00000080   Code   RO          685    .text               c_w.l(_printf_fp_infnan.o)
    0x08005480   0x08005480   0x0000002c   Code   RO          689    .text               c_w.l(scanf_char.o)
    0x080054ac   0x080054ac   0x000000e4   Code   RO          691    .text               c_w.l(bigflt0.o)
    0x08005590   0x08005590   0x00000048   Code   RO          716    .text               c_w.l(backspace.o)
    0x080055d8   0x080055d8   0x00000008   Code   RO          718    .text               c_w.l(ferror.o)
    0x080055e0   0x080055e0   0x00000138   Code   RO          720    .text               c_w.l(initio.o)
    0x08005718   0x08005718   0x00000066   Code   RO          735    .text               c_w.l(sys_io.o)
    0x0800577e   0x0800577e   0x00000002   PAD
    0x08005780   0x08005780   0x00000008   Code   RO          740    .text               c_w.l(libspace.o)
    0x08005788   0x08005788   0x0000004a   Code   RO          745    .text               c_w.l(sys_stackheap_outer.o)
    0x080057d2   0x080057d2   0x0000004e   Code   RO          749    .text               c_w.l(h1_free.o)
    0x08005820   0x08005820   0x00000012   Code   RO          803    .text               c_w.l(isspace.o)
    0x08005832   0x08005832   0x00000002   PAD
    0x08005834   0x08005834   0x00000374   Code   RO          805    .text               c_w.l(_scanf.o)
    0x08005ba8   0x08005ba8   0x00000046   Code   RO          807    .text               c_w.l(setvbuf.o)
    0x08005bee   0x08005bee   0x00000002   PAD
    0x08005bf0   0x08005bf0   0x00000048   Code   RO          809    .text               c_w.l(ungetc.o)
    0x08005c38   0x08005c38   0x000000ec   Code   RO          812    .text               c_w.l(fopen.o)
    0x08005d24   0x08005d24   0x0000004c   Code   RO          814    .text               c_w.l(fclose.o)
    0x08005d70   0x08005d70   0x00000012   Code   RO          820    .text               c_w.l(exit.o)
    0x08005d82   0x08005d82   0x0000000e   Code   RO          822    .text               c_w.l(defsig_rtred_outer.o)
    0x08005d90   0x08005d90   0x0000004e   Code   RO          826    .text               c_w.l(rt_memclr_w.o)
    0x08005dde   0x08005dde   0x00000002   PAD
    0x08005de0   0x08005de0   0x00000080   Code   RO          828    .text               c_w.l(strcmpv7m.o)
    0x08005e60   0x08005e60   0x00000002   Code   RO          899    .text               c_w.l(use_no_semi.o)
    0x08005e62   0x08005e62   0x00000000   Code   RO          901    .text               c_w.l(indicate_semi.o)
    0x08005e62   0x08005e62   0x00000002   PAD
    0x08005e64   0x08005e64   0x00000010   Code   RO          904    .text               c_w.l(rt_ctype_table.o)
    0x08005e74   0x08005e74   0x00000008   Code   RO          911    .text               c_w.l(rt_heap_descriptor_intlibspace.o)
    0x08005e7c   0x08005e7c   0x00000004   Code   RO          913    .text               c_w.l(hguard.o)
    0x08005e80   0x08005e80   0x0000008a   Code   RO          915    .text               c_w.l(init_alloc.o)
    0x08005f0a   0x08005f0a   0x0000005e   Code   RO          921    .text               c_w.l(h1_alloc.o)
    0x08005f68   0x08005f68   0x000000f8   Code   RO          935    .text               c_w.l(fseek.o)
    0x08006060   0x08006060   0x000000f0   Code   RO          937    .text               c_w.l(stdio.o)
    0x08006150   0x08006150   0x0000000a   Code   RO          939    .text               c_w.l(defsig_exit.o)
    0x0800615a   0x0800615a   0x00000002   PAD
    0x0800615c   0x0800615c   0x00000034   Code   RO          941    .text               c_w.l(defsig_rtred_inner.o)
    0x08006190   0x08006190   0x0000003e   Code   RO          943    .text               c_w.l(strlen.o)
    0x080061ce   0x080061ce   0x00000002   PAD
    0x080061d0   0x080061d0   0x0000000c   Code   RO          949    .text               c_w.l(sys_exit.o)
    0x080061dc   0x080061dc   0x0000000e   Code   RO          960    .text               c_w.l(h1_init.o)
    0x080061ea   0x080061ea   0x00000034   Code   RO          962    .text               c_w.l(h1_extend.o)
    0x0800621e   0x0800621e   0x00000042   Code   RO          968    .text               c_w.l(ftell.o)
    0x08006260   0x08006260   0x00000032   Code   RO          975    .text               c_w.l(defsig_general.o)
    0x08006292   0x08006292   0x0000000e   Code   RO          977    .text               c_w.l(defsig_rtmem_outer.o)
    0x080062a0   0x080062a0   0x0000000e   Code   RO          990    .text               c_w.l(sys_wrch.o)
    0x080062ae   0x080062ae   0x00000002   PAD
    0x080062b0   0x080062b0   0x00000008   Code   RO          997    .text               c_w.l(rt_errno_addr_intlibspace.o)
    0x080062b8   0x080062b8   0x00000050   Code   RO         1003    .text               c_w.l(defsig_rtmem_inner.o)
    0x08006308   0x08006308   0x0000003e   Code   RO          694    CL$$btod_d2e        c_w.l(btod.o)
    0x08006346   0x08006346   0x00000046   Code   RO          696    CL$$btod_d2e_denorm_low  c_w.l(btod.o)
    0x0800638c   0x0800638c   0x00000060   Code   RO          695    CL$$btod_d2e_norm_op1  c_w.l(btod.o)
    0x080063ec   0x080063ec   0x00000338   Code   RO          704    CL$$btod_div_common  c_w.l(btod.o)
    0x08006724   0x08006724   0x000000dc   Code   RO          701    CL$$btod_e2e        c_w.l(btod.o)
    0x08006800   0x08006800   0x0000002a   Code   RO          698    CL$$btod_ediv       c_w.l(btod.o)
    0x0800682a   0x0800682a   0x0000002a   Code   RO          697    CL$$btod_emul       c_w.l(btod.o)
    0x08006854   0x08006854   0x00000244   Code   RO          703    CL$$btod_mult_common  c_w.l(btod.o)
    0x08006a98   0x08006a98   0x00000028   Code   RO          733    i.__ARM_fpclassify  m_ws.l(fpclassify.o)
    0x08006ac0   0x08006ac0   0x0000000e   Code   RO          584    i._is_digit         c_w.l(__printf_wp.o)
    0x08006ace   0x08006ace   0x00000002   PAD
    0x08006ad0   0x08006ad0   0x0000002c   Code   RO          729    locale$$code        c_w.l(lc_numeric_c.o)
    0x08006afc   0x08006afc   0x0000002c   Code   RO          971    locale$$code        c_w.l(lc_ctype_c.o)
    0x08006b28   0x08006b28   0x00000062   Code   RO          608    x$fpl$d2f           fz_ws.l(d2f.o)
    0x08006b8a   0x08006b8a   0x00000002   PAD
    0x08006b8c   0x08006b8c   0x00000150   Code   RO          610    x$fpl$dadd          fz_ws.l(daddsub_clz.o)
    0x08006cdc   0x08006cdc   0x00000026   Code   RO          616    x$fpl$dfltu         fz_ws.l(dflt_clz.o)
    0x08006d02   0x08006d02   0x00000002   PAD
    0x08006d04   0x08006d04   0x00000154   Code   RO          622    x$fpl$dmul          fz_ws.l(dmul.o)
    0x08006e58   0x08006e58   0x0000009c   Code   RO          654    x$fpl$dnaninf       fz_ws.l(dnaninf.o)
    0x08006ef4   0x08006ef4   0x0000000c   Code   RO          656    x$fpl$dretinf       fz_ws.l(dretinf.o)
    0x08006f00   0x08006f00   0x000001d4   Code   RO          612    x$fpl$dsub          fz_ws.l(daddsub_clz.o)
    0x080070d4   0x080070d4   0x00000056   Code   RO          624    x$fpl$f2d           fz_ws.l(f2d.o)
    0x0800712a   0x0800712a   0x0000008c   Code   RO          658    x$fpl$fnaninf       fz_ws.l(fnaninf.o)
    0x080071b6   0x080071b6   0x0000000a   Code   RO          660    x$fpl$fretinf       fz_ws.l(fretinf.o)
    0x080071c0   0x080071c0   0x00000004   Code   RO          626    x$fpl$printf1       fz_ws.l(printf1.o)
    0x080071c4   0x080071c4   0x00000000   Code   RO          662    x$fpl$usenofp       fz_ws.l(usenofp.o)
    0x080071c4   0x080071c4   0x00000818   Data   RO          185    .constdata          oled.o
    0x080079dc   0x080079dc   0x0000002a   Data   RO          381    .constdata          digital_led.o
    0x08007a06   0x08007a06   0x00000002   PAD
    0x08007a08   0x08007a08   0x00000030   Data   RO          413    .constdata          bsp_date.o
    0x08007a38   0x08007a38   0x00000011   Data   RO          587    .constdata          c_w.l(__printf_flags_wp.o)
    0x08007a49   0x08007a49   0x00000003   PAD
    0x08007a4c   0x08007a4c   0x00000094   Data   RO          692    .constdata          c_w.l(bigflt0.o)
    0x08007ae0   0x08007ae0   0x00000004   Data   RO          736    .constdata          c_w.l(sys_io.o)
    0x08007ae4   0x08007ae4   0x00000004   Data   RO          737    .constdata          c_w.l(sys_io.o)
    0x08007ae8   0x08007ae8   0x00000004   Data   RO          738    .constdata          c_w.l(sys_io.o)
    0x08007aec   0x08007aec   0x000002cb   Data   RO          397    .conststring        bsp_rtc.o
    0x08007db7   0x08007db7   0x00000001   PAD
    0x08007db8   0x08007db8   0x00000020   Data   RO         1028    Region$$Table       anon$$obj.o
    0x08007dd8   0x08007dd8   0x0000001c   Data   RO          728    locale$$data        c_w.l(lc_numeric_c.o)
    0x08007df4   0x08007df4   0x00000110   Data   RO          970    locale$$data        c_w.l(lc_ctype_c.o)


    Execution Region RW_IRAM1 (Exec base: 0x20000000, Load base: 0x08007f04, Size: 0x00001110, Max: 0x0000c000, ABSOLUTE, COMPRESSED[0x000002a8])

    Exec Addr    Load Addr    Size         Type   Attr      Idx    E Section Name        Object

    0x20000000   COMPRESSED   0x0000005e   Data   RW            3    .data               main.o
    0x2000005e   COMPRESSED   0x00000005   Data   RW          124    .data               stm32f10x_it.o
    0x20000063   COMPRESSED   0x00000001   PAD
    0x20000064   COMPRESSED   0x00000014   Data   RW          167    .data               system_stm32f10x.o
    0x20000078   COMPRESSED   0x000002c0   Data   RW          186    .data               oled.o
    0x20000338   COMPRESSED   0x00000004   Data   RW          211    .data               delay.o
    0x2000033c   COMPRESSED   0x00000002   Data   RW          238    .data               usart.o
    0x2000033e   COMPRESSED   0x00000013   Data   RW          256    .data               bsp_key.o
    0x20000351   COMPRESSED   0x00000003   PAD
    0x20000354   COMPRESSED   0x00000004   Data   RW          288    .data               bsp_systick.o
    0x20000358   COMPRESSED   0x00000400   Data   RW          330    .data               display.o
    0x20000758   COMPRESSED   0x00000004   Data   RW          350    .data               bsp_generaltim.o
    0x2000075c   COMPRESSED   0x00000002   Data   RW          366    .data               light_sensor.o
    0x2000075e   COMPRESSED   0x00000002   PAD
    0x20000760   COMPRESSED   0x000000a0   Data   RW          398    .data               bsp_rtc.o
    0x20000800   COMPRESSED   0x00000030   Data   RW          414    .data               bsp_date.o
    0x20000830   COMPRESSED   0x00000014   Data   RW          473    .data               stm32f10x_rcc.o
    0x20000844   COMPRESSED   0x00000004   Data   RW          651    .data               c_w.l(stdio_streams.o)
    0x20000848   COMPRESSED   0x00000004   Data   RW          652    .data               c_w.l(stdio_streams.o)
    0x2000084c   COMPRESSED   0x00000004   Data   RW          653    .data               c_w.l(stdio_streams.o)
    0x20000850        -       0x00000084   Zero   RW            2    .bss                main.o
    0x200008d4        -       0x000000c8   Zero   RW          237    .bss                usart.o
    0x2000099c        -       0x00000014   Zero   RW          349    .bss                bsp_generaltim.o
    0x200009b0        -       0x00000054   Zero   RW          648    .bss                c_w.l(stdio_streams.o)
    0x20000a04        -       0x00000054   Zero   RW          649    .bss                c_w.l(stdio_streams.o)
    0x20000a58        -       0x00000054   Zero   RW          650    .bss                c_w.l(stdio_streams.o)
    0x20000aac        -       0x00000060   Zero   RW          741    .bss                c_w.l(libspace.o)
    0x20000b0c   COMPRESSED   0x00000004   PAD
    0x20000b10        -       0x00000200   Zero   RW          442    HEAP                startup_stm32f10x_hd.o
    0x20000d10        -       0x00000400   Zero   RW          441    STACK               startup_stm32f10x_hd.o


==============================================================================

Image component sizes


      Code (inc. data)   RO Data    RW Data    ZI Data      Debug   Object Name

       476         16         48         48          0       2361   bsp_date.o
       384          6          0          0          0       1788   bsp_dht11.o
      1044        122          0          4         20       2201   bsp_generaltim.o
       660         86          0         19          0       1924   bsp_key.o
        76         10          0          0          0        499   bsp_led.o
      1304        456        715        160          0       3032   bsp_rtc.o
       288         22          0          4          0      16978   bsp_systick.o
       120          6          0          0          0        789   bsp_timer.o
         0          0          0          0          0         32   core_cm3.o
       212         18          0          4          0       1043   delay.o
       844         22         42          0          0       3442   digital_led.o
       388         86          0       1024          0       1437   display.o
       232          8          0          2          0       1624   light_sensor.o
       616        164          0         94        132     270321   main.o
       220         22          0          0          0       1809   misc.o
      1572         22       2072        704          0       7248   oled.o
        64         26        304          0       1536        804   startup_stm32f10x_hd.o
      1102         26          0          0          0      11049   stm32f10x_adc.o
       196          8          0          0          0       3504   stm32f10x_bkp.o
       860         38          0          0          0       5741   stm32f10x_gpio.o
       300         46          0          5          0       2196   stm32f10x_it.o
       204         14          0          0          0       1959   stm32f10x_pwr.o
       932         36          0         20          0       8920   stm32f10x_rcc.o
       328          4          0          0          0       2726   stm32f10x_rtc.o
      3610         88          0          0          0      22848   stm32f10x_tim.o
      1032         22          0          0          0       8464   stm32f10x_usart.o
        12          0          0          0          0        453   sys.o
       480         38          0         20          0       1979   system_stm32f10x.o
       704         34          0          2        200       3358   usart.o

    ----------------------------------------------------------------------
     18264       1446       3216       2116       1888     390529   Object Totals
         0          0         32          0          0          0   (incl. Generated)
         4          0          3          6          0          0   (incl. Padding)

    ----------------------------------------------------------------------

      Code (inc. data)   RO Data    RW Data    ZI Data      Debug   Library Member Name

        32          6          0          0          0         84   __0scanf.o
        90          0          0          0          0          0   __dczerorl2.o
         8          0          0          0          0         68   __main.o
       312          4         17          0          0         92   __printf_flags_wp.o
        14          0          0          0          0         68   __printf_wp.o
         0          0          0          0          0          0   __rtentry.o
        12          0          0          0          0          0   __rtentry2.o
         6          0          0          0          0          0   __rtentry4.o
        52          8          0          0          0          0   __scatter.o
        28          0          0          0          0          0   __scatter_zi.o
        28          0          0          0          0         68   _chval.o
        44          0          0          0          0        108   _printf_char.o
        48          6          0          0          0         96   _printf_char_common.o
        36          4          0          0          0         80   _printf_char_file.o
         6          0          0          0          0          0   _printf_d.o
       120         16          0          0          0         92   _printf_dec.o
         6          0          0          0          0          0   _printf_f.o
      1054          0          0          0          0        216   _printf_fp_dec.o
       128         16          0          0          0         84   _printf_fp_infnan.o
       178          0          0          0          0         88   _printf_intcommon.o
         0          0          0          0          0          0   _printf_percent.o
         4          0          0          0          0          0   _printf_percent_end.o
         6          0          0          0          0          0   _printf_s.o
        82          0          0          0          0         80   _printf_str.o
       884          4          0          0          0        100   _scanf.o
       332          0          0          0          0         96   _scanf_int.o
        16          0          0          0          0         68   _snputc.o
        10          0          0          0          0         68   _sputc.o
        72          0          0          0          0         92   backspace.o
       228          4        148          0          0         96   bigflt0.o
      1936        128          0          0          0        672   btod.o
        10          0          0          0          0         68   defsig_exit.o
        50          0          0          0          0         88   defsig_general.o
        80         58          0          0          0         76   defsig_rtmem_inner.o
        14          0          0          0          0         80   defsig_rtmem_outer.o
        52         38          0          0          0         76   defsig_rtred_inner.o
        14          0          0          0          0         80   defsig_rtred_outer.o
        18          0          0          0          0         80   exit.o
        76          0          0          0          0         88   fclose.o
         8          0          0          0          0         68   ferror.o
       236          4          0          0          0        128   fopen.o
       248          6          0          0          0         84   fseek.o
        66          0          0          0          0         76   ftell.o
        94          0          0          0          0         80   h1_alloc.o
        52          0          0          0          0         68   h1_extend.o
        78          0          0          0          0         80   h1_free.o
        14          0          0          0          0         84   h1_init.o
         6          0          0          0          0        152   heapauxi.o
         4          0          0          0          0        136   hguard.o
         0          0          0          0          0          0   indicate_semi.o
       138          0          0          0          0        168   init_alloc.o
       312         46          0          0          0        112   initio.o
        18          0          0          0          0         76   isspace.o
        44         10        272          0          0         76   lc_ctype_c.o
        44         10         28          0          0         76   lc_numeric_c.o
         2          0          0          0          0          0   libinit.o
        42          0          0          0          0          0   libinit2.o
         2          0          0          0          0          0   libshutdown.o
         6          0          0          0          0          0   libshutdown2.o
         8          4          0          0         96         68   libspace.o
       138          0          0          0          0         80   lludiv10.o
         0          0          0          0          0          0   maybetermalloc1.o
        24          4          0          0          0         84   noretval__2printf.o
        52          4          0          0          0         84   noretval__2snprintf.o
        16          4          0          0          0         76   rt_ctype_table.o
         8          4          0          0          0         68   rt_errno_addr_intlibspace.o
         8          4          0          0          0         68   rt_heap_descriptor_intlibspace.o
         8          4          0          0          0         68   rt_locale_intlibspace.o
        78          0          0          0          0         80   rt_memclr_w.o
       100          0          0          0          0         80   rt_memcpy_w.o
         2          0          0          0          0          0   rtexit.o
        10          0          0          0          0          0   rtexit2.o
        44          8          0          0          0         84   scanf_char.o
        24          8          0          0          0         68   scanf_char_file.o
        70          0          0          0          0         80   setvbuf.o
       240          6          0          0          0        156   stdio.o
         0          0          0         12        252          0   stdio_streams.o
       128          0          0          0          0         68   strcmpv7m.o
        62          0          0          0          0         76   strlen.o
        12          4          0          0          0         68   sys_exit.o
       102          0         12          0          0        240   sys_io.o
        74          0          0          0          0         80   sys_stackheap_outer.o
        14          0          0          0          0         76   sys_wrch.o
        72         12          0          0          0         68   ungetc.o
         2          0          0          0          0         68   use_no_semi.o
        98          4          0          0          0         92   d2f.o
       804         16          0          0          0        272   daddsub_clz.o
        38          0          0          0          0         68   dflt_clz.o
       340         12          0          0          0        104   dmul.o
       156          4          0          0          0         92   dnaninf.o
        12          0          0          0          0         68   dretinf.o
        86          4          0          0          0         84   f2d.o
       140          4          0          0          0         84   fnaninf.o
        10          0          0          0          0         68   fretinf.o
         4          0          0          0          0         68   printf1.o
         0          0          0          0          0          0   usenofp.o
        40          0          0          0          0         68   fpclassify.o

    ----------------------------------------------------------------------
     10556        478        480         12        352       7472   Library Totals
        32          0          3          0          4          0   (incl. Padding)

    ----------------------------------------------------------------------

      Code (inc. data)   RO Data    RW Data    ZI Data      Debug   Library Name

      8796        434        477         12        348       6404   c_w.l
      1688         44          0          0          0       1000   fz_ws.l
        40          0          0          0          0         68   m_ws.l

    ----------------------------------------------------------------------
     10556        478        480         12        352       7472   Library Totals

    ----------------------------------------------------------------------

==============================================================================


      Code (inc. data)   RO Data    RW Data    ZI Data      Debug   

     28820       1924       3696       2128       2240     391237   Grand Totals
     28820       1924       3696        680       2240     391237   ELF Image Totals (compressed)
     28820       1924       3696        680          0          0   ROM Totals

==============================================================================

    Total RO  Size (Code + RO Data)                32516 (  31.75kB)
    Total RW  Size (RW Data + ZI Data)              4368 (   4.27kB)
    Total ROM Size (Code + RO Data + RW Data)      33196 (  32.42kB)

==============================================================================

