Component: ARM Compiler 5.06 update 7 (build 960) Tool: armlink [4d3601]

==============================================================================

Section Cross References

    main.o(.text) refers to _printf_percent.o(.ARM.Collect$$_printf_percent$$00000000) for _printf_percent
    main.o(.text) refers to _printf_f.o(.ARM.Collect$$_printf_percent$$00000003) for _printf_f
    main.o(.text) refers to printf1.o(x$fpl$printf1) for _printf_fp_dec
    main.o(.text) refers to bsp_systick.o(.text) for SysTick_Init
    main.o(.text) refers to delay.o(.text) for delay_init
    main.o(.text) refers to sys.o(.text) for NVIC_Configuration
    main.o(.text) refers to bsp_generaltim.o(.text) for GENERAL_TIM_Init
    main.o(.text) refers to bsp_led.o(.text) for LED_Init
    main.o(.text) refers to bsp_key.o(.text) for Key_Init
    main.o(.text) refers to bsp_timer.o(.text) for BASIC_TIM_Init
    main.o(.text) refers to usart.o(.text) for uart_init
    main.o(.text) refers to bsp_dht11.o(.text) for DHT11_Init
    main.o(.text) refers to oled.o(.text) for OLED_Init
    main.o(.text) refers to display.o(.text) for Display_Update
    main.o(.text) refers to dflt_clz.o(x$fpl$dfltu) for __aeabi_ui2d
    main.o(.text) refers to dmul.o(x$fpl$dmul) for __aeabi_dmul
    main.o(.text) refers to daddsub_clz.o(x$fpl$dadd) for __aeabi_dadd
    main.o(.text) refers to d2f.o(x$fpl$d2f) for __aeabi_d2f
    main.o(.text) refers to f2d.o(x$fpl$f2d) for __aeabi_f2d
    main.o(.text) refers to noretval__2snprintf.o(.text) for __2snprintf
    main.o(.text) refers to noretval__2printf.o(.text) for __2printf
    main.o(.text) refers to main.o(.data) for t
    main.o(.text) refers to bsp_generaltim.o(.data) for Remote
    main.o(.text) refers to main.o(.bss) for Humi
    stm32f10x_it.o(.text) refers to stm32f10x_tim.o(.text) for TIM_GetITStatus
    stm32f10x_it.o(.text) refers to bsp_systick.o(.text) for TimingDelay_Decrement
    stm32f10x_it.o(.text) refers to main.o(.data) for gc10mscount
    system_stm32f10x.o(.text) refers to system_stm32f10x.o(.data) for SystemCoreClock
    oled.o(.text) refers to stm32f10x_gpio.o(.text) for GPIO_SetBits
    oled.o(.text) refers to oled.o(.constdata) for F8X16
    oled.o(.text) refers to stm32f10x_rcc.o(.text) for RCC_APB2PeriphClockCmd
    oled.o(.text) refers to delay.o(.text) for delay_ms
    oled.o(.text) refers to oled.o(.data) for Hzk
    delay.o(.text) refers to misc.o(.text) for SysTick_CLKSourceConfig
    delay.o(.text) refers to system_stm32f10x.o(.data) for SystemCoreClock
    delay.o(.text) refers to delay.o(.data) for fac_us
    sys.o(.text) refers to misc.o(.text) for NVIC_PriorityGroupConfig
    usart.o(.text) refers (Special) to use_no_semi_2.o(.text) for __use_no_semihosting
    usart.o(.text) refers to stm32f10x_rcc.o(.text) for RCC_APB2PeriphClockCmd
    usart.o(.text) refers to stm32f10x_gpio.o(.text) for GPIO_Init
    usart.o(.text) refers to misc.o(.text) for NVIC_Init
    usart.o(.text) refers to stm32f10x_usart.o(.text) for USART_Init
    usart.o(.text) refers to noretval__2printf.o(.text) for __2printf
    usart.o(.text) refers to usart.o(.data) for USART_RX_STA
    usart.o(.text) refers to usart.o(.bss) for USART_RX_BUF
    usart.o(.bss) refers (Special) to use_no_semi_2.o(.text) for __use_no_semihosting
    usart.o(.data) refers (Special) to use_no_semi_2.o(.text) for __use_no_semihosting
    bsp_key.o(.text) refers to stm32f10x_rcc.o(.text) for RCC_APB2PeriphClockCmd
    bsp_key.o(.text) refers to stm32f10x_gpio.o(.text) for GPIO_Init
    bsp_key.o(.text) refers to oled.o(.text) for OLED_Clear
    bsp_key.o(.text) refers to noretval__2printf.o(.text) for __2printf
    bsp_key.o(.text) refers to bsp_key.o(.data) for gcKeyState
    bsp_key.o(.text) refers to main.o(.bss) for MyFlag
    bsp_key.o(.text) refers to main.o(.data) for gcPage
    bsp_timer.o(.text) refers to misc.o(.text) for NVIC_PriorityGroupConfig
    bsp_timer.o(.text) refers to stm32f10x_rcc.o(.text) for RCC_APB1PeriphClockCmd
    bsp_timer.o(.text) refers to stm32f10x_tim.o(.text) for TIM_TimeBaseInit
    bsp_systick.o(.text) refers to system_stm32f10x.o(.data) for SystemCoreClock
    bsp_systick.o(.text) refers to bsp_systick.o(.data) for TimingDelay
    bsp_led.o(.text) refers to stm32f10x_rcc.o(.text) for RCC_APB2PeriphClockCmd
    bsp_led.o(.text) refers to stm32f10x_gpio.o(.text) for GPIO_Init
    bsp_dht11.o(.text) refers to stm32f10x_rcc.o(.text) for RCC_APB2PeriphClockCmd
    bsp_dht11.o(.text) refers to stm32f10x_gpio.o(.text) for GPIO_Init
    bsp_dht11.o(.text) refers to bsp_systick.o(.text) for SysTick_Delay_Us
    display.o(.text) refers to oled.o(.text) for OLED_ShowString
    display.o(.text) refers to main.o(.bss) for Temp
    display.o(.text) refers to display.o(.data) for BMP1
    display.o(.text) refers to main.o(.data) for t
    bsp_generaltim.o(.text) refers to misc.o(.text) for NVIC_PriorityGroupConfig
[...]
    ../clib/signal.c                         0x00000000   Number         0  defsig_rtmem_inner.o ABSOLUTE
    ../clib/signal.c                         0x00000000   Number         0  defsig_exit.o ABSOLUTE
    ../clib/signal.s                         0x00000000   Number         0  defsig.o ABSOLUTE
    ../clib/stdio.c                          0x00000000   Number         0  ferror_locked.o ABSOLUTE
    ../clib/stdio.c                          0x00000000   Number         0  ferror.o ABSOLUTE
    ../clib/stdlib.c                         0x00000000   Number         0  exit.o ABSOLUTE
    ../fplib/d2f.s                           0x00000000   Number         0  d2f.o ABSOLUTE
    ../fplib/daddsub.s                       0x00000000   Number         0  daddsub_clz.o ABSOLUTE
    ../fplib/dflt.s                          0x00000000   Number         0  dflt_clz.o ABSOLUTE
    ../fplib/dmul.s                          0x00000000   Number         0  dmul.o ABSOLUTE
    ../fplib/dnaninf.s                       0x00000000   Number         0  dnaninf.o ABSOLUTE
    ../fplib/dretinf.s                       0x00000000   Number         0  dretinf.o ABSOLUTE
    ../fplib/f2d.s                           0x00000000   Number         0  f2d.o ABSOLUTE
    ../fplib/fnaninf.s                       0x00000000   Number         0  fnaninf.o ABSOLUTE
    ../fplib/fpinit.s                        0x00000000   Number         0  fpinit.o ABSOLUTE
    ../fplib/fretinf.s                       0x00000000   Number         0  fretinf.o ABSOLUTE
    ../fplib/istatus.s                       0x00000000   Number         0  istatus.o ABSOLUTE
    ../fplib/printf1.s                       0x00000000   Number         0  printf1.o ABSOLUTE
    ../fplib/usenofp.s                       0x00000000   Number         0  usenofp.o ABSOLUTE
    ../mathlib/fpclassify.c                  0x00000000   Number         0  fpclassify.o ABSOLUTE
    ..\CORE\core_cm3.c                       0x00000000   Number         0  core_cm3.o ABSOLUTE
    ..\CORE\startup_stm32f10x_hd.s           0x00000000   Number         0  startup_stm32f10x_hd.o ABSOLUTE
    ..\HARDWARE\OLED\oled.c                  0x00000000   Number         0  oled.o ABSOLUTE
    ..\STM32F10x_FWLib\src\misc.c            0x00000000   Number         0  misc.o ABSOLUTE
    ..\STM32F10x_FWLib\src\stm32f10x_gpio.c  0x00000000   Number         0  stm32f10x_gpio.o ABSOLUTE
    ..\STM32F10x_FWLib\src\stm32f10x_rcc.c   0x00000000   Number         0  stm32f10x_rcc.o ABSOLUTE
    ..\STM32F10x_FWLib\src\stm32f10x_tim.c   0x00000000   Number         0  stm32f10x_tim.o ABSOLUTE
    ..\STM32F10x_FWLib\src\stm32f10x_usart.c 0x00000000   Number         0  stm32f10x_usart.o ABSOLUTE
    ..\SYSTEM\Display\Display.c              0x00000000   Number         0  display.o ABSOLUTE
    ..\SYSTEM\GeneralTim\bsp_GeneralTim.c    0x00000000   Number         0  bsp_generaltim.o ABSOLUTE
    ..\SYSTEM\SysTick\bsp_SysTick.c          0x00000000   Number         0  bsp_systick.o ABSOLUTE
    ..\SYSTEM\Timer\bsp_timer.c              0x00000000   Number         0  bsp_timer.o ABSOLUTE
    ..\SYSTEM\delay\delay.c                  0x00000000   Number         0  delay.o ABSOLUTE
    ..\SYSTEM\dht11\bsp_dht11.c              0x00000000   Number         0  bsp_dht11.o ABSOLUTE
    ..\SYSTEM\key\bsp_key.c                  0x00000000   Number         0  bsp_key.o ABSOLUTE
    ..\SYSTEM\led\bsp_led.c                  0x00000000   Number         0  bsp_led.o ABSOLUTE
    ..\SYSTEM\sys\sys.c                      0x00000000   Number         0  sys.o ABSOLUTE
    ..\SYSTEM\usart\usart.c                  0x00000000   Number         0  usart.o ABSOLUTE
    ..\\CORE\\core_cm3.c                     0x00000000   Number         0  core_cm3.o ABSOLUTE
    dc.s                                     0x00000000   Number         0  dc.o ABSOLUTE
    main.c                                   0x00000000   Number         0  main.o ABSOLUTE
    stm32f10x_it.c                           0x00000000   Number         0  stm32f10x_it.o ABSOLUTE
    system_stm32f10x.c                       0x00000000   Number         0  system_stm32f10x.o ABSOLUTE
    RESET                                    0x08000000   Section      304  startup_stm32f10x_hd.o(RESET)
    !!!main                                  0x08000130   Section        8  __main.o(!!!main)
    !!!scatter                               0x08000138   Section       52  __scatter.o(!!!scatter)
    !!dczerorl2                              0x0800016c   Section       90  __dczerorl2.o(!!dczerorl2)
    !!handler_zi                             0x080001c8   Section       28  __scatter_zi.o(!!handler_zi)
    .ARM.Collect$$_printf_percent$$00000000  0x080001e4   Section        0  _printf_percent.o(.ARM.Collect$$_printf_percent$$00000000)
    .ARM.Collect$$_printf_percent$$00000003  0x080001e4   Section        6  _printf_f.o(.ARM.Collect$$_printf_percent$$00000003)
    .ARM.Collect$$_printf_percent$$00000017  0x080001ea   Section        4  _printf_percent_end.o(.ARM.Collect$$_printf_percent$$00000017)
    .ARM.Collect$$libinit$$00000000          0x080001ee   Section        2  libinit.o(.ARM.Collect$$libinit$$00000000)
    .ARM.Collect$$libinit$$00000002          0x080001f0   Section        0  libinit2.o(.ARM.Collect$$libinit$$00000002)
    .ARM.Collect$$libinit$$00000004          0x080001f0   Section        0  libinit2.o(.ARM.Collect$$libinit$$00000004)
    .ARM.Collect$$libinit$$0000000A          0x080001f0   Section        0  libinit2.o(.ARM.Collect$$libinit$$0000000A)
    .ARM.Collect$$libinit$$0000000C          0x080001f0   Section        0  libinit2.o(.ARM.Collect$$libinit$$0000000C)
    .ARM.Collect$$libinit$$0000000E          0x080001f0   Section        0  libinit2.o(.ARM.Collect$$libinit$$0000000E)
    .ARM.Collect$$libinit$$0000000F          0x080001f0   Section        6  libinit2.o(.ARM.Collect$$libinit$$0000000F)
    .ARM.Collect$$libinit$$00000011          0x080001f6   Section        0  libinit2.o(.ARM.Collect$$libinit$$00000011)
    .ARM.Collect$$libinit$$00000013          0x080001f6   Section        0  libinit2.o(.ARM.Collect$$libinit$$00000013)
    .ARM.Collect$$libinit$$00000015          0x080001f6   Section        0  libinit2.o(.ARM.Collect$$libinit$$00000015)
    .ARM.Collect$$libinit$$00000016          0x080001f6   Section       10  libinit2.o(.ARM.Collect$$libinit$$00000016)
    .ARM.Collect$$libinit$$00000017          0x08000200   Section        0  libinit2.o(.ARM.Collect$$libinit$$00000017)
    .ARM.Collect$$libinit$$00000019          0x08000200   Section        0  libinit2.o(.ARM.Collect$$libinit$$00000019)
    .ARM.Collect$$libinit$$0000001B          0x08000200   Section        0  libinit2.o(.ARM.Collect$$libinit$$0000001B)
    .ARM.Collect$$libinit$$0000001D          0x08000200   Section        0  libinit2.o(.ARM.Collect$$libinit$$0000001D)
    .ARM.Collect$$libinit$$0000001F          0x08000200   Section        0  libinit2.o(.ARM.Collect$$libinit$$0000001F)
    .ARM.Collect$$libinit$$00000021          0x08000200   Section        0  libinit2.o(.ARM.Collect$$libinit$$00000021)
    .ARM.Collect$$libinit$$00000023          0x08000200   Section        0  libinit2.o(.ARM.Collect$$libinit$$00000023)
    .ARM.Collect$$libinit$$00000025          0x08000200   Section        0  libinit2.o(.ARM.Collect$$libinit$$00000025)
    .ARM.Collect$$libinit$$0000002C          0x08000200   Section        0  libinit2.o(.ARM.Collect$$libinit$$0000002C)
    .ARM.Collect$$libinit$$0000002E          0x08000200   Section        0  libinit2.o(.ARM.Collect$$libinit$$0000002E)
    .ARM.Collect$$libinit$$00000030          0x08000200   Section        0  libinit2.o(.ARM.Collect$$libinit$$00000030)
    .ARM.Collect$$libinit$$00000032          0x08000200   Section        0  libinit2.o(.ARM.Collect$$libinit$$00000032)
    .ARM.Collect$$libinit$$00000033          0x08000200   Section        2  libinit2.o(.ARM.Collect$$libinit$$00000033)
    .ARM.Collect$$libshutdown$$00000000      0x08000202   Section        2  libshutdown.o(.ARM.Collect$$libshutdown$$00000000)
    .ARM.Collect$$libshutdown$$00000002      0x08000204   Section        0  libshutdown2.o(.ARM.Collect$$libshutdown$$00000002)
    .ARM.Collect$$libshutdown$$00000004      0x08000204   Section        0  libshutdown2.o(.ARM.Collect$$libshutdown$$00000004)
    .ARM.Collect$$libshutdown$$00000006      0x08000204   Section        0  libshutdown2.o(.ARM.Collect$$libshutdown$$00000006)
    .ARM.Collect$$libshutdown$$00000009      0x08000204   Section        0  libshutdown2.o(.ARM.Collect$$libshutdown$$00000009)
    .ARM.Collect$$libshutdown$$0000000C      0x08000204   Section        0  libshutdown2.o(.ARM.Collect$$libshutdown$$0000000C)
    .ARM.Collect$$libshutdown$$0000000E      0x08000204   Section        0  libshutdown2.o(.ARM.Collect$$libshutdown$$0000000E)
    .ARM.Collect$$libshutdown$$00000011      0x08000204   Section        0  libshutdown2.o(.ARM.Collect$$libshutdown$$00000011)
    .ARM.Collect$$libshutdown$$00000012      0x08000204   Section        2  libshutdown2.o(.ARM.Collect$$libshutdown$$00000012)
    .ARM.Collect$$rtentry$$00000000          0x08000206   Section        0  __rtentry.o(.ARM.Collect$$rtentry$$00000000)
    .ARM.Collect$$rtentry$$00000002          0x08000206   Section        0  __rtentry2.o(.ARM.Collect$$rtentry$$00000002)
    .ARM.Collect$$rtentry$$00000004          0x08000206   Section        6  __rtentry4.o(.ARM.Collect$$rtentry$$00000004)
    .ARM.Collect$$rtentry$$00000009          0x0800020c   Section        0  __rtentry2.o(.ARM.Collect$$rtentry$$00000009)
    .ARM.Collect$$rtentry$$0000000A          0x0800020c   Section        4  __rtentry2.o(.ARM.Collect$$rtentry$$0000000A)
    .ARM.Collect$$rtentry$$0000000C          0x08000210   Section        0  __rtentry2.o(.ARM.Collect$$rtentry$$0000000C)
    .ARM.Collect$$rtentry$$0000000D          0x08000210   Section        8  __rtentry2.o(.ARM.Collect$$rtentry$$0000000D)
    .ARM.Collect$$rtexit$$00000000           0x08000218   Section        2  rtexit.o(.ARM.Collect$$rtexit$$00000000)
    .ARM.Collect$$rtexit$$00000002           0x0800021a   Section        0  rtexit2.o(.ARM.Collect$$rtexit$$00000002)
    .ARM.Collect$$rtexit$$00000003           0x0800021a   Section        4  rtexit2.o(.ARM.Collect$$rtexit$$00000003)
    .ARM.Collect$$rtexit$$00000004           0x0800021e   Section        6  rtexit2.o(.ARM.Collect$$rtexit$$00000004)
    .text                                    0x08000224   Section        0  main.o(.text)
    .text                                    0x080003ac   Section        0  stm32f10x_it.o(.text)
    .text                                    0x08000404   Section        0  system_stm32f10x.o(.text)
    SetSysClockTo72                          0x08000405   Thumb Code   214  system_stm32f10x.o(.text)
    SetSysClock                              0x080004db   Thumb Code     8  system_stm32f10x.o(.text)
    .text                                    0x080005e4   Section        0  oled.o(.text)
    .text                                    0x08000c08   Section        0  delay.o(.text)
    .text                                    0x08000cdc   Section        0  sys.o(.text)
    .text                                    0x08000ce8   Section        0  usart.o(.text)
    .text                                    0x08000e54   Section        0  bsp_key.o(.text)
    .text                                    0x080010e8   Section        0  bsp_timer.o(.text)
    BASIC_TIM_NVIC_Config                    0x080010e9   Thumb Code    42  bsp_timer.o(.text)
    BASIC_TIM_Mode_Config                    0x08001113   Thumb Code    60  bsp_timer.o(.text)
    .text                                    0x08001160   Section        0  bsp_systick.o(.text)
    SysTick_Config                           0x08001161   Thumb Code    76  bsp_systick.o(.text)
    .text                                    0x08001280   Section        0  bsp_led.o(.text)
    .text                                    0x080012cc   Section        0  bsp_dht11.o(.text)
    DHT11_GPIO_Config                        0x080012cd   Thumb Code    40  bsp_dht11.o(.text)
    DHT11_Mode_IPU                           0x08001307   Thumb Code    26  bsp_dht11.o(.text)
    DHT11_Mode_Out_PP                        0x08001321   Thumb Code    32  bsp_dht11.o(.text)
    DHT11_ReadByte                           0x08001341   Thumb Code    96  bsp_dht11.o(.text)
    .text                                    0x0800144c   Section        0  display.o(.text)
    .text                                    0x080015d0   Section        0  bsp_generaltim.o(.text)
    GENERAL_TIM_NVIC_Config                  0x080015d1   Thumb Code    42  bsp_generaltim.o(.text)
    GENERAL_TIM_GPIO_Config                  0x080015fb   Thumb Code    32  bsp_generaltim.o(.text)
    GENERAL_TIM_Mode_Config                  0x0800161b   Thumb Code   114  bsp_generaltim.o(.text)
    .text                                    0x080019e4   Section       64  startup_stm32f10x_hd.o(.text)
    .text                                    0x08001a24   Section        0  misc.o(.text)
    .text                                    0x08001b00   Section        0  stm32f10x_gpio.o(.text)
    .text                                    0x08001e5c   Section        0  stm32f10x_rcc.o(.text)
    .text                                    0x08002200   Section        0  stm32f10x_usart.o(.text)
    .text                                    0x08002608   Section        0  stm32f10x_tim.o(.text)
    TI4_Config                               0x08002aaf   Thumb Code   130  stm32f10x_tim.o(.text)
    TI3_Config                               0x08002b43   Thumb Code   122  stm32f10x_tim.o(.text)
    TI2_Config                               0x08002bd7   Thumb Code   130  stm32f10x_tim.o(.text)
    TI1_Config                               0x08002c6b   Thumb Code   108  stm32f10x_tim.o(.text)
    .text                                    0x08003422   Section        2  use_no_semi_2.o(.text)
    .text                                    0x08003424   Section        0  noretval__2printf.o(.text)
    .text                                    0x0800343c   Section        0  noretval__2snprintf.o(.text)
    .text                                    0x08003470   Section        0  __printf_wp.o(.text)
    .text                                    0x0800357e   Section        0  heapauxi.o(.text)
    .text                                    0x08003584   Section        2  use_no_semi.o(.text)
    .text                                    0x08003586   Section        0  _printf_fp_dec.o(.text)
    _fp_digits                               0x08003589   Thumb Code   432  _printf_fp_dec.o(.text)
    .text                                    0x080039a4   Section        0  _printf_char_common.o(.text)
    _printf_input_char                       0x080039a5   Thumb Code    10  _printf_char_common.o(.text)
    .text                                    0x080039d4   Section        0  _sputc.o(.text)
    .text                                    0x080039de   Section        0  _snputc.o(.text)
    .text                                    0x080039f0   Section        0  _printf_char_file.o(.text)
    .text                                    0x08003a14   Section        8  rt_locale_intlibspace.o(.text)
    .text                                    0x08003a1c   Section      138  lludiv10.o(.text)
    .text                                    0x08003aa8   Section        0  _printf_fp_infnan.o(.text)
    .text                                    0x08003b28   Section        0  bigflt0.o(.text)
    .text                                    0x08003c0c   Section        0  ferror.o(.text)
    .text                                    0x08003c14   Section        8  libspace.o(.text)
    .text                                    0x08003c1c   Section       74  sys_stackheap_outer.o(.text)
    .text                                    0x08003c66   Section        0  exit.o(.text)
    .text                                    0x08003c78   Section      128  strcmpv7m.o(.text)
    CL$$btod_d2e                             0x08003cf8   Section       62  btod.o(CL$$btod_d2e)
    CL$$btod_d2e_denorm_low                  0x08003d36   Section       70  btod.o(CL$$btod_d2e_denorm_low)
    CL$$btod_d2e_norm_op1                    0x08003d7c   Section       96  btod.o(CL$$btod_d2e_norm_op1)
    CL$$btod_div_common                      0x08003ddc   Section      824  btod.o(CL$$btod_div_common)
    CL$$btod_e2e                             0x08004114   Section      220  btod.o(CL$$btod_e2e)
    CL$$btod_ediv                            0x080041f0   Section       42  btod.o(CL$$btod_ediv)
    CL$$btod_emul                            0x0800421a   Section       42  btod.o(CL$$btod_emul)
    CL$$btod_mult_common                     0x08004244   Section      580  btod.o(CL$$btod_mult_common)
    i.__ARM_fpclassify                       0x08004488   Section        0  fpclassify.o(i.__ARM_fpclassify)
    i._is_digit                              0x080044b0   Section        0  __printf_wp.o(i._is_digit)
    locale$$code                             0x080044c0   Section       44  lc_numeric_c.o(locale$$code)
    x$fpl$d2f                                0x080044ec   Section       98  d2f.o(x$fpl$d2f)
    x$fpl$dadd                               0x08004550   Section      336  daddsub_clz.o(x$fpl$dadd)
    _dadd1                                   0x08004561   Thumb Code     0  daddsub_clz.o(x$fpl$dadd)
    x$fpl$dfltu                              0x080046a0   Section       38  dflt_clz.o(x$fpl$dfltu)
    x$fpl$dmul                               0x080046c8   Section      340  dmul.o(x$fpl$dmul)
    x$fpl$dnaninf                            0x0800481c   Section      156  dnaninf.o(x$fpl$dnaninf)
    x$fpl$dretinf                            0x080048b8   Section       12  dretinf.o(x$fpl$dretinf)
    x$fpl$dsub                               0x080048c4   Section      468  daddsub_clz.o(x$fpl$dsub)
    _dsub1                                   0x080048d5   Thumb Code     0  daddsub_clz.o(x$fpl$dsub)
    x$fpl$f2d                                0x08004a98   Section       86  f2d.o(x$fpl$f2d)
    x$fpl$fnaninf                            0x08004aee   Section      140  fnaninf.o(x$fpl$fnaninf)
    x$fpl$fretinf                            0x08004b7a   Section       10  fretinf.o(x$fpl$fretinf)
    x$fpl$printf1                            0x08004b84   Section        4  printf1.o(x$fpl$printf1)
    .constdata                               0x08004b88   Section     2072  oled.o(.constdata)
    x$fpl$usenofp                            0x08004b88   Section        0  usenofp.o(x$fpl$usenofp)
    .constdata                               0x080053a0   Section      148  bigflt0.o(.constdata)
    tenpwrs_x                                0x080053a0   Data          60  bigflt0.o(.constdata)
    tenpwrs_i                                0x080053dc   Data          64  bigflt0.o(.constdata)
    locale$$data                             0x08005454   Section       28  lc_numeric_c.o(locale$$data)
    __lcnum_c_name                           0x08005458   Data           2  lc_numeric_c.o(locale$$data)
    __lcnum_c_start                          0x08005460   Data           0  lc_numeric_c.o(locale$$data)
    __lcnum_c_point                          0x0800546c   Data           0  lc_numeric_c.o(locale$$data)
    __lcnum_c_thousands                      0x0800546e   Data           0  lc_numeric_c.o(locale$$data)
    __lcnum_c_grouping                       0x0800546f   Data           0  lc_numeric_c.o(locale$$data)
    __lcnum_c_end                            0x08005470   Data           0  lc_numeric_c.o(locale$$data)
    .data                                    0x20000000   Section       21  main.o(.data)
    .data                                    0x20000018   Section       20  system_stm32f10x.o(.data)
    .data                                    0x2000002c   Section      704  oled.o(.data)
    .data                                    0x200002ec   Section        4  delay.o(.data)
    fac_us                                   0x200002ec   Data           1  delay.o(.data)
    fac_ms                                   0x200002ee   Data           2  delay.o(.data)
    .data                                    0x200002f0   Section        6  usart.o(.data)
    .data                                    0x200002f6   Section       19  bsp_key.o(.data)
    .data                                    0x2000030c   Section        4  bsp_systick.o(.data)
    TimingDelay                              0x2000030c   Data           4  bsp_systick.o(.data)
    .data                                    0x20000310   Section     1024  display.o(.data)
    .data                                    0x20000710   Section        4  bsp_generaltim.o(.data)
    .data                                    0x20000714   Section       20  stm32f10x_rcc.o(.data)
    APBAHBPrescTable                         0x20000714   Data          16  stm32f10x_rcc.o(.data)
    ADCPrescTable                            0x20000724   Data           4  stm32f10x_rcc.o(.data)
    .bss                                     0x20000728   Section      132  main.o(.bss)
    .bss                                     0x200007ac   Section      200  usart.o(.bss)
    .bss                                     0x20000874   Section       20  bsp_generaltim.o(.bss)
    .bss                                     0x20000888   Section       96  libspace.o(.bss)
    HEAP                                     0x200008e8   Section      512  startup_stm32f10x_hd.o(HEAP)
    Heap_Mem                                 0x200008e8   Data         512  startup_stm32f10x_hd.o(HEAP)
    STACK                                    0x20000ae8   Section     1024  startup_stm32f10x_hd.o(STACK)
    Stack_Mem                                0x20000ae8   Data        1024  startup_stm32f10x_hd.o(STACK)
    __initial_sp                             0x20000ee8   Data           0  startup_stm32f10x_hd.o(STACK)

    Global Symbols

    Symbol Name                              Value     Ov Type        Size  Object(Section)

    BuildAttributes$$THM_ISAv4$P$D$K$B$S$PE$A:L22UL41UL21$X:L11$S22US41US21$IEEE1$IW$USESV6$~STKCKD$USESV7$~SHL$OTIME$ROPI$IEEEJ$EBA8$UX$STANDARDLIB$REQ8$PRES8$EABIv2 0x00000000   Number         0  anon$$obj.o ABSOLUTE
    __ARM_use_no_argv                        0x00000000   Number         0  main.o ABSOLUTE
    _printf_flags                            0x00000000   Number         0  printf_stubs.o ABSOLUTE
    _printf_return_value                     0x00000000   Number         0  printf_stubs.o ABSOLUTE
    _printf_sizespec                         0x00000000   Number         0  printf_stubs.o ABSOLUTE
    _printf_widthprec                        0x00000000   Number         0  printf_stubs.o ABSOLUTE
    __ARM_exceptions_init                     - Undefined Weak Reference
    __alloca_initialize                       - Undefined Weak Reference
    __arm_fini_                               - Undefined Weak Reference
    __arm_preinit_                            - Undefined Weak Reference
    __cpp_initialize__aeabi_                  - Undefined Weak Reference
    __cxa_finalize                            - Undefined Weak Reference
    __sigvec_lookup                           - Undefined Weak Reference
    _atexit_init                              - Undefined Weak Reference
    _call_atexit_fns                          - Undefined Weak Reference
    _clock_init                               - Undefined Weak Reference
    _fp_trap_init                             - Undefined Weak Reference
    _fp_trap_shutdown                         - Undefined Weak Reference
    _get_lc_collate                           - Undefined Weak Reference
    _get_lc_ctype                             - Undefined Weak Reference
    _get_lc_monetary                          - Undefined Weak Reference
    _get_lc_time                              - Undefined Weak Reference
    _getenv_init                              - Undefined Weak Reference
    _handle_redirection                       - Undefined Weak Reference
    _init_alloc                               - Undefined Weak Reference
    _init_user_alloc                          - Undefined Weak Reference
    _initio                                   - Undefined Weak Reference
    _mutex_acquire                            - Undefined Weak Reference
    _mutex_release                            - Undefined Weak Reference
    _printf_post_padding                      - Undefined Weak Reference
    _printf_pre_padding                       - Undefined Weak Reference
    _rand_init                                - Undefined Weak Reference
    _signal_finish                            - Undefined Weak Reference
    _signal_init                              - Undefined Weak Reference
    _terminate_alloc                          - Undefined Weak Reference
    _terminate_user_alloc                     - Undefined Weak Reference
    _terminateio                              - Undefined Weak Reference
    __Vectors_Size                           0x00000130   Number         0  startup_stm32f10x_hd.o ABSOLUTE
    __Vectors                                0x08000000   Data           4  startup_stm32f10x_hd.o(RESET)
    __Vectors_End                            0x08000130   Data           0  startup_stm32f10x_hd.o(RESET)
    __main                                   0x08000131   Thumb Code     8  __main.o(!!!main)
    __scatterload                            0x08000139   Thumb Code     0  __scatter.o(!!!scatter)
    __scatterload_rt2                        0x08000139   Thumb Code    44  __scatter.o(!!!scatter)
    __scatterload_rt2_thumb_only             0x08000139   Thumb Code     0  __scatter.o(!!!scatter)
    __scatterload_null                       0x08000147   Thumb Code     0  __scatter.o(!!!scatter)
    __decompress                             0x0800016d   Thumb Code    90  __dczerorl2.o(!!dczerorl2)
    __decompress1                            0x0800016d   Thumb Code     0  __dczerorl2.o(!!dczerorl2)
    __scatterload_zeroinit                   0x080001c9   Thumb Code    28  __scatter_zi.o(!!handler_zi)
    _printf_f                                0x080001e5   Thumb Code     0  _printf_f.o(.ARM.Collect$$_printf_percent$$00000003)
    _printf_percent                          0x080001e5   Thumb Code     0  _printf_percent.o(.ARM.Collect$$_printf_percent$$00000000)
    _printf_percent_end                      0x080001eb   Thumb Code     0  _printf_percent_end.o(.ARM.Collect$$_printf_percent$$00000017)
    __rt_lib_init                            0x080001ef   Thumb Code     0  libinit.o(.ARM.Collect$$libinit$$00000000)
    __rt_lib_init_fp_1                       0x080001f1   Thumb Code     0  libinit2.o(.ARM.Collect$$libinit$$00000002)
    __rt_lib_init_heap_1                     0x080001f1   Thumb Code     0  libinit2.o(.ARM.Collect$$libinit$$0000000A)
    __rt_lib_init_lc_common                  0x080001f1   Thumb Code     0  libinit2.o(.ARM.Collect$$libinit$$0000000F)
    __rt_lib_init_preinit_1                  0x080001f1   Thumb Code     0  libinit2.o(.ARM.Collect$$libinit$$00000004)
    __rt_lib_init_rand_1                     0x080001f1   Thumb Code     0  libinit2.o(.ARM.Collect$$libinit$$0000000E)
    __rt_lib_init_user_alloc_1               0x080001f1   Thumb Code     0  libinit2.o(.ARM.Collect$$libinit$$0000000C)
    __rt_lib_init_lc_collate_1               0x080001f7   Thumb Code     0  libinit2.o(.ARM.Collect$$libinit$$00000011)
    __rt_lib_init_lc_ctype_1                 0x080001f7   Thumb Code     0  libinit2.o(.ARM.Collect$$libinit$$00000013)
    __rt_lib_init_lc_monetary_1              0x080001f7   Thumb Code     0  libinit2.o(.ARM.Collect$$libinit$$00000015)
    __rt_lib_init_lc_numeric_2               0x080001f7   Thumb Code     0  libinit2.o(.ARM.Collect$$libinit$$00000016)
    __rt_lib_init_alloca_1                   0x08000201   Thumb Code     0  libinit2.o(.ARM.Collect$$libinit$$0000002E)
    __rt_lib_init_argv_1                     0x08000201   Thumb Code     0  libinit2.o(.ARM.Collect$$libinit$$0000002C)
    __rt_lib_init_atexit_1                   0x08000201   Thumb Code     0  libinit2.o(.ARM.Collect$$libinit$$0000001B)
    __rt_lib_init_clock_1                    0x08000201   Thumb Code     0  libinit2.o(.ARM.Collect$$libinit$$00000021)
    __rt_lib_init_cpp_1                      0x08000201   Thumb Code     0  libinit2.o(.ARM.Collect$$libinit$$00000032)
    __rt_lib_init_exceptions_1               0x08000201   Thumb Code     0  libinit2.o(.ARM.Collect$$libinit$$00000030)
    __rt_lib_init_fp_trap_1                  0x08000201   Thumb Code     0  libinit2.o(.ARM.Collect$$libinit$$0000001F)
    __rt_lib_init_getenv_1                   0x08000201   Thumb Code     0  libinit2.o(.ARM.Collect$$libinit$$00000023)
    __rt_lib_init_lc_numeric_1               0x08000201   Thumb Code     0  libinit2.o(.ARM.Collect$$libinit$$00000017)
    __rt_lib_init_lc_time_1                  0x08000201   Thumb Code     0  libinit2.o(.ARM.Collect$$libinit$$00000019)
    __rt_lib_init_return                     0x08000201   Thumb Code     0  libinit2.o(.ARM.Collect$$libinit$$00000033)
    __rt_lib_init_signal_1                   0x08000201   Thumb Code     0  libinit2.o(.ARM.Collect$$libinit$$0000001D)
    __rt_lib_init_stdio_1                    0x08000201   Thumb Code     0  libinit2.o(.ARM.Collect$$libinit$$00000025)
    __rt_lib_shutdown                        0x08000203   Thumb Code     0  libshutdown.o(.ARM.Collect$$libshutdown$$00000000)
    __rt_lib_shutdown_cpp_1                  0x08000205   Thumb Code     0  libshutdown2.o(.ARM.Collect$$libshutdown$$00000004)
    __rt_lib_shutdown_fini_1                 0x08000205   Thumb Code     0  libshutdown2.o(.ARM.Collect$$libshutdown$$00000002)
    __rt_lib_shutdown_fp_trap_1              0x08000205   Thumb Code     0  libshutdown2.o(.ARM.Collect$$libshutdown$$00000009)
    __rt_lib_shutdown_heap_1                 0x08000205   Thumb Code     0  libshutdown2.o(.ARM.Collect$$libshutdown$$00000011)
    __rt_lib_shutdown_return                 0x08000205   Thumb Code     0  libshutdown2.o(.ARM.Collect$$libshutdown$$00000012)
    __rt_lib_shutdown_signal_1               0x08000205   Thumb Code     0  libshutdown2.o(.ARM.Collect$$libshutdown$$0000000C)
    __rt_lib_shutdown_stdio_1                0x08000205   Thumb Code     0  libshutdown2.o(.ARM.Collect$$libshutdown$$00000006)
    __rt_lib_shutdown_user_alloc_1           0x08000205   Thumb Code     0  libshutdown2.o(.ARM.Collect$$libshutdown$$0000000E)
    __rt_entry                               0x08000207   Thumb Code     0  __rtentry.o(.ARM.Collect$$rtentry$$00000000)
    __rt_entry_presh_1                       0x08000207   Thumb Code     0  __rtentry2.o(.ARM.Collect$$rtentry$$00000002)
    __rt_entry_sh                            0x08000207   Thumb Code     0  __rtentry4.o(.ARM.Collect$$rtentry$$00000004)
    __rt_entry_li                            0x0800020d   Thumb Code     0  __rtentry2.o(.ARM.Collect$$rtentry$$0000000A)
    __rt_entry_postsh_1                      0x0800020d   Thumb Code     0  __rtentry2.o(.ARM.Collect$$rtentry$$00000009)
    __rt_entry_main                          0x08000211   Thumb Code     0  __rtentry2.o(.ARM.Collect$$rtentry$$0000000D)
    __rt_entry_postli_1                      0x08000211   Thumb Code     0  __rtentry2.o(.ARM.Collect$$rtentry$$0000000C)
    __rt_exit                                0x08000219   Thumb Code     0  rtexit.o(.ARM.Collect$$rtexit$$00000000)
    __rt_exit_ls                             0x0800021b   Thumb Code     0  rtexit2.o(.ARM.Collect$$rtexit$$00000003)
    __rt_exit_prels_1                        0x0800021b   Thumb Code     0  rtexit2.o(.ARM.Collect$$rtexit$$00000002)
    __rt_exit_exit                           0x0800021f   Thumb Code     0  rtexit2.o(.ARM.Collect$$rtexit$$00000004)
    main                                     0x08000225   Thumb Code   310  main.o(.text)
    NMI_Handler                              0x080003ad   Thumb Code     2  stm32f10x_it.o(.text)
    HardFault_Handler                        0x080003af   Thumb Code     4  stm32f10x_it.o(.text)
    MemManage_Handler                        0x080003b3   Thumb Code     4  stm32f10x_it.o(.text)
    BusFault_Handler                         0x080003b7   Thumb Code     4  stm32f10x_it.o(.text)
    UsageFault_Handler                       0x080003bb   Thumb Code     4  stm32f10x_it.o(.text)
    SVC_Handler                              0x080003bf   Thumb Code     2  stm32f10x_it.o(.text)
    DebugMon_Handler                         0x080003c1   Thumb Code     2  stm32f10x_it.o(.text)
    PendSV_Handler                           0x080003c3   Thumb Code     2  stm32f10x_it.o(.text)
    TIM6_IRQHandler                          0x080003c5   Thumb Code    42  stm32f10x_it.o(.text)
    SysTick_Handler                          0x080003ef   Thumb Code     8  stm32f10x_it.o(.text)
    SystemInit                               0x080004e3   Thumb Code    78  system_stm32f10x.o(.text)
    SystemCoreClockUpdate                    0x08000531   Thumb Code   142  system_stm32f10x.o(.text)
    IIC_Start                                0x080005e5   Thumb Code    44  oled.o(.text)
    IIC_Stop                                 0x08000611   Thumb Code    34  oled.o(.text)
    IIC_Wait_Ack                             0x08000633   Thumb Code    24  oled.o(.text)
    Write_IIC_Byte                           0x0800064b   Thumb Code    88  oled.o(.text)
    Write_IIC_Command                        0x080006a3   Thumb Code    44  oled.o(.text)
    Write_IIC_Data                           0x080006cf   Thumb Code    44  oled.o(.text)
    OLED_WR_Byte                             0x080006fb   Thumb Code    24  oled.o(.text)
    fill_picture                             0x08000713   Thumb Code    64  oled.o(.text)
    Delay_50ms                               0x08000753   Thumb Code    22  oled.o(.text)
    Delay_1ms                                0x08000769   Thumb Code    26  oled.o(.text)
    OLED_Set_Pos                             0x08000783   Thumb Code    40  oled.o(.text)
    OLED_Display_On                          0x080007ab   Thumb Code    28  oled.o(.text)
    OLED_Display_Off                         0x080007c7   Thumb Code    28  oled.o(.text)
    OLED_Clear                               0x080007e3   Thumb Code    62  oled.o(.text)
    OLED_On                                  0x08000821   Thumb Code    62  oled.o(.text)
    OLED_ShowChar                            0x0800085f   Thumb Code   154  oled.o(.text)
    oled_pow                                 0x080008f9   Thumb Code    22  oled.o(.text)
    OLED_ShowNum                             0x0800090f   Thumb Code   136  oled.o(.text)
    OLED_ShowString                          0x08000997   Thumb Code    70  oled.o(.text)
    OLED_ShowString2                         0x080009dd   Thumb Code    58  oled.o(.text)
    OLED_ShowCHinese                         0x08000a17   Thumb Code    98  oled.o(.text)
    OLED_DrawBMP                             0x08000a79   Thumb Code   118  oled.o(.text)
    OLED_Init                                0x08000aef   Thumb Code   272  oled.o(.text)
    delay_init                               0x08000c09   Thumb Code    50  delay.o(.text)
    delay_us                                 0x08000c3b   Thumb Code    72  delay.o(.text)
    delay_ms                                 0x08000c83   Thumb Code    72  delay.o(.text)
    NVIC_Configuration                       0x08000cdd   Thumb Code    12  sys.o(.text)
    _sys_exit                                0x08000ce9   Thumb Code     6  usart.o(.text)
    fputc                                    0x08000cef   Thumb Code    24  usart.o(.text)
    uart_init                                0x08000d07   Thumb Code   152  usart.o(.text)
    USART1_IRQHandler                        0x08000d9f   Thumb Code   148  usart.o(.text)
    Key_Init                                 0x08000e55   Thumb Code    54  bsp_key.o(.text)
    Key_Check                                0x08000e8b   Thumb Code   384  bsp_key.o(.text)
    Key_Process                              0x0800100b   Thumb Code   136  bsp_key.o(.text)
    BASIC_TIM_Init                           0x0800114f   Thumb Code    12  bsp_timer.o(.text)
    SysTick_Init                             0x080011ad   Thumb Code    42  bsp_systick.o(.text)
    SysTick_Delay_Us                         0x080011d7   Thumb Code    64  bsp_systick.o(.text)
    SysTick_delay_ms                         0x08001217   Thumb Code    66  bsp_systick.o(.text)
    TimingDelay_Decrement                    0x08001259   Thumb Code    18  bsp_systick.o(.text)
    LED_Init                                 0x08001281   Thumb Code    66  bsp_led.o(.text)
    DHT11_Init                               0x080012f5   Thumb Code    18  bsp_dht11.o(.text)
    DHT11_Read_TempAndHumidity               0x080013a1   Thumb Code   166  bsp_dht11.o(.text)
    Disp_Page3                               0x0800144d   Thumb Code    76  display.o(.text)
    Disp_Page2                               0x08001499   Thumb Code    20  display.o(.text)
    Disp_Page1                               0x080014ad   Thumb Code   166  display.o(.text)
    Display_Update                           0x08001553   Thumb Code    46  display.o(.text)
    GENERAL_TIM_Init                         0x0800168d   Thumb Code    16  bsp_generaltim.o(.text)
    TIM5_IRQHandler                          0x0800169d   Thumb Code   402  bsp_generaltim.o(.text)
    Remote_Scan                              0x0800182f   Thumb Code   316  bsp_generaltim.o(.text)
    Reset_Handler                            0x080019e5   Thumb Code     8  startup_stm32f10x_hd.o(.text)
    ADC1_2_IRQHandler                        0x080019ff   Thumb Code     0  startup_stm32f10x_hd.o(.text)
    ADC3_IRQHandler                          0x080019ff   Thumb Code     0  startup_stm32f10x_hd.o(.text)
    CAN1_RX1_IRQHandler                      0x080019ff   Thumb Code     0  startup_stm32f10x_hd.o(.text)
    CAN1_SCE_IRQHandler                      0x080019ff   Thumb Code     0  startup_stm32f10x_hd.o(.text)
    DMA1_Channel1_IRQHandler                 0x080019ff   Thumb Code     0  startup_stm32f10x_hd.o(.text)
    DMA1_Channel2_IRQHandler                 0x080019ff   Thumb Code     0  startup_stm32f10x_hd.o(.text)
    DMA1_Channel3_IRQHandler                 0x080019ff   Thumb Code     0  startup_stm32f10x_hd.o(.text)
    DMA1_Channel4_IRQHandler                 0x080019ff   Thumb Code     0  startup_stm32f10x_hd.o(.text)
    DMA1_Channel5_IRQHandler                 0x080019ff   Thumb Code     0  startup_stm32f10x_hd.o(.text)
    DMA1_Channel6_IRQHandler                 0x080019ff   Thumb Code     0  startup_stm32f10x_hd.o(.text)
    DMA1_Channel7_IRQHandler                 0x080019ff   Thumb Code     0  startup_stm32f10x_hd.o(.text)
    DMA2_Channel1_IRQHandler                 0x080019ff   Thumb Code     0  startup_stm32f10x_hd.o(.text)
    DMA2_Channel2_IRQHandler                 0x080019ff   Thumb Code     0  startup_stm32f10x_hd.o(.text)
    DMA2_Channel3_IRQHandler                 0x080019ff   Thumb Code     0  startup_stm32f10x_hd.o(.text)
    DMA2_Channel4_5_IRQHandler               0x080019ff   Thumb Code     0  startup_stm32f10x_hd.o(.text)
    EXTI0_IRQHandler                         0x080019ff   Thumb Code     0  startup_stm32f10x_hd.o(.text)
    EXTI15_10_IRQHandler                     0x080019ff   Thumb Code     0  startup_stm32f10x_hd.o(.text)
    EXTI1_IRQHandler                         0x080019ff   Thumb Code     0  startup_stm32f10x_hd.o(.text)
    EXTI2_IRQHandler                         0x080019ff   Thumb Code     0  startup_stm32f10x_hd.o(.text)
    EXTI3_IRQHandler                         0x080019ff   Thumb Code     0  startup_stm32f10x_hd.o(.text)
    EXTI4_IRQHandler                         0x080019ff   Thumb Code     0  startup_stm32f10x_hd.o(.text)
    EXTI9_5_IRQHandler                       0x080019ff   Thumb Code     0  startup_stm32f10x_hd.o(.text)
    FLASH_IRQHandler                         0x080019ff   Thumb Code     0  startup_stm32f10x_hd.o(.text)
    FSMC_IRQHandler                          0x080019ff   Thumb Code     0  startup_stm32f10x_hd.o(.text)
    I2C1_ER_IRQHandler                       0x080019ff   Thumb Code     0  startup_stm32f10x_hd.o(.text)
    I2C1_EV_IRQHandler                       0x080019ff   Thumb Code     0  startup_stm32f10x_hd.o(.text)
    I2C2_ER_IRQHandler                       0x080019ff   Thumb Code     0  startup_stm32f10x_hd.o(.text)
    I2C2_EV_IRQHandler                       0x080019ff   Thumb Code     0  startup_stm32f10x_hd.o(.text)
    PVD_IRQHandler                           0x080019ff   Thumb Code     0  startup_stm32f10x_hd.o(.text)
    RCC_IRQHandler                           0x080019ff   Thumb Code     0  startup_stm32f10x_hd.o(.text)
    RTCAlarm_IRQHandler                      0x080019ff   Thumb Code     0  startup_stm32f10x_hd.o(.text)
    RTC_IRQHandler                           0x080019ff   Thumb Code     0  startup_stm32f10x_hd.o(.text)
    SDIO_IRQHandler                          0x080019ff   Thumb Code     0  startup_stm32f10x_hd.o(.text)
    SPI1_IRQHandler                          0x080019ff   Thumb Code     0  startup_stm32f10x_hd.o(.text)
    SPI2_IRQHandler                          0x080019ff   Thumb Code     0  startup_stm32f10x_hd.o(.text)
    SPI3_IRQHandler                          0x080019ff   Thumb Code     0  startup_stm32f10x_hd.o(.text)
    TAMPER_IRQHandler                        0x080019ff   Thumb Code     0  startup_stm32f10x_hd.o(.text)
    TIM1_BRK_IRQHandler                      0x080019ff   Thumb Code     0  startup_stm32f10x_hd.o(.text)
    TIM1_CC_IRQHandler                       0x080019ff   Thumb Code     0  startup_stm32f10x_hd.o(.text)
    TIM1_TRG_COM_IRQHandler                  0x080019ff   Thumb Code     0  startup_stm32f10x_hd.o(.text)
    TIM1_UP_IRQHandler                       0x080019ff   Thumb Code     0  startup_stm32f10x_hd.o(.text)
    TIM2_IRQHandler                          0x080019ff   Thumb Code     0  startup_stm32f10x_hd.o(.text)
    TIM3_IRQHandler                          0x080019ff   Thumb Code     0  startup_stm32f10x_hd.o(.text)
    TIM4_IRQHandler                          0x080019ff   Thumb Code     0  startup_stm32f10x_hd.o(.text)
    TIM7_IRQHandler                          0x080019ff   Thumb Code     0  startup_stm32f10x_hd.o(.text)
    TIM8_BRK_IRQHandler                      0x080019ff   Thumb Code     0  startup_stm32f10x_hd.o(.text)
    TIM8_CC_IRQHandler                       0x080019ff   Thumb Code     0  startup_stm32f10x_hd.o(.text)
    TIM8_TRG_COM_IRQHandler                  0x080019ff   Thumb Code     0  startup_stm32f10x_hd.o(.text)
    TIM8_UP_IRQHandler                       0x080019ff   Thumb Code     0  startup_stm32f10x_hd.o(.text)
    UART4_IRQHandler                         0x080019ff   Thumb Code     0  startup_stm32f10x_hd.o(.text)
    UART5_IRQHandler                         0x080019ff   Thumb Code     0  startup_stm32f10x_hd.o(.text)
    USART2_IRQHandler                        0x080019ff   Thumb Code     0  startup_stm32f10x_hd.o(.text)
    USART3_IRQHandler                        0x080019ff   Thumb Code     0  startup_stm32f10x_hd.o(.text)
    USBWakeUp_IRQHandler                     0x080019ff   Thumb Code     0  startup_stm32f10x_hd.o(.text)
    USB_HP_CAN1_TX_IRQHandler                0x080019ff   Thumb Code     0  startup_stm32f10x_hd.o(.text)
    USB_LP_CAN1_RX0_IRQHandler               0x080019ff   Thumb Code     0  startup_stm32f10x_hd.o(.text)
    WWDG_IRQHandler                          0x080019ff   Thumb Code     0  startup_stm32f10x_hd.o(.text)
    __user_initial_stackheap                 0x08001a01   Thumb Code     0  startup_stm32f10x_hd.o(.text)
    NVIC_PriorityGroupConfig                 0x08001a25   Thumb Code    10  misc.o(.text)
    NVIC_Init                                0x08001a2f   Thumb Code   100  misc.o(.text)
    NVIC_SetVectorTable                      0x08001a93   Thumb Code    14  misc.o(.text)
    NVIC_SystemLPConfig                      0x08001aa1   Thumb Code    34  misc.o(.text)
    SysTick_CLKSourceConfig                  0x08001ac3   Thumb Code    40  misc.o(.text)
    GPIO_DeInit                              0x08001b01   Thumb Code   172  stm32f10x_gpio.o(.text)
    GPIO_AFIODeInit                          0x08001bad   Thumb Code    20  stm32f10x_gpio.o(.text)
    GPIO_Init                                0x08001bc1   Thumb Code   278  stm32f10x_gpio.o(.text)
    GPIO_StructInit                          0x08001cd7   Thumb Code    16  stm32f10x_gpio.o(.text)
    GPIO_ReadInputDataBit                    0x08001ce7   Thumb Code    18  stm32f10x_gpio.o(.text)
    GPIO_ReadInputData                       0x08001cf9   Thumb Code     8  stm32f10x_gpio.o(.text)
    GPIO_ReadOutputDataBit                   0x08001d01   Thumb Code    18  stm32f10x_gpio.o(.text)
    GPIO_ReadOutputData                      0x08001d13   Thumb Code     8  stm32f10x_gpio.o(.text)
    GPIO_SetBits                             0x08001d1b   Thumb Code     4  stm32f10x_gpio.o(.text)
    GPIO_ResetBits                           0x08001d1f   Thumb Code     4  stm32f10x_gpio.o(.text)
    GPIO_WriteBit                            0x08001d23   Thumb Code    10  stm32f10x_gpio.o(.text)
    GPIO_Write                               0x08001d2d   Thumb Code     4  stm32f10x_gpio.o(.text)
    GPIO_PinLockConfig                       0x08001d31   Thumb Code    18  stm32f10x_gpio.o(.text)
    GPIO_EventOutputConfig                   0x08001d43   Thumb Code    26  stm32f10x_gpio.o(.text)
    GPIO_EventOutputCmd                      0x08001d5d   Thumb Code     6  stm32f10x_gpio.o(.text)
    GPIO_PinRemapConfig                      0x08001d63   Thumb Code   138  stm32f10x_gpio.o(.text)
    GPIO_EXTILineConfig                      0x08001ded   Thumb Code    66  stm32f10x_gpio.o(.text)
    GPIO_ETH_MediaInterfaceConfig            0x08001e2f   Thumb Code     8  stm32f10x_gpio.o(.text)
    RCC_DeInit                               0x08001e5d   Thumb Code    64  stm32f10x_rcc.o(.text)
    RCC_HSEConfig                            0x08001e9d   Thumb Code    70  stm32f10x_rcc.o(.text)
    RCC_GetFlagStatus                        0x08001ee3   Thumb Code    56  stm32f10x_rcc.o(.text)
    RCC_WaitForHSEStartUp                    0x08001f1b   Thumb Code    56  stm32f10x_rcc.o(.text)
    RCC_AdjustHSICalibrationValue            0x08001f53   Thumb Code    20  stm32f10x_rcc.o(.text)
    RCC_HSICmd                               0x08001f67   Thumb Code     6  stm32f10x_rcc.o(.text)
    RCC_PLLConfig                            0x08001f6d   Thumb Code    24  stm32f10x_rcc.o(.text)
    RCC_PLLCmd                               0x08001f85   Thumb Code     6  stm32f10x_rcc.o(.text)
    RCC_SYSCLKConfig                         0x08001f8b   Thumb Code    18  stm32f10x_rcc.o(.text)
    RCC_GetSYSCLKSource                      0x08001f9d   Thumb Code    10  stm32f10x_rcc.o(.text)
    RCC_HCLKConfig                           0x08001fa7   Thumb Code    18  stm32f10x_rcc.o(.text)
    RCC_PCLK1Config                          0x08001fb9   Thumb Code    18  stm32f10x_rcc.o(.text)
    RCC_PCLK2Config                          0x08001fcb   Thumb Code    20  stm32f10x_rcc.o(.text)
    RCC_ITConfig                             0x08001fdf   Thumb Code    26  stm32f10x_rcc.o(.text)
    RCC_USBCLKConfig                         0x08001ff9   Thumb Code     8  stm32f10x_rcc.o(.text)
    RCC_ADCCLKConfig                         0x08002001   Thumb Code    18  stm32f10x_rcc.o(.text)
    RCC_LSEConfig                            0x08002013   Thumb Code    50  stm32f10x_rcc.o(.text)
    RCC_LSICmd                               0x08002045   Thumb Code     6  stm32f10x_rcc.o(.text)
    RCC_RTCCLKConfig                         0x0800204b   Thumb Code    12  stm32f10x_rcc.o(.text)
    RCC_RTCCLKCmd                            0x08002057   Thumb Code     8  stm32f10x_rcc.o(.text)
    RCC_GetClocksFreq                        0x0800205f   Thumb Code   192  stm32f10x_rcc.o(.text)
    RCC_AHBPeriphClockCmd                    0x0800211f   Thumb Code    26  stm32f10x_rcc.o(.text)
    RCC_APB2PeriphClockCmd                   0x08002139   Thumb Code    26  stm32f10x_rcc.o(.text)
    RCC_APB1PeriphClockCmd                   0x08002153   Thumb Code    26  stm32f10x_rcc.o(.text)
    RCC_APB2PeriphResetCmd                   0x0800216d   Thumb Code    26  stm32f10x_rcc.o(.text)
    RCC_APB1PeriphResetCmd                   0x08002187   Thumb Code    26  stm32f10x_rcc.o(.text)
    RCC_BackupResetCmd                       0x080021a1   Thumb Code     8  stm32f10x_rcc.o(.text)
    RCC_ClockSecuritySystemCmd               0x080021a9   Thumb Code     6  stm32f10x_rcc.o(.text)
    RCC_MCOConfig                            0x080021af   Thumb Code     6  stm32f10x_rcc.o(.text)
    RCC_ClearFlag                            0x080021b5   Thumb Code    14  stm32f10x_rcc.o(.text)
    RCC_GetITStatus                          0x080021c3   Thumb Code    20  stm32f10x_rcc.o(.text)
    RCC_ClearITPendingBit                    0x080021d7   Thumb Code     6  stm32f10x_rcc.o(.text)
    USART_DeInit                             0x08002201   Thumb Code   134  stm32f10x_usart.o(.text)
    USART_Init                               0x08002287   Thumb Code   210  stm32f10x_usart.o(.text)
    USART_StructInit                         0x08002359   Thumb Code    24  stm32f10x_usart.o(.text)
    USART_ClockInit                          0x08002371   Thumb Code    34  stm32f10x_usart.o(.text)
    USART_ClockStructInit                    0x08002393   Thumb Code    12  stm32f10x_usart.o(.text)
    USART_Cmd                                0x0800239f   Thumb Code    24  stm32f10x_usart.o(.text)
    USART_ITConfig                           0x080023b7   Thumb Code    74  stm32f10x_usart.o(.text)
    USART_DMACmd                             0x08002401   Thumb Code    18  stm32f10x_usart.o(.text)
    USART_SetAddress                         0x08002413   Thumb Code    18  stm32f10x_usart.o(.text)
    USART_WakeUpConfig                       0x08002425   Thumb Code    18  stm32f10x_usart.o(.text)
    USART_ReceiverWakeUpCmd                  0x08002437   Thumb Code    24  stm32f10x_usart.o(.text)
    USART_LINBreakDetectLengthConfig         0x0800244f   Thumb Code    18  stm32f10x_usart.o(.text)
    USART_LINCmd                             0x08002461   Thumb Code    24  stm32f10x_usart.o(.text)
    USART_SendData                           0x08002479   Thumb Code     8  stm32f10x_usart.o(.text)
    USART_ReceiveData                        0x08002481   Thumb Code    10  stm32f10x_usart.o(.text)
    USART_SendBreak                          0x0800248b   Thumb Code    10  stm32f10x_usart.o(.text)
    USART_SetGuardTime                       0x08002495   Thumb Code    16  stm32f10x_usart.o(.text)
    USART_SetPrescaler                       0x080024a5   Thumb Code    16  stm32f10x_usart.o(.text)
    USART_SmartCardCmd                       0x080024b5   Thumb Code    24  stm32f10x_usart.o(.text)
    USART_SmartCardNACKCmd                   0x080024cd   Thumb Code    24  stm32f10x_usart.o(.text)
    USART_HalfDuplexCmd                      0x080024e5   Thumb Code    24  stm32f10x_usart.o(.text)
    USART_OverSampling8Cmd                   0x080024fd   Thumb Code    22  stm32f10x_usart.o(.text)
    USART_OneBitMethodCmd                    0x08002513   Thumb Code    24  stm32f10x_usart.o(.text)
    USART_IrDAConfig                         0x0800252b   Thumb Code    18  stm32f10x_usart.o(.text)
    USART_IrDACmd                            0x0800253d   Thumb Code    24  stm32f10x_usart.o(.text)
    USART_GetFlagStatus                      0x08002555   Thumb Code    26  stm32f10x_usart.o(.text)
    USART_ClearFlag                          0x0800256f   Thumb Code    18  stm32f10x_usart.o(.text)
    USART_GetITStatus                        0x08002581   Thumb Code    84  stm32f10x_usart.o(.text)
    USART_ClearITPendingBit                  0x080025d5   Thumb Code    52  stm32f10x_usart.o(.text)
    TIM_DeInit                               0x08002609   Thumb Code   424  stm32f10x_tim.o(.text)
    TIM_TimeBaseInit                         0x080027b1   Thumb Code   122  stm32f10x_tim.o(.text)
    TIM_OC1Init                              0x0800282b   Thumb Code   132  stm32f10x_tim.o(.text)
    TIM_OC2Init                              0x080028af   Thumb Code   154  stm32f10x_tim.o(.text)
    TIM_OC3Init                              0x08002949   Thumb Code   150  stm32f10x_tim.o(.text)
    TIM_OC4Init                              0x080029df   Thumb Code   182  stm32f10x_tim.o(.text)
    TIM_SetIC4Prescaler                      0x08002a95   Thumb Code    26  stm32f10x_tim.o(.text)
    TIM_SetIC3Prescaler                      0x08002b31   Thumb Code    18  stm32f10x_tim.o(.text)
    TIM_SetIC2Prescaler                      0x08002bbd   Thumb Code    26  stm32f10x_tim.o(.text)
    TIM_SetIC1Prescaler                      0x08002c59   Thumb Code    18  stm32f10x_tim.o(.text)
    TIM_ICInit                               0x08002cd7   Thumb Code   150  stm32f10x_tim.o(.text)
    TIM_PWMIConfig                           0x08002d6d   Thumb Code   124  stm32f10x_tim.o(.text)
    TIM_BDTRConfig                           0x08002de9   Thumb Code    32  stm32f10x_tim.o(.text)
    TIM_TimeBaseStructInit                   0x08002e09   Thumb Code    18  stm32f10x_tim.o(.text)
    TIM_OCStructInit                         0x08002e1b   Thumb Code    20  stm32f10x_tim.o(.text)
    TIM_ICStructInit                         0x08002e2f   Thumb Code    18  stm32f10x_tim.o(.text)
    TIM_BDTRStructInit                       0x08002e41   Thumb Code    40  stm32f10x_tim.o(.text)
    TIM_Cmd                                  0x08002e69   Thumb Code    24  stm32f10x_tim.o(.text)
    TIM_CtrlPWMOutputs                       0x08002e81   Thumb Code    30  stm32f10x_tim.o(.text)
    TIM_ITConfig                             0x08002e9f   Thumb Code    18  stm32f10x_tim.o(.text)
    TIM_GenerateEvent                        0x08002eb1   Thumb Code     4  stm32f10x_tim.o(.text)
    TIM_DMAConfig                            0x08002eb5   Thumb Code    10  stm32f10x_tim.o(.text)
    TIM_DMACmd                               0x08002ebf   Thumb Code    18  stm32f10x_tim.o(.text)
    TIM_InternalClockConfig                  0x08002ed1   Thumb Code    12  stm32f10x_tim.o(.text)
    TIM_SelectInputTrigger                   0x08002edd   Thumb Code    18  stm32f10x_tim.o(.text)
    TIM_ITRxExternalClockConfig              0x08002eef   Thumb Code    24  stm32f10x_tim.o(.text)
    TIM_TIxExternalClockConfig               0x08002f07   Thumb Code    62  stm32f10x_tim.o(.text)
    TIM_ETRConfig                            0x08002f45   Thumb Code    28  stm32f10x_tim.o(.text)
    TIM_ETRClockMode1Config                  0x08002f61   Thumb Code    54  stm32f10x_tim.o(.text)
    TIM_ETRClockMode2Config                  0x08002f97   Thumb Code    32  stm32f10x_tim.o(.text)
    TIM_PrescalerConfig                      0x08002fb7   Thumb Code     6  stm32f10x_tim.o(.text)
    TIM_CounterModeConfig                    0x08002fbd   Thumb Code    18  stm32f10x_tim.o(.text)
    TIM_EncoderInterfaceConfig               0x08002fcf   Thumb Code    66  stm32f10x_tim.o(.text)
    TIM_ForcedOC1Config                      0x08003011   Thumb Code    18  stm32f10x_tim.o(.text)
    TIM_ForcedOC2Config                      0x08003023   Thumb Code    26  stm32f10x_tim.o(.text)
    TIM_ForcedOC3Config                      0x0800303d   Thumb Code    18  stm32f10x_tim.o(.text)
    TIM_ForcedOC4Config                      0x0800304f   Thumb Code    26  stm32f10x_tim.o(.text)
    TIM_ARRPreloadConfig                     0x08003069   Thumb Code    24  stm32f10x_tim.o(.text)
    TIM_SelectCOM                            0x08003081   Thumb Code    24  stm32f10x_tim.o(.text)
    TIM_SelectCCDMA                          0x08003099   Thumb Code    24  stm32f10x_tim.o(.text)
    TIM_CCPreloadControl                     0x080030b1   Thumb Code    24  stm32f10x_tim.o(.text)
    TIM_OC1PreloadConfig                     0x080030c9   Thumb Code    18  stm32f10x_tim.o(.text)
    TIM_OC2PreloadConfig                     0x080030db   Thumb Code    26  stm32f10x_tim.o(.text)
    TIM_OC3PreloadConfig                     0x080030f5   Thumb Code    18  stm32f10x_tim.o(.text)
    TIM_OC4PreloadConfig                     0x08003107   Thumb Code    26  stm32f10x_tim.o(.text)
    TIM_OC1FastConfig                        0x08003121   Thumb Code    18  stm32f10x_tim.o(.text)
    TIM_OC2FastConfig                        0x08003133   Thumb Code    26  stm32f10x_tim.o(.text)
    TIM_OC3FastConfig                        0x0800314d   Thumb Code    18  stm32f10x_tim.o(.text)
    TIM_OC4FastConfig                        0x0800315f   Thumb Code    26  stm32f10x_tim.o(.text)
    TIM_ClearOC1Ref                          0x08003179   Thumb Code    18  stm32f10x_tim.o(.text)
    TIM_ClearOC2Ref                          0x0800318b   Thumb Code    24  stm32f10x_tim.o(.text)
    TIM_ClearOC3Ref                          0x080031a3   Thumb Code    18  stm32f10x_tim.o(.text)
    TIM_ClearOC4Ref                          0x080031b5   Thumb Code    24  stm32f10x_tim.o(.text)
    TIM_OC1PolarityConfig                    0x080031cd   Thumb Code    18  stm32f10x_tim.o(.text)
    TIM_OC1NPolarityConfig                   0x080031df   Thumb Code    18  stm32f10x_tim.o(.text)
    TIM_OC2PolarityConfig                    0x080031f1   Thumb Code    26  stm32f10x_tim.o(.text)
    TIM_OC2NPolarityConfig                   0x0800320b   Thumb Code    26  stm32f10x_tim.o(.text)
    TIM_OC3PolarityConfig                    0x08003225   Thumb Code    26  stm32f10x_tim.o(.text)
    TIM_OC3NPolarityConfig                   0x0800323f   Thumb Code    26  stm32f10x_tim.o(.text)
    TIM_OC4PolarityConfig                    0x08003259   Thumb Code    26  stm32f10x_tim.o(.text)
    TIM_CCxCmd                               0x08003273   Thumb Code    30  stm32f10x_tim.o(.text)
    TIM_CCxNCmd                              0x08003291   Thumb Code    30  stm32f10x_tim.o(.text)
    TIM_SelectOCxM                           0x080032af   Thumb Code    82  stm32f10x_tim.o(.text)
    TIM_UpdateDisableConfig                  0x08003301   Thumb Code    24  stm32f10x_tim.o(.text)
    TIM_UpdateRequestConfig                  0x08003319   Thumb Code    24  stm32f10x_tim.o(.text)
    TIM_SelectHallSensor                     0x08003331   Thumb Code    24  stm32f10x_tim.o(.text)
    TIM_SelectOnePulseMode                   0x08003349   Thumb Code    18  stm32f10x_tim.o(.text)
    TIM_SelectOutputTrigger                  0x0800335b   Thumb Code    18  stm32f10x_tim.o(.text)
    TIM_SelectSlaveMode                      0x0800336d   Thumb Code    18  stm32f10x_tim.o(.text)
    TIM_SelectMasterSlaveMode                0x0800337f   Thumb Code    18  stm32f10x_tim.o(.text)
    TIM_SetCounter                           0x08003391   Thumb Code     4  stm32f10x_tim.o(.text)
    TIM_SetAutoreload                        0x08003395   Thumb Code     4  stm32f10x_tim.o(.text)
    TIM_SetCompare1                          0x08003399   Thumb Code     4  stm32f10x_tim.o(.text)
    TIM_SetCompare2                          0x0800339d   Thumb Code     4  stm32f10x_tim.o(.text)
    TIM_SetCompare3                          0x080033a1   Thumb Code     4  stm32f10x_tim.o(.text)
    TIM_SetCompare4                          0x080033a5   Thumb Code     6  stm32f10x_tim.o(.text)
    TIM_SetClockDivision                     0x080033ab   Thumb Code    18  stm32f10x_tim.o(.text)
    TIM_GetCapture1                          0x080033bd   Thumb Code     6  stm32f10x_tim.o(.text)
    TIM_GetCapture2                          0x080033c3   Thumb Code     6  stm32f10x_tim.o(.text)
    TIM_GetCapture3                          0x080033c9   Thumb Code     6  stm32f10x_tim.o(.text)
    TIM_GetCapture4                          0x080033cf   Thumb Code     8  stm32f10x_tim.o(.text)
    TIM_GetCounter                           0x080033d7   Thumb Code     6  stm32f10x_tim.o(.text)
    TIM_GetPrescaler                         0x080033dd   Thumb Code     6  stm32f10x_tim.o(.text)
    TIM_GetFlagStatus                        0x080033e3   Thumb Code    18  stm32f10x_tim.o(.text)
    TIM_ClearFlag                            0x080033f5   Thumb Code     6  stm32f10x_tim.o(.text)
    TIM_GetITStatus                          0x080033fb   Thumb Code    34  stm32f10x_tim.o(.text)
    TIM_ClearITPendingBit                    0x0800341d   Thumb Code     6  stm32f10x_tim.o(.text)
    __use_no_semihosting                     0x08003423   Thumb Code     2  use_no_semi_2.o(.text)
    __2printf                                0x08003425   Thumb Code    20  noretval__2printf.o(.text)
    __2snprintf                              0x0800343d   Thumb Code    48  noretval__2snprintf.o(.text)
    __printf                                 0x08003471   Thumb Code   270  __printf_wp.o(.text)
    __use_two_region_memory                  0x0800357f   Thumb Code     2  heapauxi.o(.text)
    __rt_heap_escrow$2region                 0x08003581   Thumb Code     2  heapauxi.o(.text)
    __rt_heap_expand$2region                 0x08003583   Thumb Code     2  heapauxi.o(.text)
    __I$use$semihosting                      0x08003585   Thumb Code     0  use_no_semi.o(.text)
    __use_no_semihosting_swi                 0x08003585   Thumb Code     2  use_no_semi.o(.text)
    __lib_sel_fp_printf                      0x08003587   Thumb Code     2  _printf_fp_dec.o(.text)
    _printf_fp_dec_real                      0x08003739   Thumb Code   620  _printf_fp_dec.o(.text)
    _printf_char_common                      0x080039af   Thumb Code    32  _printf_char_common.o(.text)
    _sputc                                   0x080039d5   Thumb Code    10  _sputc.o(.text)
    _snputc                                  0x080039df   Thumb Code    16  _snputc.o(.text)
    _printf_char_file                        0x080039f1   Thumb Code    32  _printf_char_file.o(.text)
    __rt_locale                              0x08003a15   Thumb Code     8  rt_locale_intlibspace.o(.text)
    _ll_udiv10                               0x08003a1d   Thumb Code   138  lludiv10.o(.text)
    _printf_fp_infnan                        0x08003aa9   Thumb Code   112  _printf_fp_infnan.o(.text)
    _btod_etento                             0x08003b29   Thumb Code   224  bigflt0.o(.text)
    ferror                                   0x08003c0d   Thumb Code     8  ferror.o(.text)
    __user_libspace                          0x08003c15   Thumb Code     8  libspace.o(.text)
    __user_perproc_libspace                  0x08003c15   Thumb Code     0  libspace.o(.text)
    __user_perthread_libspace                0x08003c15   Thumb Code     0  libspace.o(.text)
    __user_setup_stackheap                   0x08003c1d   Thumb Code    74  sys_stackheap_outer.o(.text)
    exit                                     0x08003c67   Thumb Code    18  exit.o(.text)
    strcmp                                   0x08003c79   Thumb Code   128  strcmpv7m.o(.text)
    _btod_d2e                                0x08003cf9   Thumb Code    62  btod.o(CL$$btod_d2e)
    _d2e_denorm_low                          0x08003d37   Thumb Code    70  btod.o(CL$$btod_d2e_denorm_low)
    _d2e_norm_op1                            0x08003d7d   Thumb Code    96  btod.o(CL$$btod_d2e_norm_op1)
    __btod_div_common                        0x08003ddd   Thumb Code   696  btod.o(CL$$btod_div_common)
    _e2e                                     0x08004115   Thumb Code   220  btod.o(CL$$btod_e2e)
    _btod_ediv                               0x080041f1   Thumb Code    42  btod.o(CL$$btod_ediv)
    _btod_emul                               0x0800421b   Thumb Code    42  btod.o(CL$$btod_emul)
    __btod_mult_common                       0x08004245   Thumb Code   580  btod.o(CL$$btod_mult_common)
    __ARM_fpclassify                         0x08004489   Thumb Code    40  fpclassify.o(i.__ARM_fpclassify)
    _is_digit                                0x080044b1   Thumb Code    14  __printf_wp.o(i._is_digit)
    _get_lc_numeric                          0x080044c1   Thumb Code    44  lc_numeric_c.o(locale$$code)
    __aeabi_d2f                              0x080044ed   Thumb Code     0  d2f.o(x$fpl$d2f)
    _d2f                                     0x080044ed   Thumb Code    98  d2f.o(x$fpl$d2f)
    __aeabi_dadd                             0x08004551   Thumb Code     0  daddsub_clz.o(x$fpl$dadd)
    _dadd                                    0x08004551   Thumb Code   332  daddsub_clz.o(x$fpl$dadd)
    __aeabi_ui2d                             0x080046a1   Thumb Code     0  dflt_clz.o(x$fpl$dfltu)
    _dfltu                                   0x080046a1   Thumb Code    38  dflt_clz.o(x$fpl$dfltu)
    __aeabi_dmul                             0x080046c9   Thumb Code     0  dmul.o(x$fpl$dmul)
    _dmul                                    0x080046c9   Thumb Code   332  dmul.o(x$fpl$dmul)
    __fpl_dnaninf                            0x0800481d   Thumb Code   156  dnaninf.o(x$fpl$dnaninf)
    __fpl_dretinf                            0x080048b9   Thumb Code    12  dretinf.o(x$fpl$dretinf)
    __aeabi_dsub                             0x080048c5   Thumb Code     0  daddsub_clz.o(x$fpl$dsub)
    _dsub                                    0x080048c5   Thumb Code   464  daddsub_clz.o(x$fpl$dsub)
    __aeabi_f2d                              0x08004a99   Thumb Code     0  f2d.o(x$fpl$f2d)
    _f2d                                     0x08004a99   Thumb Code    86  f2d.o(x$fpl$f2d)
    __fpl_fnaninf                            0x08004aef   Thumb Code   140  fnaninf.o(x$fpl$fnaninf)
    __fpl_fretinf                            0x08004b7b   Thumb Code    10  fretinf.o(x$fpl$fretinf)
    _printf_fp_dec                           0x08004b85   Thumb Code     4  printf1.o(x$fpl$printf1)
    F6x8                                     0x08004b88   Data         552  oled.o(.constdata)
    __I$use$fp                               0x08004b88   Number         0  usenofp.o(x$fpl$usenofp)
    F8X16                                    0x08004db0   Data        1520  oled.o(.constdata)
    Region$$Table$$Base                      0x08005434   Number         0  anon$$obj.o(Region$$Table)
    Region$$Table$$Limit                     0x08005454   Number         0  anon$$obj.o(Region$$Table)
    gi1msCount                               0x20000000   Data           4  main.o(.data)
    gc10mscount                              0x20000004   Data           1  main.o(.data)
    gc1sCount                                0x20000005   Data           1  main.o(.data)
    gcPage                                   0x20000006   Data           1  main.o(.data)
    t                                        0x20000007   Data           1  main.o(.data)
    humi                                     0x20000008   Data           4  main.o(.data)
    temp                                     0x2000000c   Data           4  main.o(.data)
    DHT11_Data                               0x20000010   Data           5  main.o(.data)
    SystemCoreClock                          0x20000018   Data           4  system_stm32f10x.o(.data)
    AHBPrescTable                            0x2000001c   Data          16  system_stm32f10x.o(.data)
    Hzk                                      0x2000002c   Data         704  oled.o(.data)
    __stdout                                 0x200002f0   Data           4  usart.o(.data)
    USART_RX_STA                             0x200002f4   Data           2  usart.o(.data)
    gcKeyState                               0x200002f6   Data           1  bsp_key.o(.data)
    gcKeyCount                               0x200002f7   Data           1  bsp_key.o(.data)
    gcKeyValue                               0x200002f8   Data           1  bsp_key.o(.data)
    giKey1Count                              0x200002fa   Data           2  bsp_key.o(.data)
    giKey2Count                              0x200002fc   Data           2  bsp_key.o(.data)
    giKey1_2Count                            0x200002fe   Data           2  bsp_key.o(.data)
    Disp_hour                                0x20000300   Data           1  bsp_key.o(.data)
    Disp_minute                              0x20000301   Data           1  bsp_key.o(.data)
    Key1_3sCount                             0x20000302   Data           1  bsp_key.o(.data)
    gcKeyLock1                               0x20000303   Data           1  bsp_key.o(.data)
    gcKeyLock2                               0x20000304   Data           1  bsp_key.o(.data)
    gcKeyLock1_2                             0x20000305   Data           1  bsp_key.o(.data)
    gcKeyLock1_3s                            0x20000306   Data           1  bsp_key.o(.data)
    gcKeyLock2_3s                            0x20000307   Data           1  bsp_key.o(.data)
    gcKeyCount2                              0x20000308   Data           1  bsp_key.o(.data)
    BMP1                                     0x20000310   Data        1024  display.o(.data)
    IRdatas                                  0x20000710   Data           1  bsp_generaltim.o(.data)
    IRval                                    0x20000711   Data           1  bsp_generaltim.o(.data)
    RmtCnt                                   0x20000712   Data           1  bsp_generaltim.o(.data)
    Remote                                   0x20000713   Data           1  bsp_generaltim.o(.data)
    MyFlag                                   0x20000728   Data          12  main.o(.bss)
    cStr                                     0x20000734   Data         100  main.o(.bss)
    Humi                                     0x20000798   Data          10  main.o(.bss)
    Temp                                     0x200007a2   Data          10  main.o(.bss)
    USART_RX_BUF                             0x200007ac   Data         200  usart.o(.bss)
    TIM_ICUserValueStructure                 0x20000874   Data          10  bsp_generaltim.o(.bss)
    TIM_Values                               0x2000087e   Data          10  bsp_generaltim.o(.bss)
    __libspace_start                         0x20000888   Data          96  libspace.o(.bss)
    __temporary_stack_top$libspace           0x200008e8   Data           0  libspace.o(.bss)



==============================================================================

Memory Map of the image

  Image Entry point : 0x08000131

  Load Region LR_IROM1 (Base: 0x08000000, Size: 0x00005b98, Max: 0x00040000, ABSOLUTE, COMPRESSED[0x0000568c])

    Execution Region ER_IROM1 (Exec base: 0x08000000, Load base: 0x08000000, Size: 0x00005470, Max: 0x00040000, ABSOLUTE)

    Exec Addr    Load Addr    Size         Type   Attr      Idx    E Section Name        Object

    0x08000000   0x08000000   0x00000130   Data   RO          341    RESET               startup_stm32f10x_hd.o
    0x08000130   0x08000130   0x00000008   Code   RO          446  * !!!main             c_w.l(__main.o)
    0x08000138   0x08000138   0x00000034   Code   RO          694    !!!scatter          c_w.l(__scatter.o)
    0x0800016c   0x0800016c   0x0000005a   Code   RO          692    !!dczerorl2         c_w.l(__dczerorl2.o)
    0x080001c6   0x080001c6   0x00000002   PAD
    0x080001c8   0x080001c8   0x0000001c   Code   RO          696    !!handler_zi        c_w.l(__scatter_zi.o)
    0x080001e4   0x080001e4   0x00000000   Code   RO          443    .ARM.Collect$$_printf_percent$$00000000  c_w.l(_printf_percent.o)
    0x080001e4   0x080001e4   0x00000006   Code   RO          442    .ARM.Collect$$_printf_percent$$00000003  c_w.l(_printf_f.o)
    0x080001ea   0x080001ea   0x00000004   Code   RO          481    .ARM.Collect$$_printf_percent$$00000017  c_w.l(_printf_percent_end.o)
    0x080001ee   0x080001ee   0x00000002   Code   RO          567    .ARM.Collect$$libinit$$00000000  c_w.l(libinit.o)
    0x080001f0   0x080001f0   0x00000000   Code   RO          569    .ARM.Collect$$libinit$$00000002  c_w.l(libinit2.o)
    0x080001f0   0x080001f0   0x00000000   Code   RO          571    .ARM.Collect$$libinit$$00000004  c_w.l(libinit2.o)
    0x080001f0   0x080001f0   0x00000000   Code   RO          574    .ARM.Collect$$libinit$$0000000A  c_w.l(libinit2.o)
    0x080001f0   0x080001f0   0x00000000   Code   RO          576    .ARM.Collect$$libinit$$0000000C  c_w.l(libinit2.o)
    0x080001f0   0x080001f0   0x00000000   Code   RO          578    .ARM.Collect$$libinit$$0000000E  c_w.l(libinit2.o)
    0x080001f0   0x080001f0   0x00000006   Code   RO          579    .ARM.Collect$$libinit$$0000000F  c_w.l(libinit2.o)
    0x080001f6   0x080001f6   0x00000000   Code   RO          581    .ARM.Collect$$libinit$$00000011  c_w.l(libinit2.o)
    0x080001f6   0x080001f6   0x00000000   Code   RO          583    .ARM.Collect$$libinit$$00000013  c_w.l(libinit2.o)
    0x080001f6   0x080001f6   0x00000000   Code   RO          585    .ARM.Collect$$libinit$$00000015  c_w.l(libinit2.o)
    0x080001f6   0x080001f6   0x0000000a   Code   RO          586    .ARM.Collect$$libinit$$00000016  c_w.l(libinit2.o)
    0x08000200   0x08000200   0x00000000   Code   RO          587    .ARM.Collect$$libinit$$00000017  c_w.l(libinit2.o)
    0x08000200   0x08000200   0x00000000   Code   RO          589    .ARM.Collect$$libinit$$00000019  c_w.l(libinit2.o)
    0x08000200   0x08000200   0x00000000   Code   RO          591    .ARM.Collect$$libinit$$0000001B  c_w.l(libinit2.o)
    0x08000200   0x08000200   0x00000000   Code   RO          593    .ARM.Collect$$libinit$$0000001D  c_w.l(libinit2.o)
    0x08000200   0x08000200   0x00000000   Code   RO          595    .ARM.Collect$$libinit$$0000001F  c_w.l(libinit2.o)
    0x08000200   0x08000200   0x00000000   Code   RO          597    .ARM.Collect$$libinit$$00000021  c_w.l(libinit2.o)
    0x08000200   0x08000200   0x00000000   Code   RO          599    .ARM.Collect$$libinit$$00000023  c_w.l(libinit2.o)
    0x08000200   0x08000200   0x00000000   Code   RO          601    .ARM.Collect$$libinit$$00000025  c_w.l(libinit2.o)
    0x08000200   0x08000200   0x00000000   Code   RO          605    .ARM.Collect$$libinit$$0000002C  c_w.l(libinit2.o)
    0x08000200   0x08000200   0x00000000   Code   RO          607    .ARM.Collect$$libinit$$0000002E  c_w.l(libinit2.o)
    0x08000200   0x08000200   0x00000000   Code   RO          609    .ARM.Collect$$libinit$$00000030  c_w.l(libinit2.o)
    0x08000200   0x08000200   0x00000000   Code   RO          611    .ARM.Collect$$libinit$$00000032  c_w.l(libinit2.o)
    0x08000200   0x08000200   0x00000002   Code   RO          612    .ARM.Collect$$libinit$$00000033  c_w.l(libinit2.o)
    0x08000202   0x08000202   0x00000002   Code   RO          640    .ARM.Collect$$libshutdown$$00000000  c_w.l(libshutdown.o)
    0x08000204   0x08000204   0x00000000   Code   RO          649    .ARM.Collect$$libshutdown$$00000002  c_w.l(libshutdown2.o)
    0x08000204   0x08000204   0x00000000   Code   RO          651    .ARM.Collect$$libshutdown$$00000004  c_w.l(libshutdown2.o)
    0x08000204   0x08000204   0x00000000   Code   RO          653    .ARM.Collect$$libshutdown$$00000006  c_w.l(libshutdown2.o)
    0x08000204   0x08000204   0x00000000   Code   RO          656    .ARM.Collect$$libshutdown$$00000009  c_w.l(libshutdown2.o)
    0x08000204   0x08000204   0x00000000   Code   RO          659    .ARM.Collect$$libshutdown$$0000000C  c_w.l(libshutdown2.o)
    0x08000204   0x08000204   0x00000000   Code   RO          661    .ARM.Collect$$libshutdown$$0000000E  c_w.l(libshutdown2.o)
    0x08000204   0x08000204   0x00000000   Code   RO          664    .ARM.Collect$$libshutdown$$00000011  c_w.l(libshutdown2.o)
    0x08000204   0x08000204   0x00000002   Code   RO          665    .ARM.Collect$$libshutdown$$00000012  c_w.l(libshutdown2.o)
    0x08000206   0x08000206   0x00000000   Code   RO          470    .ARM.Collect$$rtentry$$00000000  c_w.l(__rtentry.o)
    0x08000206   0x08000206   0x00000000   Code   RO          492    .ARM.Collect$$rtentry$$00000002  c_w.l(__rtentry2.o)
    0x08000206   0x08000206   0x00000006   Code   RO          504    .ARM.Collect$$rtentry$$00000004  c_w.l(__rtentry4.o)
    0x0800020c   0x0800020c   0x00000000   Code   RO          494    .ARM.Collect$$rtentry$$00000009  c_w.l(__rtentry2.o)
    0x0800020c   0x0800020c   0x00000004   Code   RO          495    .ARM.Collect$$rtentry$$0000000A  c_w.l(__rtentry2.o)
    0x08000210   0x08000210   0x00000000   Code   RO          497    .ARM.Collect$$rtentry$$0000000C  c_w.l(__rtentry2.o)
    0x08000210   0x08000210   0x00000008   Code   RO          498    .ARM.Collect$$rtentry$$0000000D  c_w.l(__rtentry2.o)
    0x08000218   0x08000218   0x00000002   Code   RO          613    .ARM.Collect$$rtexit$$00000000  c_w.l(rtexit.o)
    0x0800021a   0x0800021a   0x00000000   Code   RO          620    .ARM.Collect$$rtexit$$00000002  c_w.l(rtexit2.o)
    0x0800021a   0x0800021a   0x00000004   Code   RO          621    .ARM.Collect$$rtexit$$00000003  c_w.l(rtexit2.o)
    0x0800021e   0x0800021e   0x00000006   Code   RO          622    .ARM.Collect$$rtexit$$00000004  c_w.l(rtexit2.o)
    0x08000224   0x08000224   0x00000188   Code   RO            1    .text               main.o
    0x080003ac   0x080003ac   0x00000058   Code   RO           99    .text               stm32f10x_it.o
    0x08000404   0x08000404   0x000001e0   Code   RO          132    .text               system_stm32f10x.o
    0x080005e4   0x080005e4   0x00000624   Code   RO          150    .text               oled.o
    0x08000c08   0x08000c08   0x000000d4   Code   RO          169    .text               delay.o
    0x08000cdc   0x08000cdc   0x0000000c   Code   RO          183    .text               sys.o
    0x08000ce8   0x08000ce8   0x0000016c   Code   RO          195    .text               usart.o
    0x08000e54   0x08000e54   0x00000294   Code   RO          218    .text               bsp_key.o
    0x080010e8   0x080010e8   0x00000078   Code   RO          238    .text               bsp_timer.o
    0x08001160   0x08001160   0x00000120   Code   RO          250    .text               bsp_systick.o
    0x08001280   0x08001280   0x0000004c   Code   RO          268    .text               bsp_led.o
    0x080012cc   0x080012cc   0x00000180   Code   RO          280    .text               bsp_dht11.o
    0x0800144c   0x0800144c   0x00000184   Code   RO          292    .text               display.o
    0x080015d0   0x080015d0   0x00000414   Code   RO          311    .text               bsp_generaltim.o
    0x080019e4   0x080019e4   0x00000040   Code   RO          342    .text               startup_stm32f10x_hd.o
    0x08001a24   0x08001a24   0x000000dc   Code   RO          346    .text               misc.o
    0x08001b00   0x08001b00   0x0000035c   Code   RO          358    .text               stm32f10x_gpio.o
    0x08001e5c   0x08001e5c   0x000003a4   Code   RO          370    .text               stm32f10x_rcc.o
    0x08002200   0x08002200   0x00000408   Code   RO          384    .text               stm32f10x_usart.o
    0x08002608   0x08002608   0x00000e1a   Code   RO          396    .text               stm32f10x_tim.o
    0x08003422   0x08003422   0x00000002   Code   RO          410    .text               c_w.l(use_no_semi_2.o)
    0x08003424   0x08003424   0x00000018   Code   RO          416    .text               c_w.l(noretval__2printf.o)
    0x0800343c   0x0800343c   0x00000034   Code   RO          418    .text               c_w.l(noretval__2snprintf.o)
    0x08003470   0x08003470   0x0000010e   Code   RO          430    .text               c_w.l(__printf_wp.o)
    0x0800357e   0x0800357e   0x00000006   Code   RO          444    .text               c_w.l(heapauxi.o)
    0x08003584   0x08003584   0x00000002   Code   RO          468    .text               c_w.l(use_no_semi.o)
    0x08003586   0x08003586   0x0000041e   Code   RO          471    .text               c_w.l(_printf_fp_dec.o)
    0x080039a4   0x080039a4   0x00000030   Code   RO          473    .text               c_w.l(_printf_char_common.o)
    0x080039d4   0x080039d4   0x0000000a   Code   RO          475    .text               c_w.l(_sputc.o)
    0x080039de   0x080039de   0x00000010   Code   RO          477    .text               c_w.l(_snputc.o)
    0x080039ee   0x080039ee   0x00000002   PAD
    0x080039f0   0x080039f0   0x00000024   Code   RO          479    .text               c_w.l(_printf_char_file.o)
    0x08003a14   0x08003a14   0x00000008   Code   RO          509    .text               c_w.l(rt_locale_intlibspace.o)
    0x08003a1c   0x08003a1c   0x0000008a   Code   RO          511    .text               c_w.l(lludiv10.o)
    0x08003aa6   0x08003aa6   0x00000002   PAD
    0x08003aa8   0x08003aa8   0x00000080   Code   RO          513    .text               c_w.l(_printf_fp_infnan.o)
    0x08003b28   0x08003b28   0x000000e4   Code   RO          517    .text               c_w.l(bigflt0.o)
    0x08003c0c   0x08003c0c   0x00000008   Code   RO          542    .text               c_w.l(ferror.o)
    0x08003c14   0x08003c14   0x00000008   Code   RO          553    .text               c_w.l(libspace.o)
    0x08003c1c   0x08003c1c   0x0000004a   Code   RO          556    .text               c_w.l(sys_stackheap_outer.o)
    0x08003c66   0x08003c66   0x00000012   Code   RO          558    .text               c_w.l(exit.o)
    0x08003c78   0x08003c78   0x00000080   Code   RO          560    .text               c_w.l(strcmpv7m.o)
    0x08003cf8   0x08003cf8   0x0000003e   Code   RO          520    CL$$btod_d2e        c_w.l(btod.o)
    0x08003d36   0x08003d36   0x00000046   Code   RO          522    CL$$btod_d2e_denorm_low  c_w.l(btod.o)
    0x08003d7c   0x08003d7c   0x00000060   Code   RO          521    CL$$btod_d2e_norm_op1  c_w.l(btod.o)
    0x08003ddc   0x08003ddc   0x00000338   Code   RO          530    CL$$btod_div_common  c_w.l(btod.o)
    0x08004114   0x08004114   0x000000dc   Code   RO          527    CL$$btod_e2e        c_w.l(btod.o)
    0x080041f0   0x080041f0   0x0000002a   Code   RO          524    CL$$btod_ediv       c_w.l(btod.o)
    0x0800421a   0x0800421a   0x0000002a   Code   RO          523    CL$$btod_emul       c_w.l(btod.o)
    0x08004244   0x08004244   0x00000244   Code   RO          529    CL$$btod_mult_common  c_w.l(btod.o)
    0x08004488   0x08004488   0x00000028   Code   RO          551    i.__ARM_fpclassify  m_ws.l(fpclassify.o)
    0x080044b0   0x080044b0   0x0000000e   Code   RO          432    i._is_digit         c_w.l(__printf_wp.o)
    0x080044be   0x080044be   0x00000002   PAD
    0x080044c0   0x080044c0   0x0000002c   Code   RO          547    locale$$code        c_w.l(lc_numeric_c.o)
    0x080044ec   0x080044ec   0x00000062   Code   RO          448    x$fpl$d2f           fz_ws.l(d2f.o)
    0x0800454e   0x0800454e   0x00000002   PAD
    0x08004550   0x08004550   0x00000150   Code   RO          450    x$fpl$dadd          fz_ws.l(daddsub_clz.o)
    0x080046a0   0x080046a0   0x00000026   Code   RO          456    x$fpl$dfltu         fz_ws.l(dflt_clz.o)
    0x080046c6   0x080046c6   0x00000002   PAD
    0x080046c8   0x080046c8   0x00000154   Code   RO          462    x$fpl$dmul          fz_ws.l(dmul.o)
    0x0800481c   0x0800481c   0x0000009c   Code   RO          482    x$fpl$dnaninf       fz_ws.l(dnaninf.o)
    0x080048b8   0x080048b8   0x0000000c   Code   RO          484    x$fpl$dretinf       fz_ws.l(dretinf.o)
    0x080048c4   0x080048c4   0x000001d4   Code   RO          452    x$fpl$dsub          fz_ws.l(daddsub_clz.o)
    0x08004a98   0x08004a98   0x00000056   Code   RO          464    x$fpl$f2d           fz_ws.l(f2d.o)
    0x08004aee   0x08004aee   0x0000008c   Code   RO          486    x$fpl$fnaninf       fz_ws.l(fnaninf.o)
    0x08004b7a   0x08004b7a   0x0000000a   Code   RO          488    x$fpl$fretinf       fz_ws.l(fretinf.o)
    0x08004b84   0x08004b84   0x00000004   Code   RO          466    x$fpl$printf1       fz_ws.l(printf1.o)
    0x08004b88   0x08004b88   0x00000000   Code   RO          490    x$fpl$usenofp       fz_ws.l(usenofp.o)
    0x08004b88   0x08004b88   0x00000818   Data   RO          151    .constdata          oled.o
    0x080053a0   0x080053a0   0x00000094   Data   RO          518    .constdata          c_w.l(bigflt0.o)
    0x08005434   0x08005434   0x00000020   Data   RO          690    Region$$Table       anon$$obj.o
    0x08005454   0x08005454   0x0000001c   Data   RO          546    locale$$data        c_w.l(lc_numeric_c.o)


    Execution Region RW_IRAM1 (Exec base: 0x20000000, Load base: 0x08005470, Size: 0x00000ee8, Max: 0x0000c000, ABSOLUTE, COMPRESSED[0x0000021c])

    Exec Addr    Load Addr    Size         Type   Attr      Idx    E Section Name        Object

    0x20000000   COMPRESSED   0x00000015   Data   RW            3    .data               main.o
    0x20000015   COMPRESSED   0x00000003   PAD
    0x20000018   COMPRESSED   0x00000014   Data   RW          133    .data               system_stm32f10x.o
    0x2000002c   COMPRESSED   0x000002c0   Data   RW          152    .data               oled.o
    0x200002ec   COMPRESSED   0x00000004   Data   RW          170    .data               delay.o
    0x200002f0   COMPRESSED   0x00000006   Data   RW          197    .data               usart.o
    0x200002f6   COMPRESSED   0x00000013   Data   RW          219    .data               bsp_key.o
    0x20000309   COMPRESSED   0x00000003   PAD
    0x2000030c   COMPRESSED   0x00000004   Data   RW          251    .data               bsp_systick.o
    0x20000310   COMPRESSED   0x00000400   Data   RW          293    .data               display.o
    0x20000710   COMPRESSED   0x00000004   Data   RW          313    .data               bsp_generaltim.o
    0x20000714   COMPRESSED   0x00000014   Data   RW          371    .data               stm32f10x_rcc.o
    0x20000728        -       0x00000084   Zero   RW            2    .bss                main.o
    0x200007ac        -       0x000000c8   Zero   RW          196    .bss                usart.o
    0x20000874        -       0x00000014   Zero   RW          312    .bss                bsp_generaltim.o
    0x20000888        -       0x00000060   Zero   RW          554    .bss                c_w.l(libspace.o)
    0x200008e8        -       0x00000200   Zero   RW          340    HEAP                startup_stm32f10x_hd.o
    0x20000ae8        -       0x00000400   Zero   RW          339    STACK               startup_stm32f10x_hd.o


==============================================================================

Image component sizes


      Code (inc. data)   RO Data    RW Data    ZI Data      Debug   Object Name

       384          6          0          0          0       1800   bsp_dht11.o
      1044        122          0          4         20       2213   bsp_generaltim.o
       660         86          0         19          0       1936   bsp_key.o
        76         10          0          0          0        507   bsp_led.o
       288         22          0          4          0      16998   bsp_systick.o
       120          6          0          0          0        797   bsp_timer.o
         0          0          0          0          0         32   core_cm3.o
       212         18          0          4          0       1059   delay.o
       388         86          0       1024          0       1457   display.o
       392         82          0         21        132     258883   main.o
       220         22          0          0          0       1821   misc.o
      1572         22       2072        704          0       7280   oled.o
        64         26        304          0       1536        812   startup_stm32f10x_hd.o
       860         38          0          0          0       5753   stm32f10x_gpio.o
        88         14          0          0          0       1410   stm32f10x_it.o
       932         36          0         20          0       8944   stm32f10x_rcc.o
      3610         88          0          0          0      22864   stm32f10x_tim.o
      1032         22          0          0          0       8480   stm32f10x_usart.o
        12          0          0          0          0        461   sys.o
       480         38          0         20          0       1767   system_stm32f10x.o
       364         34          0          6        200       3242   usart.o

    ----------------------------------------------------------------------
     12798        778       2408       1832       1888     348516   Object Totals
         0          0         32          0          0          0   (incl. Generated)
         0          0          0          6          0          0   (incl. Padding)

    ----------------------------------------------------------------------

      Code (inc. data)   RO Data    RW Data    ZI Data      Debug   Library Member Name

        90          0          0          0          0          0   __dczerorl2.o
         8          0          0          0          0         68   __main.o
       284          0          0          0          0        156   __printf_wp.o
         0          0          0          0          0          0   __rtentry.o
        12          0          0          0          0          0   __rtentry2.o
         6          0          0          0          0          0   __rtentry4.o
        52          8          0          0          0          0   __scatter.o
        28          0          0          0          0          0   __scatter_zi.o
        48          6          0          0          0         96   _printf_char_common.o
        36          4          0          0          0         80   _printf_char_file.o
         6          0          0          0          0          0   _printf_f.o
      1054          0          0          0          0        216   _printf_fp_dec.o
       128         16          0          0          0         84   _printf_fp_infnan.o
         0          0          0          0          0          0   _printf_percent.o
         4          0          0          0          0          0   _printf_percent_end.o
        16          0          0          0          0         68   _snputc.o
        10          0          0          0          0         68   _sputc.o
       228          4        148          0          0         96   bigflt0.o
      1936        128          0          0          0        672   btod.o
        18          0          0          0          0         80   exit.o
         8          0          0          0          0         68   ferror.o
         6          0          0          0          0        152   heapauxi.o
        44         10         28          0          0         76   lc_numeric_c.o
         2          0          0          0          0          0   libinit.o
        18          0          0          0          0          0   libinit2.o
         2          0          0          0          0          0   libshutdown.o
         2          0          0          0          0          0   libshutdown2.o
         8          4          0          0         96         68   libspace.o
       138          0          0          0          0         80   lludiv10.o
        24          4          0          0          0         84   noretval__2printf.o
        52          4          0          0          0         84   noretval__2snprintf.o
         8          4          0          0          0         68   rt_locale_intlibspace.o
         2          0          0          0          0          0   rtexit.o
        10          0          0          0          0          0   rtexit2.o
       128          0          0          0          0         68   strcmpv7m.o
        74          0          0          0          0         80   sys_stackheap_outer.o
         2          0          0          0          0         68   use_no_semi.o
         2          0          0          0          0         68   use_no_semi_2.o
        98          4          0          0          0         92   d2f.o
       804         16          0          0          0        272   daddsub_clz.o
        38          0          0          0          0         68   dflt_clz.o
       340         12          0          0          0        104   dmul.o
       156          4          0          0          0         92   dnaninf.o
        12          0          0          0          0         68   dretinf.o
        86          4          0          0          0         84   f2d.o
       140          4          0          0          0         84   fnaninf.o
        10          0          0          0          0         68   fretinf.o
         4          0          0          0          0         68   printf1.o
         0          0          0          0          0          0   usenofp.o
        40          0          0          0          0         68   fpclassify.o

    ----------------------------------------------------------------------
      6234        236        176          0         96       3716   Library Totals
        12          0          0          0          0          0   (incl. Padding)

    ----------------------------------------------------------------------

      Code (inc. data)   RO Data    RW Data    ZI Data      Debug   Library Name

      4494        192        176          0         96       2648   c_w.l
      1688         44          0          0          0       1000   fz_ws.l
        40          0          0          0          0         68   m_ws.l

    ----------------------------------------------------------------------
      6234        236        176          0         96       3716   Library Totals

    ----------------------------------------------------------------------

==============================================================================


      Code (inc. data)   RO Data    RW Data    ZI Data      Debug   

     19032       1014       2584       1832       1984     348692   Grand Totals
     19032       1014       2584        540       1984     348692   ELF Image Totals (compressed)
     19032       1014       2584        540          0          0   ROM Totals

==============================================================================

    Total RO  Size (Code + RO Data)                21616 (  21.11kB)
    Total RW  Size (RW Data + ZI Data)              3816 (   3.73kB)
    Total ROM Size (Code + RO Data + RW Data)      22156 (  21.64kB)

==============================================================================

