Component: ARM Compiler 5.06 update 7 (build 960) Tool: armlink [4d3601]

==============================================================================

Section Cross References

    main.o(.text) refers to _printf_percent.o(.ARM.Collect$$_printf_percent$$00000000) for _printf_percent
    main.o(.text) refers to _printf_f.o(.ARM.Collect$$_printf_percent$$00000003) for _printf_f
    main.o(.text) refers to printf1.o(x$fpl$printf1) for _printf_fp_dec
    main.o(.text) refers to _printf_d.o(.ARM.Collect$$_printf_percent$$00000009) for _printf_d
    main.o(.text) refers to _printf_dec.o(.text) for _printf_int_dec
    main.o(.text) refers to bsp_systick.o(.text) for SysTick_Init
    main.o(.text) refers to delay.o(.text) for delay_init
    main.o(.text) refers to sys.o(.text) for NVIC_Configuration
    main.o(.text) refers to bsp_generaltim.o(.text) for GENERAL_TIM_Init
    main.o(.text) refers to bsp_led.o(.text) for LED_Init
    main.o(.text) refers to bsp_key.o(.text) for Key_Init
    main.o(.text) refers to bsp_timer.o(.text) for BASIC_TIM_Init
    main.o(.text) refers to usart.o(.text) for uart_init
    main.o(.text) refers to bsp_dht11.o(.text) for DHT11_Init
    main.o(.text) refers to oled.o(.text) for OLED_Init
    main.o(.text) refers to display.o(.text) for Display_Update
    main.o(.text) refers to dflt_clz.o(x$fpl$dfltu) for __aeabi_ui2d
    main.o(.text) refers to dmul.o(x$fpl$dmul) for __aeabi_dmul
    main.o(.text) refers to daddsub_clz.o(x$fpl$dadd) for __aeabi_dadd
    main.o(.text) refers to d2f.o(x$fpl$d2f) for __aeabi_d2f
    main.o(.text) refers to f2d.o(x$fpl$f2d) for __aeabi_f2d
    main.o(.text) refers to noretval__2snprintf.o(.text) for __2snprintf
    main.o(.text) refers to noretval__2printf.o(.text) for __2printf
    main.o(.text) refers to main.o(.data) for t
    main.o(.text) refers to bsp_generaltim.o(.data) for Remote
    main.o(.text) refers to main.o(.bss) for Humi
    stm32f10x_it.o(.text) refers to stm32f10x_tim.o(.text) for TIM_GetITStatus
    stm32f10x_it.o(.text) refers to bsp_systick.o(.text) for TimingDelay_Decrement
    stm32f10x_it.o(.text) refers to main.o(.data) for gc10mscount
    system_stm32f10x.o(.text) refers to system_stm32f10x.o(.data) for SystemCoreClock
    oled.o(.text) refers to stm32f10x_gpio.o(.text) for GPIO_SetBits
    oled.o(.text) refers to oled.o(.constdata) for F8X16
    oled.o(.text) refers to stm32f10x_rcc.o(.text) for RCC_APB2PeriphClockCmd
    oled.o(.text) refers to delay.o(.text) for delay_ms
    oled.o(.text) refers to oled.o(.data) for Hzk
    delay.o(.text) refers to misc.o(.text) for SysTick_CLKSourceConfig
    delay.o(.text) refers to system_stm32f10x.o(.data) for SystemCoreClock
    delay.o(.text) refers to delay.o(.data) for fac_us
    sys.o(.text) refers to misc.o(.text) for NVIC_PriorityGroupConfig
    usart.o(.text) refers (Special) to use_no_semi_2.o(.text) for __use_no_semihosting
    usart.o(.text) refers to stm32f10x_rcc.o(.text) for RCC_APB2PeriphClockCmd
    usart.o(.text) refers to stm32f10x_gpio.o(.text) for GPIO_Init
    usart.o(.text) refers to misc.o(.text) for NVIC_Init
    usart.o(.text) refers to stm32f10x_usart.o(.text) for USART_Init
    usart.o(.text) refers to noretval__2printf.o(.text) for __2printf
    usart.o(.text) refers to usart.o(.data) for USART_RX_STA
    usart.o(.text) refers to usart.o(.bss) for USART_RX_BUF
    usart.o(.bss) refers (Special) to use_no_semi_2.o(.text) for __use_no_semihosting
    usart.o(.data) refers (Special) to use_no_semi_2.o(.text) for __use_no_semihosting
    bsp_key.o(.text) refers to stm32f10x_rcc.o(.text) for RCC_APB2PeriphClockCmd
    bsp_key.o(.text) refers to stm32f10x_gpio.o(.text) for GPIO_Init
    bsp_key.o(.text) refers to oled.o(.text) for OLED_Clear
    bsp_key.o(.text) refers to noretval__2printf.o(.text) for __2printf
    bsp_key.o(.text) refers to bsp_key.o(.data) for gcKeyState
    bsp_key.o(.text) refers to main.o(.bss) for MyFlag
    bsp_key.o(.text) refers to main.o(.data) for gcPage
    bsp_timer.o(.text) refers to misc.o(.text) for NVIC_PriorityGroupConfig
    bsp_timer.o(.text) refers to stm32f10x_rcc.o(.text) for RCC_APB1PeriphClockCmd
    bsp_timer.o(.text) refers to stm32f10x_tim.o(.text) for TIM_TimeBaseInit
    bsp_systick.o(.text) refers to system_stm32f10x.o(.data) for SystemCoreClock
    bsp_systick.o(.text) refers to bsp_systick.o(.data) for TimingDelay
    bsp_led.o(.text) refers to stm32f10x_rcc.o(.text) for RCC_APB2PeriphClockCmd
    bsp_led.o(.text) refers to stm32f10x_gpio.o(.text) for GPIO_Init
    bsp_dht11.o(.text) refers to stm32f10x_rcc.o(.text) for RCC_APB2PeriphClockCmd
    bsp_dht11.o(.text) refers to stm32f10x_gpio.o(.text) for GPIO_Init
    bsp_dht11.o(.text) refers to bsp_systick.o(.text) for SysTick_Delay_Us
    display.o(.text) refers to oled.o(.text) for OLED_ShowString
    display.o(.text) refers to main.o(.bss) for Temp
    display.o(.text) refers to display.o(.data) for BMP1
    display.o(.text) refers to main.o(.data) for t
[...]
    ../fplib/istatus.s                       0x00000000   Number         0  istatus.o ABSOLUTE
    ../fplib/printf1.s                       0x00000000   Number         0  printf1.o ABSOLUTE
    ../fplib/usenofp.s                       0x00000000   Number         0  usenofp.o ABSOLUTE
    ../mathlib/fpclassify.c                  0x00000000   Number         0  fpclassify.o ABSOLUTE
    ..\CORE\core_cm3.c                       0x00000000   Number         0  core_cm3.o ABSOLUTE
    ..\CORE\startup_stm32f10x_hd.s           0x00000000   Number         0  startup_stm32f10x_hd.o ABSOLUTE
    ..\HARDWARE\OLED\oled.c                  0x00000000   Number         0  oled.o ABSOLUTE
    ..\STM32F10x_FWLib\src\misc.c            0x00000000   Number         0  misc.o ABSOLUTE
    ..\STM32F10x_FWLib\src\stm32f10x_gpio.c  0x00000000   Number         0  stm32f10x_gpio.o ABSOLUTE
    ..\STM32F10x_FWLib\src\stm32f10x_rcc.c   0x00000000   Number         0  stm32f10x_rcc.o ABSOLUTE
    ..\STM32F10x_FWLib\src\stm32f10x_tim.c   0x00000000   Number         0  stm32f10x_tim.o ABSOLUTE
    ..\STM32F10x_FWLib\src\stm32f10x_usart.c 0x00000000   Number         0  stm32f10x_usart.o ABSOLUTE
    ..\SYSTEM\Display\Display.c              0x00000000   Number         0  display.o ABSOLUTE
    ..\SYSTEM\GeneralTim\bsp_GeneralTim.c    0x00000000   Number         0  bsp_generaltim.o ABSOLUTE
    ..\SYSTEM\SysTick\bsp_SysTick.c          0x00000000   Number         0  bsp_systick.o ABSOLUTE
    ..\SYSTEM\Timer\bsp_timer.c              0x00000000   Number         0  bsp_timer.o ABSOLUTE
    ..\SYSTEM\delay\delay.c                  0x00000000   Number         0  delay.o ABSOLUTE
    ..\SYSTEM\dht11\bsp_dht11.c              0x00000000   Number         0  bsp_dht11.o ABSOLUTE
    ..\SYSTEM\key\bsp_key.c                  0x00000000   Number         0  bsp_key.o ABSOLUTE
    ..\SYSTEM\led\bsp_led.c                  0x00000000   Number         0  bsp_led.o ABSOLUTE
    ..\SYSTEM\sys\sys.c                      0x00000000   Number         0  sys.o ABSOLUTE
    ..\SYSTEM\usart\usart.c                  0x00000000   Number         0  usart.o ABSOLUTE
    ..\\CORE\\core_cm3.c                     0x00000000   Number         0  core_cm3.o ABSOLUTE
    dc.s                                     0x00000000   Number         0  dc.o ABSOLUTE
    main.c                                   0x00000000   Number         0  main.o ABSOLUTE
    stm32f10x_it.c                           0x00000000   Number         0  stm32f10x_it.o ABSOLUTE
    system_stm32f10x.c                       0x00000000   Number         0  system_stm32f10x.o ABSOLUTE
    RESET                                    0x08000000   Section      304  startup_stm32f10x_hd.o(RESET)
    !!!main                                  0x08000130   Section        8  __main.o(!!!main)
    !!!scatter                               0x08000138   Section       52  __scatter.o(!!!scatter)
    !!dczerorl2                              0x0800016c   Section       90  __dczerorl2.o(!!dczerorl2)
    !!handler_zi                             0x080001c8   Section       28  __scatter_zi.o(!!handler_zi)
    .ARM.Collect$$_printf_percent$$00000000  0x080001e4   Section        0  _printf_percent.o(.ARM.Collect$$_printf_percent$$00000000)
    .ARM.Collect$$_printf_percent$$00000003  0x080001e4   Section        6  _printf_f.o(.ARM.Collect$$_printf_percent$$00000003)
    .ARM.Collect$$_printf_percent$$00000009  0x080001ea   Section        6  _printf_d.o(.ARM.Collect$$_printf_percent$$00000009)
    .ARM.Collect$$_printf_percent$$00000017  0x080001f0   Section        4  _printf_percent_end.o(.ARM.Collect$$_printf_percent$$00000017)
    .ARM.Collect$$libinit$$00000000          0x080001f4   Section        2  libinit.o(.ARM.Collect$$libinit$$00000000)
    .ARM.Collect$$libinit$$00000002          0x080001f6   Section        0  libinit2.o(.ARM.Collect$$libinit$$00000002)
    .ARM.Collect$$libinit$$00000004          0x080001f6   Section        0  libinit2.o(.ARM.Collect$$libinit$$00000004)
    .ARM.Collect$$libinit$$0000000A          0x080001f6   Section        0  libinit2.o(.ARM.Collect$$libinit$$0000000A)
    .ARM.Collect$$libinit$$0000000C          0x080001f6   Section        0  libinit2.o(.ARM.Collect$$libinit$$0000000C)
    .ARM.Collect$$libinit$$0000000E          0x080001f6   Section        0  libinit2.o(.ARM.Collect$$libinit$$0000000E)
    .ARM.Collect$$libinit$$0000000F          0x080001f6   Section        6  libinit2.o(.ARM.Collect$$libinit$$0000000F)
    .ARM.Collect$$libinit$$00000011          0x080001fc   Section        0  libinit2.o(.ARM.Collect$$libinit$$00000011)
    .ARM.Collect$$libinit$$00000013          0x080001fc   Section        0  libinit2.o(.ARM.Collect$$libinit$$00000013)
    .ARM.Collect$$libinit$$00000015          0x080001fc   Section        0  libinit2.o(.ARM.Collect$$libinit$$00000015)
    .ARM.Collect$$libinit$$00000016          0x080001fc   Section       10  libinit2.o(.ARM.Collect$$libinit$$00000016)
    .ARM.Collect$$libinit$$00000017          0x08000206   Section        0  libinit2.o(.ARM.Collect$$libinit$$00000017)
    .ARM.Collect$$libinit$$00000019          0x08000206   Section        0  libinit2.o(.ARM.Collect$$libinit$$00000019)
    .ARM.Collect$$libinit$$0000001B          0x08000206   Section        0  libinit2.o(.ARM.Collect$$libinit$$0000001B)
    .ARM.Collect$$libinit$$0000001D          0x08000206   Section        0  libinit2.o(.ARM.Collect$$libinit$$0000001D)
    .ARM.Collect$$libinit$$0000001F          0x08000206   Section        0  libinit2.o(.ARM.Collect$$libinit$$0000001F)
    .ARM.Collect$$libinit$$00000021          0x08000206   Section        0  libinit2.o(.ARM.Collect$$libinit$$00000021)
    .ARM.Collect$$libinit$$00000023          0x08000206   Section        0  libinit2.o(.ARM.Collect$$libinit$$00000023)
    .ARM.Collect$$libinit$$00000025          0x08000206   Section        0  libinit2.o(.ARM.Collect$$libinit$$00000025)
    .ARM.Collect$$libinit$$0000002C          0x08000206   Section        0  libinit2.o(.ARM.Collect$$libinit$$0000002C)
    .ARM.Collect$$libinit$$0000002E          0x08000206   Section        0  libinit2.o(.ARM.Collect$$libinit$$0000002E)
    .ARM.Collect$$libinit$$00000030          0x08000206   Section        0  libinit2.o(.ARM.Collect$$libinit$$00000030)
    .ARM.Collect$$libinit$$00000032          0x08000206   Section        0  libinit2.o(.ARM.Collect$$libinit$$00000032)
    .ARM.Collect$$libinit$$00000033          0x08000206   Section        2  libinit2.o(.ARM.Collect$$libinit$$00000033)
    .ARM.Collect$$libshutdown$$00000000      0x08000208   Section        2  libshutdown.o(.ARM.Collect$$libshutdown$$00000000)
    .ARM.Collect$$libshutdown$$00000002      0x0800020a   Section        0  libshutdown2.o(.ARM.Collect$$libshutdown$$00000002)
    .ARM.Collect$$libshutdown$$00000004      0x0800020a   Section        0  libshutdown2.o(.ARM.Collect$$libshutdown$$00000004)
    .ARM.Collect$$libshutdown$$00000006      0x0800020a   Section        0  libshutdown2.o(.ARM.Collect$$libshutdown$$00000006)
    .ARM.Collect$$libshutdown$$00000009      0x0800020a   Section        0  libshutdown2.o(.ARM.Collect$$libshutdown$$00000009)
    .ARM.Collect$$libshutdown$$0000000C      0x0800020a   Section        0  libshutdown2.o(.ARM.Collect$$libshutdown$$0000000C)
    .ARM.Collect$$libshutdown$$0000000E      0x0800020a   Section        0  libshutdown2.o(.ARM.Collect$$libshutdown$$0000000E)
    .ARM.Collect$$libshutdown$$00000011      0x0800020a   Section        0  libshutdown2.o(.ARM.Collect$$libshutdown$$00000011)
    .ARM.Collect$$libshutdown$$00000012      0x0800020a   Section        2  libshutdown2.o(.ARM.Collect$$libshutdown$$00000012)
    .ARM.Collect$$rtentry$$00000000          0x0800020c   Section        0  __rtentry.o(.ARM.Collect$$rtentry$$00000000)
    .ARM.Collect$$rtentry$$00000002          0x0800020c   Section        0  __rtentry2.o(.ARM.Collect$$rtentry$$00000002)
    .ARM.Collect$$rtentry$$00000004          0x0800020c   Section        6  __rtentry4.o(.ARM.Collect$$rtentry$$00000004)
    .ARM.Collect$$rtentry$$00000009          0x08000212   Section        0  __rtentry2.o(.ARM.Collect$$rtentry$$00000009)
    .ARM.Collect$$rtentry$$0000000A          0x08000212   Section        4  __rtentry2.o(.ARM.Collect$$rtentry$$0000000A)
    .ARM.Collect$$rtentry$$0000000C          0x08000216   Section        0  __rtentry2.o(.ARM.Collect$$rtentry$$0000000C)
    .ARM.Collect$$rtentry$$0000000D          0x08000216   Section        8  __rtentry2.o(.ARM.Collect$$rtentry$$0000000D)
    .ARM.Collect$$rtexit$$00000000           0x0800021e   Section        2  rtexit.o(.ARM.Collect$$rtexit$$00000000)
    .ARM.Collect$$rtexit$$00000002           0x08000220   Section        0  rtexit2.o(.ARM.Collect$$rtexit$$00000002)
    .ARM.Collect$$rtexit$$00000003           0x08000220   Section        4  rtexit2.o(.ARM.Collect$$rtexit$$00000003)
    .ARM.Collect$$rtexit$$00000004           0x08000224   Section        6  rtexit2.o(.ARM.Collect$$rtexit$$00000004)
    .text                                    0x0800022c   Section        0  main.o(.text)
    .text                                    0x08000404   Section        0  stm32f10x_it.o(.text)
    .text                                    0x0800045c   Section        0  system_stm32f10x.o(.text)
    SetSysClockTo72                          0x0800045d   Thumb Code   214  system_stm32f10x.o(.text)
    SetSysClock                              0x08000533   Thumb Code     8  system_stm32f10x.o(.text)
    .text                                    0x0800063c   Section        0  oled.o(.text)
    .text                                    0x08000c60   Section        0  delay.o(.text)
    .text                                    0x08000d34   Section        0  sys.o(.text)
    .text                                    0x08000d40   Section        0  usart.o(.text)
    .text                                    0x08000eac   Section        0  bsp_key.o(.text)
    .text                                    0x08001140   Section        0  bsp_timer.o(.text)
    BASIC_TIM_NVIC_Config                    0x08001141   Thumb Code    42  bsp_timer.o(.text)
    BASIC_TIM_Mode_Config                    0x0800116b   Thumb Code    60  bsp_timer.o(.text)
    .text                                    0x080011b8   Section        0  bsp_systick.o(.text)
    SysTick_Config                           0x080011b9   Thumb Code    76  bsp_systick.o(.text)
    .text                                    0x080012d8   Section        0  bsp_led.o(.text)
    .text                                    0x08001324   Section        0  bsp_dht11.o(.text)
    DHT11_GPIO_Config                        0x08001325   Thumb Code    40  bsp_dht11.o(.text)
    DHT11_Mode_IPU                           0x0800135f   Thumb Code    26  bsp_dht11.o(.text)
    DHT11_Mode_Out_PP                        0x08001379   Thumb Code    32  bsp_dht11.o(.text)
    DHT11_ReadByte                           0x08001399   Thumb Code    96  bsp_dht11.o(.text)
    .text                                    0x080014a4   Section        0  display.o(.text)
    .text                                    0x08001628   Section        0  bsp_generaltim.o(.text)
    GENERAL_TIM_NVIC_Config                  0x08001629   Thumb Code    42  bsp_generaltim.o(.text)
    GENERAL_TIM_GPIO_Config                  0x08001653   Thumb Code    32  bsp_generaltim.o(.text)
    GENERAL_TIM_Mode_Config                  0x08001673   Thumb Code   114  bsp_generaltim.o(.text)
    .text                                    0x08001a3c   Section       64  startup_stm32f10x_hd.o(.text)
    .text                                    0x08001a7c   Section        0  misc.o(.text)
    .text                                    0x08001b58   Section        0  stm32f10x_gpio.o(.text)
    .text                                    0x08001eb4   Section        0  stm32f10x_rcc.o(.text)
    .text                                    0x08002258   Section        0  stm32f10x_usart.o(.text)
    .text                                    0x08002660   Section        0  stm32f10x_tim.o(.text)
    TI4_Config                               0x08002b07   Thumb Code   130  stm32f10x_tim.o(.text)
    TI3_Config                               0x08002b9b   Thumb Code   122  stm32f10x_tim.o(.text)
    TI2_Config                               0x08002c2f   Thumb Code   130  stm32f10x_tim.o(.text)
    TI1_Config                               0x08002cc3   Thumb Code   108  stm32f10x_tim.o(.text)
    .text                                    0x0800347a   Section        2  use_no_semi_2.o(.text)
    .text                                    0x0800347c   Section        0  noretval__2printf.o(.text)
    .text                                    0x08003494   Section        0  noretval__2snprintf.o(.text)
    .text                                    0x080034c8   Section        0  _printf_dec.o(.text)
    .text                                    0x08003540   Section        0  __printf_wp.o(.text)
    .text                                    0x0800364e   Section        0  heapauxi.o(.text)
    .text                                    0x08003654   Section        2  use_no_semi.o(.text)
    .text                                    0x08003656   Section        0  _printf_intcommon.o(.text)
    .text                                    0x08003708   Section        0  _printf_fp_dec.o(.text)
    _fp_digits                               0x0800370b   Thumb Code   432  _printf_fp_dec.o(.text)
    .text                                    0x08003b28   Section        0  _printf_char_common.o(.text)
    _printf_input_char                       0x08003b29   Thumb Code    10  _printf_char_common.o(.text)
    .text                                    0x08003b58   Section        0  _sputc.o(.text)
    .text                                    0x08003b62   Section        0  _snputc.o(.text)
    .text                                    0x08003b74   Section        0  _printf_char_file.o(.text)
    .text                                    0x08003b98   Section        8  rt_locale_intlibspace.o(.text)
    .text                                    0x08003ba0   Section      138  lludiv10.o(.text)
    .text                                    0x08003c2c   Section        0  _printf_fp_infnan.o(.text)
    .text                                    0x08003cac   Section        0  bigflt0.o(.text)
    .text                                    0x08003d90   Section        0  ferror.o(.text)
    .text                                    0x08003d98   Section        8  libspace.o(.text)
    .text                                    0x08003da0   Section       74  sys_stackheap_outer.o(.text)
    .text                                    0x08003dea   Section        0  exit.o(.text)
    .text                                    0x08003dfc   Section      128  strcmpv7m.o(.text)
    CL$$btod_d2e                             0x08003e7c   Section       62  btod.o(CL$$btod_d2e)
    CL$$btod_d2e_denorm_low                  0x08003eba   Section       70  btod.o(CL$$btod_d2e_denorm_low)
    CL$$btod_d2e_norm_op1                    0x08003f00   Section       96  btod.o(CL$$btod_d2e_norm_op1)
    CL$$btod_div_common                      0x08003f60   Section      824  btod.o(CL$$btod_div_common)
    CL$$btod_e2e                             0x08004298   Section      220  btod.o(CL$$btod_e2e)
    CL$$btod_ediv                            0x08004374   Section       42  btod.o(CL$$btod_ediv)
    CL$$btod_emul                            0x0800439e   Section       42  btod.o(CL$$btod_emul)
    CL$$btod_mult_common                     0x080043c8   Section      580  btod.o(CL$$btod_mult_common)
    i.__ARM_fpclassify                       0x0800460c   Section        0  fpclassify.o(i.__ARM_fpclassify)
    i._is_digit                              0x08004634   Section        0  __printf_wp.o(i._is_digit)
    locale$$code                             0x08004644   Section       44  lc_numeric_c.o(locale$$code)
    x$fpl$d2f                                0x08004670   Section       98  d2f.o(x$fpl$d2f)
    x$fpl$dadd                               0x080046d4   Section      336  daddsub_clz.o(x$fpl$dadd)
    _dadd1                                   0x080046e5   Thumb Code     0  daddsub_clz.o(x$fpl$dadd)
    x$fpl$dfltu                              0x08004824   Section       38  dflt_clz.o(x$fpl$dfltu)
    x$fpl$dmul                               0x0800484c   Section      340  dmul.o(x$fpl$dmul)
    x$fpl$dnaninf                            0x080049a0   Section      156  dnaninf.o(x$fpl$dnaninf)
    x$fpl$dretinf                            0x08004a3c   Section       12  dretinf.o(x$fpl$dretinf)
    x$fpl$dsub                               0x08004a48   Section      468  daddsub_clz.o(x$fpl$dsub)
    _dsub1                                   0x08004a59   Thumb Code     0  daddsub_clz.o(x$fpl$dsub)
    x$fpl$f2d                                0x08004c1c   Section       86  f2d.o(x$fpl$f2d)
    x$fpl$fnaninf                            0x08004c72   Section      140  fnaninf.o(x$fpl$fnaninf)
    x$fpl$fretinf                            0x08004cfe   Section       10  fretinf.o(x$fpl$fretinf)
    x$fpl$printf1                            0x08004d08   Section        4  printf1.o(x$fpl$printf1)
    .constdata                               0x08004d0c   Section     2072  oled.o(.constdata)
    x$fpl$usenofp                            0x08004d0c   Section        0  usenofp.o(x$fpl$usenofp)
    .constdata                               0x08005524   Section      148  bigflt0.o(.constdata)
    tenpwrs_x                                0x08005524   Data          60  bigflt0.o(.constdata)
    tenpwrs_i                                0x08005560   Data          64  bigflt0.o(.constdata)
    locale$$data                             0x080055d8   Section       28  lc_numeric_c.o(locale$$data)
    __lcnum_c_name                           0x080055dc   Data           2  lc_numeric_c.o(locale$$data)
    __lcnum_c_start                          0x080055e4   Data           0  lc_numeric_c.o(locale$$data)
    __lcnum_c_point                          0x080055f0   Data           0  lc_numeric_c.o(locale$$data)
    __lcnum_c_thousands                      0x080055f2   Data           0  lc_numeric_c.o(locale$$data)
    __lcnum_c_grouping                       0x080055f3   Data           0  lc_numeric_c.o(locale$$data)
    __lcnum_c_end                            0x080055f4   Data           0  lc_numeric_c.o(locale$$data)
    .data                                    0x20000000   Section       21  main.o(.data)
    .data                                    0x20000018   Section       20  system_stm32f10x.o(.data)
    .data                                    0x2000002c   Section      704  oled.o(.data)
    .data                                    0x200002ec   Section        4  delay.o(.data)
    fac_us                                   0x200002ec   Data           1  delay.o(.data)
    fac_ms                                   0x200002ee   Data           2  delay.o(.data)
    .data                                    0x200002f0   Section        6  usart.o(.data)
    .data                                    0x200002f6   Section       19  bsp_key.o(.data)
    .data                                    0x2000030c   Section        4  bsp_systick.o(.data)
    TimingDelay                              0x2000030c   Data           4  bsp_systick.o(.data)
    .data                                    0x20000310   Section     1024  display.o(.data)
    .data                                    0x20000710   Section        4  bsp_generaltim.o(.data)
    .data                                    0x20000714   Section       20  stm32f10x_rcc.o(.data)
    APBAHBPrescTable                         0x20000714   Data          16  stm32f10x_rcc.o(.data)
    ADCPrescTable                            0x20000724   Data           4  stm32f10x_rcc.o(.data)
    .bss                                     0x20000728   Section      132  main.o(.bss)
    .bss                                     0x200007ac   Section      200  usart.o(.bss)
    .bss                                     0x20000874   Section       20  bsp_generaltim.o(.bss)
    .bss                                     0x20000888   Section       96  libspace.o(.bss)
    HEAP                                     0x200008e8   Section      512  startup_stm32f10x_hd.o(HEAP)
    Heap_Mem                                 0x200008e8   Data         512  startup_stm32f10x_hd.o(HEAP)
    STACK                                    0x20000ae8   Section     1024  startup_stm32f10x_hd.o(STACK)
    Stack_Mem                                0x20000ae8   Data        1024  startup_stm32f10x_hd.o(STACK)
    __initial_sp                             0x20000ee8   Data           0  startup_stm32f10x_hd.o(STACK)

    Global Symbols

    Symbol Name                              Value     Ov Type        Size  Object(Section)

    BuildAttributes$$THM_ISAv4$P$D$K$B$S$PE$A:L22UL41UL21$X:L11$S22US41US21$IEEE1$IW$USESV6$~STKCKD$USESV7$~SHL$OTIME$ROPI$IEEEJ$EBA8$UX$STANDARDLIB$REQ8$PRES8$EABIv2 0x00000000   Number         0  anon$$obj.o ABSOLUTE
    __ARM_use_no_argv                        0x00000000   Number         0  main.o ABSOLUTE
    _printf_flags                            0x00000000   Number         0  printf_stubs.o ABSOLUTE
    _printf_return_value                     0x00000000   Number         0  printf_stubs.o ABSOLUTE
    _printf_sizespec                         0x00000000   Number         0  printf_stubs.o ABSOLUTE
    _printf_widthprec                        0x00000000   Number         0  printf_stubs.o ABSOLUTE
    __ARM_exceptions_init                     - Undefined Weak Reference
    __alloca_initialize                       - Undefined Weak Reference
    __arm_fini_                               - Undefined Weak Reference
    __arm_preinit_                            - Undefined Weak Reference
    __cpp_initialize__aeabi_                  - Undefined Weak Reference
    __cxa_finalize                            - Undefined Weak Reference
    __sigvec_lookup                           - Undefined Weak Reference
    _atexit_init                              - Undefined Weak Reference
    _call_atexit_fns                          - Undefined Weak Reference
    _clock_init                               - Undefined Weak Reference
    _fp_trap_init                             - Undefined Weak Reference
    _fp_trap_shutdown                         - Undefined Weak Reference
    _get_lc_collate                           - Undefined Weak Reference
    _get_lc_ctype                             - Undefined Weak Reference
    _get_lc_monetary                          - Undefined Weak Reference
    _get_lc_time                              - Undefined Weak Reference
    _getenv_init                              - Undefined Weak Reference
    _handle_redirection                       - Undefined Weak Reference
    _init_alloc                               - Undefined Weak Reference
    _init_user_alloc                          - Undefined Weak Reference
    _initio                                   - Undefined Weak Reference
    _mutex_acquire                            - Undefined Weak Reference
    _mutex_release                            - Undefined Weak Reference
    _printf_post_padding                      - Undefined Weak Reference
    _printf_pre_padding                       - Undefined Weak Reference
    _printf_truncate_signed                   - Undefined Weak Reference
    _printf_truncate_unsigned                 - Undefined Weak Reference
    _rand_init                                - Undefined Weak Reference
    _signal_finish                            - Undefined Weak Reference
    _signal_init                              - Undefined Weak Reference
    _terminate_alloc                          - Undefined Weak Reference
    _terminate_user_alloc                     - Undefined Weak Reference
    _terminateio                              - Undefined Weak Reference
    __Vectors_Size                           0x00000130   Number         0  startup_stm32f10x_hd.o ABSOLUTE
    __Vectors                                0x08000000   Data           4  startup_stm32f10x_hd.o(RESET)
    __Vectors_End                            0x08000130   Data           0  startup_stm32f10x_hd.o(RESET)
    __main                                   0x08000131   Thumb Code     8  __main.o(!!!main)
    __scatterload                            0x08000139   Thumb Code     0  __scatter.o(!!!scatter)
    __scatterload_rt2                        0x08000139   Thumb Code    44  __scatter.o(!!!scatter)
    __scatterload_rt2_thumb_only             0x08000139   Thumb Code     0  __scatter.o(!!!scatter)
    __scatterload_null                       0x08000147   Thumb Code     0  __scatter.o(!!!scatter)
    __decompress                             0x0800016d   Thumb Code    90  __dczerorl2.o(!!dczerorl2)
    __decompress1                            0x0800016d   Thumb Code     0  __dczerorl2.o(!!dczerorl2)
    __scatterload_zeroinit                   0x080001c9   Thumb Code    28  __scatter_zi.o(!!handler_zi)
    _printf_f                                0x080001e5   Thumb Code     0  _printf_f.o(.ARM.Collect$$_printf_percent$$00000003)
    _printf_percent                          0x080001e5   Thumb Code     0  _printf_percent.o(.ARM.Collect$$_printf_percent$$00000000)
    _printf_d                                0x080001eb   Thumb Code     0  _printf_d.o(.ARM.Collect$$_printf_percent$$00000009)
    _printf_percent_end                      0x080001f1   Thumb Code     0  _printf_percent_end.o(.ARM.Collect$$_printf_percent$$00000017)
    __rt_lib_init                            0x080001f5   Thumb Code     0  libinit.o(.ARM.Collect$$libinit$$00000000)
    __rt_lib_init_fp_1                       0x080001f7   Thumb Code     0  libinit2.o(.ARM.Collect$$libinit$$00000002)
    __rt_lib_init_heap_1                     0x080001f7   Thumb Code     0  libinit2.o(.ARM.Collect$$libinit$$0000000A)
    __rt_lib_init_lc_common                  0x080001f7   Thumb Code     0  libinit2.o(.ARM.Collect$$libinit$$0000000F)
    __rt_lib_init_preinit_1                  0x080001f7   Thumb Code     0  libinit2.o(.ARM.Collect$$libinit$$00000004)
    __rt_lib_init_rand_1                     0x080001f7   Thumb Code     0  libinit2.o(.ARM.Collect$$libinit$$0000000E)
    __rt_lib_init_user_alloc_1               0x080001f7   Thumb Code     0  libinit2.o(.ARM.Collect$$libinit$$0000000C)
    __rt_lib_init_lc_collate_1               0x080001fd   Thumb Code     0  libinit2.o(.ARM.Collect$$libinit$$00000011)
    __rt_lib_init_lc_ctype_1                 0x080001fd   Thumb Code     0  libinit2.o(.ARM.Collect$$libinit$$00000013)
    __rt_lib_init_lc_monetary_1              0x080001fd   Thumb Code     0  libinit2.o(.ARM.Collect$$libinit$$00000015)
    __rt_lib_init_lc_numeric_2               0x080001fd   Thumb Code     0  libinit2.o(.ARM.Collect$$libinit$$00000016)
    __rt_lib_init_alloca_1                   0x08000207   Thumb Code     0  libinit2.o(.ARM.Collect$$libinit$$0000002E)
    __rt_lib_init_argv_1                     0x08000207   Thumb Code     0  libinit2.o(.ARM.Collect$$libinit$$0000002C)
    __rt_lib_init_atexit_1                   0x08000207   Thumb Code     0  libinit2.o(.ARM.Collect$$libinit$$0000001B)
    __rt_lib_init_clock_1                    0x08000207   Thumb Code     0  libinit2.o(.ARM.Collect$$libinit$$00000021)
    __rt_lib_init_cpp_1                      0x08000207   Thumb Code     0  libinit2.o(.ARM.Collect$$libinit$$00000032)
    __rt_lib_init_exceptions_1               0x08000207   Thumb Code     0  libinit2.o(.ARM.Collect$$libinit$$00000030)
    __rt_lib_init_fp_trap_1                  0x08000207   Thumb Code     0  libinit2.o(.ARM.Collect$$libinit$$0000001F)
    __rt_lib_init_getenv_1                   0x08000207   Thumb Code     0  libinit2.o(.ARM.Collect$$libinit$$00000023)
    __rt_lib_init_lc_numeric_1               0x08000207   Thumb Code     0  libinit2.o(.ARM.Collect$$libinit$$00000017)
    __rt_lib_init_lc_time_1                  0x08000207   Thumb Code     0  libinit2.o(.ARM.Collect$$libinit$$00000019)
    __rt_lib_init_return                     0x08000207   Thumb Code     0  libinit2.o(.ARM.Collect$$libinit$$00000033)
    __rt_lib_init_signal_1                   0x08000207   Thumb Code     0  libinit2.o(.ARM.Collect$$libinit$$0000001D)
    __rt_lib_init_stdio_1                    0x08000207   Thumb Code     0  libinit2.o(.ARM.Collect$$libinit$$00000025)
    __rt_lib_shutdown                        0x08000209   Thumb Code     0  libshutdown.o(.ARM.Collect$$libshutdown$$00000000)
    __rt_lib_shutdown_cpp_1                  0x0800020b   Thumb Code     0  libshutdown2.o(.ARM.Collect$$libshutdown$$00000004)
    __rt_lib_shutdown_fini_1                 0x0800020b   Thumb Code     0  libshutdown2.o(.ARM.Collect$$libshutdown$$00000002)
    __rt_lib_shutdown_fp_trap_1              0x0800020b   Thumb Code     0  libshutdown2.o(.ARM.Collect$$libshutdown$$00000009)
    __rt_lib_shutdown_heap_1                 0x0800020b   Thumb Code     0  libshutdown2.o(.ARM.Collect$$libshutdown$$00000011)
    __rt_lib_shutdown_return                 0x0800020b   Thumb Code     0  libshutdown2.o(.ARM.Collect$$libshutdown$$00000012)
    __rt_lib_shutdown_signal_1               0x0800020b   Thumb Code     0  libshutdown2.o(.ARM.Collect$$libshutdown$$0000000C)
    __rt_lib_shutdown_stdio_1                0x0800020b   Thumb Code     0  libshutdown2.o(.ARM.Collect$$libshutdown$$00000006)
    __rt_lib_shutdown_user_alloc_1           0x0800020b   Thumb Code     0  libshutdown2.o(.ARM.Collect$$libshutdown$$0000000E)
    __rt_entry                               0x0800020d   Thumb Code     0  __rtentry.o(.ARM.Collect$$rtentry$$00000000)
    __rt_entry_presh_1                       0x0800020d   Thumb Code     0  __rtentry2.o(.ARM.Collect$$rtentry$$00000002)
    __rt_entry_sh                            0x0800020d   Thumb Code     0  __rtentry4.o(.ARM.Collect$$rtentry$$00000004)
    __rt_entry_li                            0x08000213   Thumb Code     0  __rtentry2.o(.ARM.Collect$$rtentry$$0000000A)
    __rt_entry_postsh_1                      0x08000213   Thumb Code     0  __rtentry2.o(.ARM.Collect$$rtentry$$00000009)
    __rt_entry_main                          0x08000217   Thumb Code     0  __rtentry2.o(.ARM.Collect$$rtentry$$0000000D)
    __rt_entry_postli_1                      0x08000217   Thumb Code     0  __rtentry2.o(.ARM.Collect$$rtentry$$0000000C)
    __rt_exit                                0x0800021f   Thumb Code     0  rtexit.o(.ARM.Collect$$rtexit$$00000000)
    __rt_exit_ls                             0x08000221   Thumb Code     0  rtexit2.o(.ARM.Collect$$rtexit$$00000003)
    __rt_exit_prels_1                        0x08000221   Thumb Code     0  rtexit2.o(.ARM.Collect$$rtexit$$00000002)
    __rt_exit_exit                           0x08000225   Thumb Code     0  rtexit2.o(.ARM.Collect$$rtexit$$00000004)
    main                                     0x0800022d   Thumb Code   330  main.o(.text)
    NMI_Handler                              0x08000405   Thumb Code     2  stm32f10x_it.o(.text)
    HardFault_Handler                        0x08000407   Thumb Code     4  stm32f10x_it.o(.text)
    MemManage_Handler                        0x0800040b   Thumb Code     4  stm32f10x_it.o(.text)
    BusFault_Handler                         0x0800040f   Thumb Code     4  stm32f10x_it.o(.text)
    UsageFault_Handler                       0x08000413   Thumb Code     4  stm32f10x_it.o(.text)
    SVC_Handler                              0x08000417   Thumb Code     2  stm32f10x_it.o(.text)
    DebugMon_Handler                         0x08000419   Thumb Code     2  stm32f10x_it.o(.text)
    PendSV_Handler                           0x0800041b   Thumb Code     2  stm32f10x_it.o(.text)
    TIM6_IRQHandler                          0x0800041d   Thumb Code    42  stm32f10x_it.o(.text)
    SysTick_Handler                          0x08000447   Thumb Code     8  stm32f10x_it.o(.text)
    SystemInit                               0x0800053b   Thumb Code    78  system_stm32f10x.o(.text)
    SystemCoreClockUpdate                    0x08000589   Thumb Code   142  system_stm32f10x.o(.text)
    IIC_Start                                0x0800063d   Thumb Code    44  oled.o(.text)
    IIC_Stop                                 0x08000669   Thumb Code    34  oled.o(.text)
    IIC_Wait_Ack                             0x0800068b   Thumb Code    24  oled.o(.text)
    Write_IIC_Byte                           0x080006a3   Thumb Code    88  oled.o(.text)
    Write_IIC_Command                        0x080006fb   Thumb Code    44  oled.o(.text)
    Write_IIC_Data                           0x08000727   Thumb Code    44  oled.o(.text)
    OLED_WR_Byte                             0x08000753   Thumb Code    24  oled.o(.text)
    fill_picture                             0x0800076b   Thumb Code    64  oled.o(.text)
    Delay_50ms                               0x080007ab   Thumb Code    22  oled.o(.text)
    Delay_1ms                                0x080007c1   Thumb Code    26  oled.o(.text)
    OLED_Set_Pos                             0x080007db   Thumb Code    40  oled.o(.text)
    OLED_Display_On                          0x08000803   Thumb Code    28  oled.o(.text)
    OLED_Display_Off                         0x0800081f   Thumb Code    28  oled.o(.text)
    OLED_Clear                               0x0800083b   Thumb Code    62  oled.o(.text)
    OLED_On                                  0x08000879   Thumb Code    62  oled.o(.text)
    OLED_ShowChar                            0x080008b7   Thumb Code   154  oled.o(.text)
    oled_pow                                 0x08000951   Thumb Code    22  oled.o(.text)
    OLED_ShowNum                             0x08000967   Thumb Code   136  oled.o(.text)
    OLED_ShowString                          0x080009ef   Thumb Code    70  oled.o(.text)
    OLED_ShowString2                         0x08000a35   Thumb Code    58  oled.o(.text)
    OLED_ShowCHinese                         0x08000a6f   Thumb Code    98  oled.o(.text)
    OLED_DrawBMP                             0x08000ad1   Thumb Code   118  oled.o(.text)
    OLED_Init                                0x08000b47   Thumb Code   272  oled.o(.text)
    delay_init                               0x08000c61   Thumb Code    50  delay.o(.text)
    delay_us                                 0x08000c93   Thumb Code    72  delay.o(.text)
    delay_ms                                 0x08000cdb   Thumb Code    72  delay.o(.text)
    NVIC_Configuration                       0x08000d35   Thumb Code    12  sys.o(.text)
    _sys_exit                                0x08000d41   Thumb Code     6  usart.o(.text)
    fputc                                    0x08000d47   Thumb Code    24  usart.o(.text)
    uart_init                                0x08000d5f   Thumb Code   152  usart.o(.text)
    USART1_IRQHandler                        0x08000df7   Thumb Code   148  usart.o(.text)
    Key_Init                                 0x08000ead   Thumb Code    54  bsp_key.o(.text)
    Key_Check                                0x08000ee3   Thumb Code   384  bsp_key.o(.text)
    Key_Process                              0x08001063   Thumb Code   136  bsp_key.o(.text)
    BASIC_TIM_Init                           0x080011a7   Thumb Code    12  bsp_timer.o(.text)
    SysTick_Init                             0x08001205   Thumb Code    42  bsp_systick.o(.text)
    SysTick_Delay_Us                         0x0800122f   Thumb Code    64  bsp_systick.o(.text)
    SysTick_delay_ms                         0x0800126f   Thumb Code    66  bsp_systick.o(.text)
    TimingDelay_Decrement                    0x080012b1   Thumb Code    18  bsp_systick.o(.text)
    LED_Init                                 0x080012d9   Thumb Code    66  bsp_led.o(.text)
    DHT11_Init                               0x0800134d   Thumb Code    18  bsp_dht11.o(.text)
    DHT11_Read_TempAndHumidity               0x080013f9   Thumb Code   166  bsp_dht11.o(.text)
    Disp_Page3                               0x080014a5   Thumb Code    76  display.o(.text)
    Disp_Page2                               0x080014f1   Thumb Code    20  display.o(.text)
    Disp_Page1                               0x08001505   Thumb Code   166  display.o(.text)
    Display_Update                           0x080015ab   Thumb Code    46  display.o(.text)
    GENERAL_TIM_Init                         0x080016e5   Thumb Code    16  bsp_generaltim.o(.text)
    TIM5_IRQHandler                          0x080016f5   Thumb Code   402  bsp_generaltim.o(.text)
    Remote_Scan                              0x08001887   Thumb Code   316  bsp_generaltim.o(.text)
    Reset_Handler                            0x08001a3d   Thumb Code     8  startup_stm32f10x_hd.o(.text)
    ADC1_2_IRQHandler                        0x08001a57   Thumb Code     0  startup_stm32f10x_hd.o(.text)
    ADC3_IRQHandler                          0x08001a57   Thumb Code     0  startup_stm32f10x_hd.o(.text)
    CAN1_RX1_IRQHandler                      0x08001a57   Thumb Code     0  startup_stm32f10x_hd.o(.text)
    CAN1_SCE_IRQHandler                      0x08001a57   Thumb Code     0  startup_stm32f10x_hd.o(.text)
    DMA1_Channel1_IRQHandler                 0x08001a57   Thumb Code     0  startup_stm32f10x_hd.o(.text)
    DMA1_Channel2_IRQHandler                 0x08001a57   Thumb Code     0  startup_stm32f10x_hd.o(.text)
    DMA1_Channel3_IRQHandler                 0x08001a57   Thumb Code     0  startup_stm32f10x_hd.o(.text)
    DMA1_Channel4_IRQHandler                 0x08001a57   Thumb Code     0  startup_stm32f10x_hd.o(.text)
    DMA1_Channel5_IRQHandler                 0x08001a57   Thumb Code     0  startup_stm32f10x_hd.o(.text)
    DMA1_Channel6_IRQHandler                 0x08001a57   Thumb Code     0  startup_stm32f10x_hd.o(.text)
    DMA1_Channel7_IRQHandler                 0x08001a57   Thumb Code     0  startup_stm32f10x_hd.o(.text)
    DMA2_Channel1_IRQHandler                 0x08001a57   Thumb Code     0  startup_stm32f10x_hd.o(.text)
    DMA2_Channel2_IRQHandler                 0x08001a57   Thumb Code     0  startup_stm32f10x_hd.o(.text)
    DMA2_Channel3_IRQHandler                 0x08001a57   Thumb Code     0  startup_stm32f10x_hd.o(.text)
    DMA2_Channel4_5_IRQHandler               0x08001a57   Thumb Code     0  startup_stm32f10x_hd.o(.text)
    EXTI0_IRQHandler                         0x08001a57   Thumb Code     0  startup_stm32f10x_hd.o(.text)
    EXTI15_10_IRQHandler                     0x08001a57   Thumb Code     0  startup_stm32f10x_hd.o(.text)
    EXTI1_IRQHandler                         0x08001a57   Thumb Code     0  startup_stm32f10x_hd.o(.text)
    EXTI2_IRQHandler                         0x08001a57   Thumb Code     0  startup_stm32f10x_hd.o(.text)
    EXTI3_IRQHandler                         0x08001a57   Thumb Code     0  startup_stm32f10x_hd.o(.text)
    EXTI4_IRQHandler                         0x08001a57   Thumb Code     0  startup_stm32f10x_hd.o(.text)
    EXTI9_5_IRQHandler                       0x08001a57   Thumb Code     0  startup_stm32f10x_hd.o(.text)
    FLASH_IRQHandler                         0x08001a57   Thumb Code     0  startup_stm32f10x_hd.o(.text)
    FSMC_IRQHandler                          0x08001a57   Thumb Code     0  startup_stm32f10x_hd.o(.text)
    I2C1_ER_IRQHandler                       0x08001a57   Thumb Code     0  startup_stm32f10x_hd.o(.text)
    I2C1_EV_IRQHandler                       0x08001a57   Thumb Code     0  startup_stm32f10x_hd.o(.text)
    I2C2_ER_IRQHandler                       0x08001a57   Thumb Code     0  startup_stm32f10x_hd.o(.text)
    I2C2_EV_IRQHandler                       0x08001a57   Thumb Code     0  startup_stm32f10x_hd.o(.text)
    PVD_IRQHandler                           0x08001a57   Thumb Code     0  startup_stm32f10x_hd.o(.text)
    RCC_IRQHandler                           0x08001a57   Thumb Code     0  startup_stm32f10x_hd.o(.text)
    RTCAlarm_IRQHandler                      0x08001a57   Thumb Code     0  startup_stm32f10x_hd.o(.text)
    RTC_IRQHandler                           0x08001a57   Thumb Code     0  startup_stm32f10x_hd.o(.text)
    SDIO_IRQHandler                          0x08001a57   Thumb Code     0  startup_stm32f10x_hd.o(.text)
    SPI1_IRQHandler                          0x08001a57   Thumb Code     0  startup_stm32f10x_hd.o(.text)
    SPI2_IRQHandler                          0x08001a57   Thumb Code     0  startup_stm32f10x_hd.o(.text)
    SPI3_IRQHandler                          0x08001a57   Thumb Code     0  startup_stm32f10x_hd.o(.text)
    TAMPER_IRQHandler                        0x08001a57   Thumb Code     0  startup_stm32f10x_hd.o(.text)
    TIM1_BRK_IRQHandler                      0x08001a57   Thumb Code     0  startup_stm32f10x_hd.o(.text)
    TIM1_CC_IRQHandler                       0x08001a57   Thumb Code     0  startup_stm32f10x_hd.o(.text)
    TIM1_TRG_COM_IRQHandler                  0x08001a57   Thumb Code     0  startup_stm32f10x_hd.o(.text)
    TIM1_UP_IRQHandler                       0x08001a57   Thumb Code     0  startup_stm32f10x_hd.o(.text)
    TIM2_IRQHandler                          0x08001a57   Thumb Code     0  startup_stm32f10x_hd.o(.text)
    TIM3_IRQHandler                          0x08001a57   Thumb Code     0  startup_stm32f10x_hd.o(.text)
    TIM4_IRQHandler                          0x08001a57   Thumb Code     0  startup_stm32f10x_hd.o(.text)
    TIM7_IRQHandler                          0x08001a57   Thumb Code     0  startup_stm32f10x_hd.o(.text)
    TIM8_BRK_IRQHandler                      0x08001a57   Thumb Code     0  startup_stm32f10x_hd.o(.text)
    TIM8_CC_IRQHandler                       0x08001a57   Thumb Code     0  startup_stm32f10x_hd.o(.text)
    TIM8_TRG_COM_IRQHandler                  0x08001a57   Thumb Code     0  startup_stm32f10x_hd.o(.text)
    TIM8_UP_IRQHandler                       0x08001a57   Thumb Code     0  startup_stm32f10x_hd.o(.text)
    UART4_IRQHandler                         0x08001a57   Thumb Code     0  startup_stm32f10x_hd.o(.text)
    UART5_IRQHandler                         0x08001a57   Thumb Code     0  startup_stm32f10x_hd.o(.text)
    USART2_IRQHandler                        0x08001a57   Thumb Code     0  startup_stm32f10x_hd.o(.text)
    USART3_IRQHandler                        0x08001a57   Thumb Code     0  startup_stm32f10x_hd.o(.text)
    USBWakeUp_IRQHandler                     0x08001a57   Thumb Code     0  startup_stm32f10x_hd.o(.text)
    USB_HP_CAN1_TX_IRQHandler                0x08001a57   Thumb Code     0  startup_stm32f10x_hd.o(.text)
    USB_LP_CAN1_RX0_IRQHandler               0x08001a57   Thumb Code     0  startup_stm32f10x_hd.o(.text)
    WWDG_IRQHandler                          0x08001a57   Thumb Code     0  startup_stm32f10x_hd.o(.text)
    __user_initial_stackheap                 0x08001a59   Thumb Code     0  startup_stm32f10x_hd.o(.text)
    NVIC_PriorityGroupConfig                 0x08001a7d   Thumb Code    10  misc.o(.text)
    NVIC_Init                                0x08001a87   Thumb Code   100  misc.o(.text)
    NVIC_SetVectorTable                      0x08001aeb   Thumb Code    14  misc.o(.text)
    NVIC_SystemLPConfig                      0x08001af9   Thumb Code    34  misc.o(.text)
    SysTick_CLKSourceConfig                  0x08001b1b   Thumb Code    40  misc.o(.text)
    GPIO_DeInit                              0x08001b59   Thumb Code   172  stm32f10x_gpio.o(.text)
    GPIO_AFIODeInit                          0x08001c05   Thumb Code    20  stm32f10x_gpio.o(.text)
    GPIO_Init                                0x08001c19   Thumb Code   278  stm32f10x_gpio.o(.text)
    GPIO_StructInit                          0x08001d2f   Thumb Code    16  stm32f10x_gpio.o(.text)
    GPIO_ReadInputDataBit                    0x08001d3f   Thumb Code    18  stm32f10x_gpio.o(.text)
    GPIO_ReadInputData                       0x08001d51   Thumb Code     8  stm32f10x_gpio.o(.text)
    GPIO_ReadOutputDataBit                   0x08001d59   Thumb Code    18  stm32f10x_gpio.o(.text)
    GPIO_ReadOutputData                      0x08001d6b   Thumb Code     8  stm32f10x_gpio.o(.text)
    GPIO_SetBits                             0x08001d73   Thumb Code     4  stm32f10x_gpio.o(.text)
    GPIO_ResetBits                           0x08001d77   Thumb Code     4  stm32f10x_gpio.o(.text)
    GPIO_WriteBit                            0x08001d7b   Thumb Code    10  stm32f10x_gpio.o(.text)
    GPIO_Write                               0x08001d85   Thumb Code     4  stm32f10x_gpio.o(.text)
    GPIO_PinLockConfig                       0x08001d89   Thumb Code    18  stm32f10x_gpio.o(.text)
    GPIO_EventOutputConfig                   0x08001d9b   Thumb Code    26  stm32f10x_gpio.o(.text)
    GPIO_EventOutputCmd                      0x08001db5   Thumb Code     6  stm32f10x_gpio.o(.text)
    GPIO_PinRemapConfig                      0x08001dbb   Thumb Code   138  stm32f10x_gpio.o(.text)
    GPIO_EXTILineConfig                      0x08001e45   Thumb Code    66  stm32f10x_gpio.o(.text)
    GPIO_ETH_MediaInterfaceConfig            0x08001e87   Thumb Code     8  stm32f10x_gpio.o(.text)
    RCC_DeInit                               0x08001eb5   Thumb Code    64  stm32f10x_rcc.o(.text)
    RCC_HSEConfig                            0x08001ef5   Thumb Code    70  stm32f10x_rcc.o(.text)
    RCC_GetFlagStatus                        0x08001f3b   Thumb Code    56  stm32f10x_rcc.o(.text)
    RCC_WaitForHSEStartUp                    0x08001f73   Thumb Code    56  stm32f10x_rcc.o(.text)
    RCC_AdjustHSICalibrationValue            0x08001fab   Thumb Code    20  stm32f10x_rcc.o(.text)
    RCC_HSICmd                               0x08001fbf   Thumb Code     6  stm32f10x_rcc.o(.text)
    RCC_PLLConfig                            0x08001fc5   Thumb Code    24  stm32f10x_rcc.o(.text)
    RCC_PLLCmd                               0x08001fdd   Thumb Code     6  stm32f10x_rcc.o(.text)
    RCC_SYSCLKConfig                         0x08001fe3   Thumb Code    18  stm32f10x_rcc.o(.text)
    RCC_GetSYSCLKSource                      0x08001ff5   Thumb Code    10  stm32f10x_rcc.o(.text)
    RCC_HCLKConfig                           0x08001fff   Thumb Code    18  stm32f10x_rcc.o(.text)
    RCC_PCLK1Config                          0x08002011   Thumb Code    18  stm32f10x_rcc.o(.text)
    RCC_PCLK2Config                          0x08002023   Thumb Code    20  stm32f10x_rcc.o(.text)
    RCC_ITConfig                             0x08002037   Thumb Code    26  stm32f10x_rcc.o(.text)
    RCC_USBCLKConfig                         0x08002051   Thumb Code     8  stm32f10x_rcc.o(.text)
    RCC_ADCCLKConfig                         0x08002059   Thumb Code    18  stm32f10x_rcc.o(.text)
    RCC_LSEConfig                            0x0800206b   Thumb Code    50  stm32f10x_rcc.o(.text)
    RCC_LSICmd                               0x0800209d   Thumb Code     6  stm32f10x_rcc.o(.text)
    RCC_RTCCLKConfig                         0x080020a3   Thumb Code    12  stm32f10x_rcc.o(.text)
    RCC_RTCCLKCmd                            0x080020af   Thumb Code     8  stm32f10x_rcc.o(.text)
    RCC_GetClocksFreq                        0x080020b7   Thumb Code   192  stm32f10x_rcc.o(.text)
    RCC_AHBPeriphClockCmd                    0x08002177   Thumb Code    26  stm32f10x_rcc.o(.text)
    RCC_APB2PeriphClockCmd                   0x08002191   Thumb Code    26  stm32f10x_rcc.o(.text)
    RCC_APB1PeriphClockCmd                   0x080021ab   Thumb Code    26  stm32f10x_rcc.o(.text)
    RCC_APB2PeriphResetCmd                   0x080021c5   Thumb Code    26  stm32f10x_rcc.o(.text)
    RCC_APB1PeriphResetCmd                   0x080021df   Thumb Code    26  stm32f10x_rcc.o(.text)
    RCC_BackupResetCmd                       0x080021f9   Thumb Code     8  stm32f10x_rcc.o(.text)
    RCC_ClockSecuritySystemCmd               0x08002201   Thumb Code     6  stm32f10x_rcc.o(.text)
    RCC_MCOConfig                            0x08002207   Thumb Code     6  stm32f10x_rcc.o(.text)
    RCC_ClearFlag                            0x0800220d   Thumb Code    14  stm32f10x_rcc.o(.text)
    RCC_GetITStatus                          0x0800221b   Thumb Code    20  stm32f10x_rcc.o(.text)
    RCC_ClearITPendingBit                    0x0800222f   Thumb Code     6  stm32f10x_rcc.o(.text)
    USART_DeInit                             0x08002259   Thumb Code   134  stm32f10x_usart.o(.text)
    USART_Init                               0x080022df   Thumb Code   210  stm32f10x_usart.o(.text)
    USART_StructInit                         0x080023b1   Thumb Code    24  stm32f10x_usart.o(.text)
    USART_ClockInit                          0x080023c9   Thumb Code    34  stm32f10x_usart.o(.text)
    USART_ClockStructInit                    0x080023eb   Thumb Code    12  stm32f10x_usart.o(.text)
    USART_Cmd                                0x080023f7   Thumb Code    24  stm32f10x_usart.o(.text)
    USART_ITConfig                           0x0800240f   Thumb Code    74  stm32f10x_usart.o(.text)
    USART_DMACmd                             0x08002459   Thumb Code    18  stm32f10x_usart.o(.text)
    USART_SetAddress                         0x0800246b   Thumb Code    18  stm32f10x_usart.o(.text)
    USART_WakeUpConfig                       0x0800247d   Thumb Code    18  stm32f10x_usart.o(.text)
    USART_ReceiverWakeUpCmd                  0x0800248f   Thumb Code    24  stm32f10x_usart.o(.text)
    USART_LINBreakDetectLengthConfig         0x080024a7   Thumb Code    18  stm32f10x_usart.o(.text)
    USART_LINCmd                             0x080024b9   Thumb Code    24  stm32f10x_usart.o(.text)
    USART_SendData                           0x080024d1   Thumb Code     8  stm32f10x_usart.o(.text)
    USART_ReceiveData                        0x080024d9   Thumb Code    10  stm32f10x_usart.o(.text)
    USART_SendBreak                          0x080024e3   Thumb Code    10  stm32f10x_usart.o(.text)
    USART_SetGuardTime                       0x080024ed   Thumb Code    16  stm32f10x_usart.o(.text)
    USART_SetPrescaler                       0x080024fd   Thumb Code    16  stm32f10x_usart.o(.text)
    USART_SmartCardCmd                       0x0800250d   Thumb Code    24  stm32f10x_usart.o(.text)
    USART_SmartCardNACKCmd                   0x08002525   Thumb Code    24  stm32f10x_usart.o(.text)
    USART_HalfDuplexCmd                      0x0800253d   Thumb Code    24  stm32f10x_usart.o(.text)
    USART_OverSampling8Cmd                   0x08002555   Thumb Code    22  stm32f10x_usart.o(.text)
    USART_OneBitMethodCmd                    0x0800256b   Thumb Code    24  stm32f10x_usart.o(.text)
    USART_IrDAConfig                         0x08002583   Thumb Code    18  stm32f10x_usart.o(.text)
    USART_IrDACmd                            0x08002595   Thumb Code    24  stm32f10x_usart.o(.text)
    USART_GetFlagStatus                      0x080025ad   Thumb Code    26  stm32f10x_usart.o(.text)
    USART_ClearFlag                          0x080025c7   Thumb Code    18  stm32f10x_usart.o(.text)
    USART_GetITStatus                        0x080025d9   Thumb Code    84  stm32f10x_usart.o(.text)
    USART_ClearITPendingBit                  0x0800262d   Thumb Code    52  stm32f10x_usart.o(.text)
    TIM_DeInit                               0x08002661   Thumb Code   424  stm32f10x_tim.o(.text)
    TIM_TimeBaseInit                         0x08002809   Thumb Code   122  stm32f10x_tim.o(.text)
    TIM_OC1Init                              0x08002883   Thumb Code   132  stm32f10x_tim.o(.text)
    TIM_OC2Init                              0x08002907   Thumb Code   154  stm32f10x_tim.o(.text)
    TIM_OC3Init                              0x080029a1   Thumb Code   150  stm32f10x_tim.o(.text)
    TIM_OC4Init                              0x08002a37   Thumb Code   182  stm32f10x_tim.o(.text)
    TIM_SetIC4Prescaler                      0x08002aed   Thumb Code    26  stm32f10x_tim.o(.text)
    TIM_SetIC3Prescaler                      0x08002b89   Thumb Code    18  stm32f10x_tim.o(.text)
    TIM_SetIC2Prescaler                      0x08002c15   Thumb Code    26  stm32f10x_tim.o(.text)
    TIM_SetIC1Prescaler                      0x08002cb1   Thumb Code    18  stm32f10x_tim.o(.text)
    TIM_ICInit                               0x08002d2f   Thumb Code   150  stm32f10x_tim.o(.text)
    TIM_PWMIConfig                           0x08002dc5   Thumb Code   124  stm32f10x_tim.o(.text)
    TIM_BDTRConfig                           0x08002e41   Thumb Code    32  stm32f10x_tim.o(.text)
    TIM_TimeBaseStructInit                   0x08002e61   Thumb Code    18  stm32f10x_tim.o(.text)
    TIM_OCStructInit                         0x08002e73   Thumb Code    20  stm32f10x_tim.o(.text)
    TIM_ICStructInit                         0x08002e87   Thumb Code    18  stm32f10x_tim.o(.text)
    TIM_BDTRStructInit                       0x08002e99   Thumb Code    40  stm32f10x_tim.o(.text)
    TIM_Cmd                                  0x08002ec1   Thumb Code    24  stm32f10x_tim.o(.text)
    TIM_CtrlPWMOutputs                       0x08002ed9   Thumb Code    30  stm32f10x_tim.o(.text)
    TIM_ITConfig                             0x08002ef7   Thumb Code    18  stm32f10x_tim.o(.text)
    TIM_GenerateEvent                        0x08002f09   Thumb Code     4  stm32f10x_tim.o(.text)
    TIM_DMAConfig                            0x08002f0d   Thumb Code    10  stm32f10x_tim.o(.text)
    TIM_DMACmd                               0x08002f17   Thumb Code    18  stm32f10x_tim.o(.text)
    TIM_InternalClockConfig                  0x08002f29   Thumb Code    12  stm32f10x_tim.o(.text)
    TIM_SelectInputTrigger                   0x08002f35   Thumb Code    18  stm32f10x_tim.o(.text)
    TIM_ITRxExternalClockConfig              0x08002f47   Thumb Code    24  stm32f10x_tim.o(.text)
    TIM_TIxExternalClockConfig               0x08002f5f   Thumb Code    62  stm32f10x_tim.o(.text)
    TIM_ETRConfig                            0x08002f9d   Thumb Code    28  stm32f10x_tim.o(.text)
    TIM_ETRClockMode1Config                  0x08002fb9   Thumb Code    54  stm32f10x_tim.o(.text)
    TIM_ETRClockMode2Config                  0x08002fef   Thumb Code    32  stm32f10x_tim.o(.text)
    TIM_PrescalerConfig                      0x0800300f   Thumb Code     6  stm32f10x_tim.o(.text)
    TIM_CounterModeConfig                    0x08003015   Thumb Code    18  stm32f10x_tim.o(.text)
    TIM_EncoderInterfaceConfig               0x08003027   Thumb Code    66  stm32f10x_tim.o(.text)
    TIM_ForcedOC1Config                      0x08003069   Thumb Code    18  stm32f10x_tim.o(.text)
    TIM_ForcedOC2Config                      0x0800307b   Thumb Code    26  stm32f10x_tim.o(.text)
    TIM_ForcedOC3Config                      0x08003095   Thumb Code    18  stm32f10x_tim.o(.text)
    TIM_ForcedOC4Config                      0x080030a7   Thumb Code    26  stm32f10x_tim.o(.text)
    TIM_ARRPreloadConfig                     0x080030c1   Thumb Code    24  stm32f10x_tim.o(.text)
    TIM_SelectCOM                            0x080030d9   Thumb Code    24  stm32f10x_tim.o(.text)
    TIM_SelectCCDMA                          0x080030f1   Thumb Code    24  stm32f10x_tim.o(.text)
    TIM_CCPreloadControl                     0x08003109   Thumb Code    24  stm32f10x_tim.o(.text)
    TIM_OC1PreloadConfig                     0x08003121   Thumb Code    18  stm32f10x_tim.o(.text)
    TIM_OC2PreloadConfig                     0x08003133   Thumb Code    26  stm32f10x_tim.o(.text)
    TIM_OC3PreloadConfig                     0x0800314d   Thumb Code    18  stm32f10x_tim.o(.text)
    TIM_OC4PreloadConfig                     0x0800315f   Thumb Code    26  stm32f10x_tim.o(.text)
    TIM_OC1FastConfig                        0x08003179   Thumb Code    18  stm32f10x_tim.o(.text)
    TIM_OC2FastConfig                        0x0800318b   Thumb Code    26  stm32f10x_tim.o(.text)
    TIM_OC3FastConfig                        0x080031a5   Thumb Code    18  stm32f10x_tim.o(.text)
    TIM_OC4FastConfig                        0x080031b7   Thumb Code    26  stm32f10x_tim.o(.text)
    TIM_ClearOC1Ref                          0x080031d1   Thumb Code    18  stm32f10x_tim.o(.text)
    TIM_ClearOC2Ref                          0x080031e3   Thumb Code    24  stm32f10x_tim.o(.text)
    TIM_ClearOC3Ref                          0x080031fb   Thumb Code    18  stm32f10x_tim.o(.text)
    TIM_ClearOC4Ref                          0x0800320d   Thumb Code    24  stm32f10x_tim.o(.text)
    TIM_OC1PolarityConfig                    0x08003225   Thumb Code    18  stm32f10x_tim.o(.text)
    TIM_OC1NPolarityConfig                   0x08003237   Thumb Code    18  stm32f10x_tim.o(.text)
    TIM_OC2PolarityConfig                    0x08003249   Thumb Code    26  stm32f10x_tim.o(.text)
    TIM_OC2NPolarityConfig                   0x08003263   Thumb Code    26  stm32f10x_tim.o(.text)
    TIM_OC3PolarityConfig                    0x0800327d   Thumb Code    26  stm32f10x_tim.o(.text)
    TIM_OC3NPolarityConfig                   0x08003297   Thumb Code    26  stm32f10x_tim.o(.text)
    TIM_OC4PolarityConfig                    0x080032b1   Thumb Code    26  stm32f10x_tim.o(.text)
    TIM_CCxCmd                               0x080032cb   Thumb Code    30  stm32f10x_tim.o(.text)
    TIM_CCxNCmd                              0x080032e9   Thumb Code    30  stm32f10x_tim.o(.text)
    TIM_SelectOCxM                           0x08003307   Thumb Code    82  stm32f10x_tim.o(.text)
    TIM_UpdateDisableConfig                  0x08003359   Thumb Code    24  stm32f10x_tim.o(.text)
    TIM_UpdateRequestConfig                  0x08003371   Thumb Code    24  stm32f10x_tim.o(.text)
    TIM_SelectHallSensor                     0x08003389   Thumb Code    24  stm32f10x_tim.o(.text)
    TIM_SelectOnePulseMode                   0x080033a1   Thumb Code    18  stm32f10x_tim.o(.text)
    TIM_SelectOutputTrigger                  0x080033b3   Thumb Code    18  stm32f10x_tim.o(.text)
    TIM_SelectSlaveMode                      0x080033c5   Thumb Code    18  stm32f10x_tim.o(.text)
    TIM_SelectMasterSlaveMode                0x080033d7   Thumb Code    18  stm32f10x_tim.o(.text)
    TIM_SetCounter                           0x080033e9   Thumb Code     4  stm32f10x_tim.o(.text)
    TIM_SetAutoreload                        0x080033ed   Thumb Code     4  stm32f10x_tim.o(.text)
    TIM_SetCompare1                          0x080033f1   Thumb Code     4  stm32f10x_tim.o(.text)
    TIM_SetCompare2                          0x080033f5   Thumb Code     4  stm32f10x_tim.o(.text)
    TIM_SetCompare3                          0x080033f9   Thumb Code     4  stm32f10x_tim.o(.text)
    TIM_SetCompare4                          0x080033fd   Thumb Code     6  stm32f10x_tim.o(.text)
    TIM_SetClockDivision                     0x08003403   Thumb Code    18  stm32f10x_tim.o(.text)
    TIM_GetCapture1                          0x08003415   Thumb Code     6  stm32f10x_tim.o(.text)
    TIM_GetCapture2                          0x0800341b   Thumb Code     6  stm32f10x_tim.o(.text)
    TIM_GetCapture3                          0x08003421   Thumb Code     6  stm32f10x_tim.o(.text)
    TIM_GetCapture4                          0x08003427   Thumb Code     8  stm32f10x_tim.o(.text)
    TIM_GetCounter                           0x0800342f   Thumb Code     6  stm32f10x_tim.o(.text)
    TIM_GetPrescaler                         0x08003435   Thumb Code     6  stm32f10x_tim.o(.text)
    TIM_GetFlagStatus                        0x0800343b   Thumb Code    18  stm32f10x_tim.o(.text)
    TIM_ClearFlag                            0x0800344d   Thumb Code     6  stm32f10x_tim.o(.text)
    TIM_GetITStatus                          0x08003453   Thumb Code    34  stm32f10x_tim.o(.text)
    TIM_ClearITPendingBit                    0x08003475   Thumb Code     6  stm32f10x_tim.o(.text)
    __use_no_semihosting                     0x0800347b   Thumb Code     2  use_no_semi_2.o(.text)
    __2printf                                0x0800347d   Thumb Code    20  noretval__2printf.o(.text)
    __2snprintf                              0x08003495   Thumb Code    48  noretval__2snprintf.o(.text)
    _printf_int_dec                          0x080034c9   Thumb Code   104  _printf_dec.o(.text)
    __printf                                 0x08003541   Thumb Code   270  __printf_wp.o(.text)
    __use_two_region_memory                  0x0800364f   Thumb Code     2  heapauxi.o(.text)
    __rt_heap_escrow$2region                 0x08003651   Thumb Code     2  heapauxi.o(.text)
    __rt_heap_expand$2region                 0x08003653   Thumb Code     2  heapauxi.o(.text)
    __I$use$semihosting                      0x08003655   Thumb Code     0  use_no_semi.o(.text)
    __use_no_semihosting_swi                 0x08003655   Thumb Code     2  use_no_semi.o(.text)
    _printf_int_common                       0x08003657   Thumb Code   178  _printf_intcommon.o(.text)
    __lib_sel_fp_printf                      0x08003709   Thumb Code     2  _printf_fp_dec.o(.text)
    _printf_fp_dec_real                      0x080038bb   Thumb Code   620  _printf_fp_dec.o(.text)
    _printf_char_common                      0x08003b33   Thumb Code    32  _printf_char_common.o(.text)
    _sputc                                   0x08003b59   Thumb Code    10  _sputc.o(.text)
    _snputc                                  0x08003b63   Thumb Code    16  _snputc.o(.text)
    _printf_char_file                        0x08003b75   Thumb Code    32  _printf_char_file.o(.text)
    __rt_locale                              0x08003b99   Thumb Code     8  rt_locale_intlibspace.o(.text)
    _ll_udiv10                               0x08003ba1   Thumb Code   138  lludiv10.o(.text)
    _printf_fp_infnan                        0x08003c2d   Thumb Code   112  _printf_fp_infnan.o(.text)
    _btod_etento                             0x08003cad   Thumb Code   224  bigflt0.o(.text)
    ferror                                   0x08003d91   Thumb Code     8  ferror.o(.text)
    __user_libspace                          0x08003d99   Thumb Code     8  libspace.o(.text)
    __user_perproc_libspace                  0x08003d99   Thumb Code     0  libspace.o(.text)
    __user_perthread_libspace                0x08003d99   Thumb Code     0  libspace.o(.text)
    __user_setup_stackheap                   0x08003da1   Thumb Code    74  sys_stackheap_outer.o(.text)
    exit                                     0x08003deb   Thumb Code    18  exit.o(.text)
    strcmp                                   0x08003dfd   Thumb Code   128  strcmpv7m.o(.text)
    _btod_d2e                                0x08003e7d   Thumb Code    62  btod.o(CL$$btod_d2e)
    _d2e_denorm_low                          0x08003ebb   Thumb Code    70  btod.o(CL$$btod_d2e_denorm_low)
    _d2e_norm_op1                            0x08003f01   Thumb Code    96  btod.o(CL$$btod_d2e_norm_op1)
    __btod_div_common                        0x08003f61   Thumb Code   696  btod.o(CL$$btod_div_common)
    _e2e                                     0x08004299   Thumb Code   220  btod.o(CL$$btod_e2e)
    _btod_ediv                               0x08004375   Thumb Code    42  btod.o(CL$$btod_ediv)
    _btod_emul                               0x0800439f   Thumb Code    42  btod.o(CL$$btod_emul)
    __btod_mult_common                       0x080043c9   Thumb Code   580  btod.o(CL$$btod_mult_common)
    __ARM_fpclassify                         0x0800460d   Thumb Code    40  fpclassify.o(i.__ARM_fpclassify)
    _is_digit                                0x08004635   Thumb Code    14  __printf_wp.o(i._is_digit)
    _get_lc_numeric                          0x08004645   Thumb Code    44  lc_numeric_c.o(locale$$code)
    __aeabi_d2f                              0x08004671   Thumb Code     0  d2f.o(x$fpl$d2f)
    _d2f                                     0x08004671   Thumb Code    98  d2f.o(x$fpl$d2f)
    __aeabi_dadd                             0x080046d5   Thumb Code     0  daddsub_clz.o(x$fpl$dadd)
    _dadd                                    0x080046d5   Thumb Code   332  daddsub_clz.o(x$fpl$dadd)
    __aeabi_ui2d                             0x08004825   Thumb Code     0  dflt_clz.o(x$fpl$dfltu)
    _dfltu                                   0x08004825   Thumb Code    38  dflt_clz.o(x$fpl$dfltu)
    __aeabi_dmul                             0x0800484d   Thumb Code     0  dmul.o(x$fpl$dmul)
    _dmul                                    0x0800484d   Thumb Code   332  dmul.o(x$fpl$dmul)
    __fpl_dnaninf                            0x080049a1   Thumb Code   156  dnaninf.o(x$fpl$dnaninf)
    __fpl_dretinf                            0x08004a3d   Thumb Code    12  dretinf.o(x$fpl$dretinf)
    __aeabi_dsub                             0x08004a49   Thumb Code     0  daddsub_clz.o(x$fpl$dsub)
    _dsub                                    0x08004a49   Thumb Code   464  daddsub_clz.o(x$fpl$dsub)
    __aeabi_f2d                              0x08004c1d   Thumb Code     0  f2d.o(x$fpl$f2d)
    _f2d                                     0x08004c1d   Thumb Code    86  f2d.o(x$fpl$f2d)
    __fpl_fnaninf                            0x08004c73   Thumb Code   140  fnaninf.o(x$fpl$fnaninf)
    __fpl_fretinf                            0x08004cff   Thumb Code    10  fretinf.o(x$fpl$fretinf)
    _printf_fp_dec                           0x08004d09   Thumb Code     4  printf1.o(x$fpl$printf1)
    F6x8                                     0x08004d0c   Data         552  oled.o(.constdata)
    __I$use$fp                               0x08004d0c   Number         0  usenofp.o(x$fpl$usenofp)
    F8X16                                    0x08004f34   Data        1520  oled.o(.constdata)
    Region$$Table$$Base                      0x080055b8   Number         0  anon$$obj.o(Region$$Table)
    Region$$Table$$Limit                     0x080055d8   Number         0  anon$$obj.o(Region$$Table)
    gi1msCount                               0x20000000   Data           4  main.o(.data)
    gc10mscount                              0x20000004   Data           1  main.o(.data)
    gc1sCount                                0x20000005   Data           1  main.o(.data)
    gcPage                                   0x20000006   Data           1  main.o(.data)
    t                                        0x20000007   Data           1  main.o(.data)
    humi                                     0x20000008   Data           4  main.o(.data)
    temp                                     0x2000000c   Data           4  main.o(.data)
    DHT11_Data                               0x20000010   Data           5  main.o(.data)
    SystemCoreClock                          0x20000018   Data           4  system_stm32f10x.o(.data)
    AHBPrescTable                            0x2000001c   Data          16  system_stm32f10x.o(.data)
    Hzk                                      0x2000002c   Data         704  oled.o(.data)
    __stdout                                 0x200002f0   Data           4  usart.o(.data)
    USART_RX_STA                             0x200002f4   Data           2  usart.o(.data)
    gcKeyState                               0x200002f6   Data           1  bsp_key.o(.data)
    gcKeyCount                               0x200002f7   Data           1  bsp_key.o(.data)
    gcKeyValue                               0x200002f8   Data           1  bsp_key.o(.data)
    giKey1Count                              0x200002fa   Data           2  bsp_key.o(.data)
    giKey2Count                              0x200002fc   Data           2  bsp_key.o(.data)
    giKey1_2Count                            0x200002fe   Data           2  bsp_key.o(.data)
    Disp_hour                                0x20000300   Data           1  bsp_key.o(.data)
    Disp_minute                              0x20000301   Data           1  bsp_key.o(.data)
    Key1_3sCount                             0x20000302   Data           1  bsp_key.o(.data)
    gcKeyLock1                               0x20000303   Data           1  bsp_key.o(.data)
    gcKeyLock2                               0x20000304   Data           1  bsp_key.o(.data)
    gcKeyLock1_2                             0x20000305   Data           1  bsp_key.o(.data)
    gcKeyLock1_3s                            0x20000306   Data           1  bsp_key.o(.data)
    gcKeyLock2_3s                            0x20000307   Data           1  bsp_key.o(.data)
    gcKeyCount2                              0x20000308   Data           1  bsp_key.o(.data)
    BMP1                                     0x20000310   Data        1024  display.o(.data)
    IRdatas                                  0x20000710   Data           1  bsp_generaltim.o(.data)
    IRval                                    0x20000711   Data           1  bsp_generaltim.o(.data)
    RmtCnt                                   0x20000712   Data           1  bsp_generaltim.o(.data)
    Remote                                   0x20000713   Data           1  bsp_generaltim.o(.data)
    MyFlag                                   0x20000728   Data          12  main.o(.bss)
    cStr                                     0x20000734   Data         100  main.o(.bss)
    Humi                                     0x20000798   Data          10  main.o(.bss)
    Temp                                     0x200007a2   Data          10  main.o(.bss)
    USART_RX_BUF                             0x200007ac   Data         200  usart.o(.bss)
    TIM_ICUserValueStructure                 0x20000874   Data          10  bsp_generaltim.o(.bss)
    TIM_Values                               0x2000087e   Data          10  bsp_generaltim.o(.bss)
    __libspace_start                         0x20000888   Data          96  libspace.o(.bss)
    __temporary_stack_top$libspace           0x200008e8   Data           0  libspace.o(.bss)



==============================================================================

Memory Map of the image

  Image Entry point : 0x08000131

  Load Region LR_IROM1 (Base: 0x08000000, Size: 0x00005d1c, Max: 0x00040000, ABSOLUTE, COMPRESSED[0x00005810])

    Execution Region ER_IROM1 (Exec base: 0x08000000, Load base: 0x08000000, Size: 0x000055f4, Max: 0x00040000, ABSOLUTE)

    Exec Addr    Load Addr    Size         Type   Attr      Idx    E Section Name        Object

    0x08000000   0x08000000   0x00000130   Data   RO          341    RESET               startup_stm32f10x_hd.o
    0x08000130   0x08000130   0x00000008   Code   RO          449  * !!!main             c_w.l(__main.o)
    0x08000138   0x08000138   0x00000034   Code   RO          699    !!!scatter          c_w.l(__scatter.o)
    0x0800016c   0x0800016c   0x0000005a   Code   RO          697    !!dczerorl2         c_w.l(__dczerorl2.o)
    0x080001c6   0x080001c6   0x00000002   PAD
    0x080001c8   0x080001c8   0x0000001c   Code   RO          701    !!handler_zi        c_w.l(__scatter_zi.o)
    0x080001e4   0x080001e4   0x00000000   Code   RO          446    .ARM.Collect$$_printf_percent$$00000000  c_w.l(_printf_percent.o)
    0x080001e4   0x080001e4   0x00000006   Code   RO          445    .ARM.Collect$$_printf_percent$$00000003  c_w.l(_printf_f.o)
    0x080001ea   0x080001ea   0x00000006   Code   RO          444    .ARM.Collect$$_printf_percent$$00000009  c_w.l(_printf_d.o)
    0x080001f0   0x080001f0   0x00000004   Code   RO          486    .ARM.Collect$$_printf_percent$$00000017  c_w.l(_printf_percent_end.o)
    0x080001f4   0x080001f4   0x00000002   Code   RO          572    .ARM.Collect$$libinit$$00000000  c_w.l(libinit.o)
    0x080001f6   0x080001f6   0x00000000   Code   RO          574    .ARM.Collect$$libinit$$00000002  c_w.l(libinit2.o)
    0x080001f6   0x080001f6   0x00000000   Code   RO          576    .ARM.Collect$$libinit$$00000004  c_w.l(libinit2.o)
    0x080001f6   0x080001f6   0x00000000   Code   RO          579    .ARM.Collect$$libinit$$0000000A  c_w.l(libinit2.o)
    0x080001f6   0x080001f6   0x00000000   Code   RO          581    .ARM.Collect$$libinit$$0000000C  c_w.l(libinit2.o)
    0x080001f6   0x080001f6   0x00000000   Code   RO          583    .ARM.Collect$$libinit$$0000000E  c_w.l(libinit2.o)
    0x080001f6   0x080001f6   0x00000006   Code   RO          584    .ARM.Collect$$libinit$$0000000F  c_w.l(libinit2.o)
    0x080001fc   0x080001fc   0x00000000   Code   RO          586    .ARM.Collect$$libinit$$00000011  c_w.l(libinit2.o)
    0x080001fc   0x080001fc   0x00000000   Code   RO          588    .ARM.Collect$$libinit$$00000013  c_w.l(libinit2.o)
    0x080001fc   0x080001fc   0x00000000   Code   RO          590    .ARM.Collect$$libinit$$00000015  c_w.l(libinit2.o)
    0x080001fc   0x080001fc   0x0000000a   Code   RO          591    .ARM.Collect$$libinit$$00000016  c_w.l(libinit2.o)
    0x08000206   0x08000206   0x00000000   Code   RO          592    .ARM.Collect$$libinit$$00000017  c_w.l(libinit2.o)
    0x08000206   0x08000206   0x00000000   Code   RO          594    .ARM.Collect$$libinit$$00000019  c_w.l(libinit2.o)
    0x08000206   0x08000206   0x00000000   Code   RO          596    .ARM.Collect$$libinit$$0000001B  c_w.l(libinit2.o)
    0x08000206   0x08000206   0x00000000   Code   RO          598    .ARM.Collect$$libinit$$0000001D  c_w.l(libinit2.o)
    0x08000206   0x08000206   0x00000000   Code   RO          600    .ARM.Collect$$libinit$$0000001F  c_w.l(libinit2.o)
    0x08000206   0x08000206   0x00000000   Code   RO          602    .ARM.Collect$$libinit$$00000021  c_w.l(libinit2.o)
    0x08000206   0x08000206   0x00000000   Code   RO          604    .ARM.Collect$$libinit$$00000023  c_w.l(libinit2.o)
    0x08000206   0x08000206   0x00000000   Code   RO          606    .ARM.Collect$$libinit$$00000025  c_w.l(libinit2.o)
    0x08000206   0x08000206   0x00000000   Code   RO          610    .ARM.Collect$$libinit$$0000002C  c_w.l(libinit2.o)
    0x08000206   0x08000206   0x00000000   Code   RO          612    .ARM.Collect$$libinit$$0000002E  c_w.l(libinit2.o)
    0x08000206   0x08000206   0x00000000   Code   RO          614    .ARM.Collect$$libinit$$00000030  c_w.l(libinit2.o)
    0x08000206   0x08000206   0x00000000   Code   RO          616    .ARM.Collect$$libinit$$00000032  c_w.l(libinit2.o)
    0x08000206   0x08000206   0x00000002   Code   RO          617    .ARM.Collect$$libinit$$00000033  c_w.l(libinit2.o)
    0x08000208   0x08000208   0x00000002   Code   RO          645    .ARM.Collect$$libshutdown$$00000000  c_w.l(libshutdown.o)
    0x0800020a   0x0800020a   0x00000000   Code   RO          654    .ARM.Collect$$libshutdown$$00000002  c_w.l(libshutdown2.o)
    0x0800020a   0x0800020a   0x00000000   Code   RO          656    .ARM.Collect$$libshutdown$$00000004  c_w.l(libshutdown2.o)
    0x0800020a   0x0800020a   0x00000000   Code   RO          658    .ARM.Collect$$libshutdown$$00000006  c_w.l(libshutdown2.o)
    0x0800020a   0x0800020a   0x00000000   Code   RO          661    .ARM.Collect$$libshutdown$$00000009  c_w.l(libshutdown2.o)
    0x0800020a   0x0800020a   0x00000000   Code   RO          664    .ARM.Collect$$libshutdown$$0000000C  c_w.l(libshutdown2.o)
    0x0800020a   0x0800020a   0x00000000   Code   RO          666    .ARM.Collect$$libshutdown$$0000000E  c_w.l(libshutdown2.o)
    0x0800020a   0x0800020a   0x00000000   Code   RO          669    .ARM.Collect$$libshutdown$$00000011  c_w.l(libshutdown2.o)
    0x0800020a   0x0800020a   0x00000002   Code   RO          670    .ARM.Collect$$libshutdown$$00000012  c_w.l(libshutdown2.o)
    0x0800020c   0x0800020c   0x00000000   Code   RO          473    .ARM.Collect$$rtentry$$00000000  c_w.l(__rtentry.o)
    0x0800020c   0x0800020c   0x00000000   Code   RO          497    .ARM.Collect$$rtentry$$00000002  c_w.l(__rtentry2.o)
    0x0800020c   0x0800020c   0x00000006   Code   RO          509    .ARM.Collect$$rtentry$$00000004  c_w.l(__rtentry4.o)
    0x08000212   0x08000212   0x00000000   Code   RO          499    .ARM.Collect$$rtentry$$00000009  c_w.l(__rtentry2.o)
    0x08000212   0x08000212   0x00000004   Code   RO          500    .ARM.Collect$$rtentry$$0000000A  c_w.l(__rtentry2.o)
    0x08000216   0x08000216   0x00000000   Code   RO          502    .ARM.Collect$$rtentry$$0000000C  c_w.l(__rtentry2.o)
    0x08000216   0x08000216   0x00000008   Code   RO          503    .ARM.Collect$$rtentry$$0000000D  c_w.l(__rtentry2.o)
    0x0800021e   0x0800021e   0x00000002   Code   RO          618    .ARM.Collect$$rtexit$$00000000  c_w.l(rtexit.o)
    0x08000220   0x08000220   0x00000000   Code   RO          625    .ARM.Collect$$rtexit$$00000002  c_w.l(rtexit2.o)
    0x08000220   0x08000220   0x00000004   Code   RO          626    .ARM.Collect$$rtexit$$00000003  c_w.l(rtexit2.o)
    0x08000224   0x08000224   0x00000006   Code   RO          627    .ARM.Collect$$rtexit$$00000004  c_w.l(rtexit2.o)
    0x0800022a   0x0800022a   0x00000002   PAD
    0x0800022c   0x0800022c   0x000001d8   Code   RO            1    .text               main.o
    0x08000404   0x08000404   0x00000058   Code   RO           99    .text               stm32f10x_it.o
    0x0800045c   0x0800045c   0x000001e0   Code   RO          132    .text               system_stm32f10x.o
    0x0800063c   0x0800063c   0x00000624   Code   RO          150    .text               oled.o
    0x08000c60   0x08000c60   0x000000d4   Code   RO          169    .text               delay.o
    0x08000d34   0x08000d34   0x0000000c   Code   RO          183    .text               sys.o
    0x08000d40   0x08000d40   0x0000016c   Code   RO          195    .text               usart.o
    0x08000eac   0x08000eac   0x00000294   Code   RO          218    .text               bsp_key.o
    0x08001140   0x08001140   0x00000078   Code   RO          238    .text               bsp_timer.o
    0x080011b8   0x080011b8   0x00000120   Code   RO          250    .text               bsp_systick.o
    0x080012d8   0x080012d8   0x0000004c   Code   RO          268    .text               bsp_led.o
    0x08001324   0x08001324   0x00000180   Code   RO          280    .text               bsp_dht11.o
    0x080014a4   0x080014a4   0x00000184   Code   RO          292    .text               display.o
    0x08001628   0x08001628   0x00000414   Code   RO          311    .text               bsp_generaltim.o
    0x08001a3c   0x08001a3c   0x00000040   Code   RO          342    .text               startup_stm32f10x_hd.o
    0x08001a7c   0x08001a7c   0x000000dc   Code   RO          346    .text               misc.o
    0x08001b58   0x08001b58   0x0000035c   Code   RO          358    .text               stm32f10x_gpio.o
    0x08001eb4   0x08001eb4   0x000003a4   Code   RO          370    .text               stm32f10x_rcc.o
    0x08002258   0x08002258   0x00000408   Code   RO          384    .text               stm32f10x_usart.o
    0x08002660   0x08002660   0x00000e1a   Code   RO          396    .text               stm32f10x_tim.o
    0x0800347a   0x0800347a   0x00000002   Code   RO          410    .text               c_w.l(use_no_semi_2.o)
    0x0800347c   0x0800347c   0x00000018   Code   RO          416    .text               c_w.l(noretval__2printf.o)
    0x08003494   0x08003494   0x00000034   Code   RO          418    .text               c_w.l(noretval__2snprintf.o)
    0x080034c8   0x080034c8   0x00000078   Code   RO          422    .text               c_w.l(_printf_dec.o)
    0x08003540   0x08003540   0x0000010e   Code   RO          432    .text               c_w.l(__printf_wp.o)
    0x0800364e   0x0800364e   0x00000006   Code   RO          447    .text               c_w.l(heapauxi.o)
    0x08003654   0x08003654   0x00000002   Code   RO          471    .text               c_w.l(use_no_semi.o)
    0x08003656   0x08003656   0x000000b2   Code   RO          474    .text               c_w.l(_printf_intcommon.o)
    0x08003708   0x08003708   0x0000041e   Code   RO          476    .text               c_w.l(_printf_fp_dec.o)
    0x08003b26   0x08003b26   0x00000002   PAD
    0x08003b28   0x08003b28   0x00000030   Code   RO          478    .text               c_w.l(_printf_char_common.o)
    0x08003b58   0x08003b58   0x0000000a   Code   RO          480    .text               c_w.l(_sputc.o)
    0x08003b62   0x08003b62   0x00000010   Code   RO          482    .text               c_w.l(_snputc.o)
    0x08003b72   0x08003b72   0x00000002   PAD
    0x08003b74   0x08003b74   0x00000024   Code   RO          484    .text               c_w.l(_printf_char_file.o)
    0x08003b98   0x08003b98   0x00000008   Code   RO          514    .text               c_w.l(rt_locale_intlibspace.o)
    0x08003ba0   0x08003ba0   0x0000008a   Code   RO          516    .text               c_w.l(lludiv10.o)
    0x08003c2a   0x08003c2a   0x00000002   PAD
    0x08003c2c   0x08003c2c   0x00000080   Code   RO          518    .text               c_w.l(_printf_fp_infnan.o)
    0x08003cac   0x08003cac   0x000000e4   Code   RO          522    .text               c_w.l(bigflt0.o)
    0x08003d90   0x08003d90   0x00000008   Code   RO          547    .text               c_w.l(ferror.o)
    0x08003d98   0x08003d98   0x00000008   Code   RO          558    .text               c_w.l(libspace.o)
    0x08003da0   0x08003da0   0x0000004a   Code   RO          561    .text               c_w.l(sys_stackheap_outer.o)
    0x08003dea   0x08003dea   0x00000012   Code   RO          563    .text               c_w.l(exit.o)
    0x08003dfc   0x08003dfc   0x00000080   Code   RO          565    .text               c_w.l(strcmpv7m.o)
    0x08003e7c   0x08003e7c   0x0000003e   Code   RO          525    CL$$btod_d2e        c_w.l(btod.o)
    0x08003eba   0x08003eba   0x00000046   Code   RO          527    CL$$btod_d2e_denorm_low  c_w.l(btod.o)
    0x08003f00   0x08003f00   0x00000060   Code   RO          526    CL$$btod_d2e_norm_op1  c_w.l(btod.o)
    0x08003f60   0x08003f60   0x00000338   Code   RO          535    CL$$btod_div_common  c_w.l(btod.o)
    0x08004298   0x08004298   0x000000dc   Code   RO          532    CL$$btod_e2e        c_w.l(btod.o)
    0x08004374   0x08004374   0x0000002a   Code   RO          529    CL$$btod_ediv       c_w.l(btod.o)
    0x0800439e   0x0800439e   0x0000002a   Code   RO          528    CL$$btod_emul       c_w.l(btod.o)
    0x080043c8   0x080043c8   0x00000244   Code   RO          534    CL$$btod_mult_common  c_w.l(btod.o)
    0x0800460c   0x0800460c   0x00000028   Code   RO          556    i.__ARM_fpclassify  m_ws.l(fpclassify.o)
    0x08004634   0x08004634   0x0000000e   Code   RO          434    i._is_digit         c_w.l(__printf_wp.o)
    0x08004642   0x08004642   0x00000002   PAD
    0x08004644   0x08004644   0x0000002c   Code   RO          552    locale$$code        c_w.l(lc_numeric_c.o)
    0x08004670   0x08004670   0x00000062   Code   RO          451    x$fpl$d2f           fz_ws.l(d2f.o)
    0x080046d2   0x080046d2   0x00000002   PAD
    0x080046d4   0x080046d4   0x00000150   Code   RO          453    x$fpl$dadd          fz_ws.l(daddsub_clz.o)
    0x08004824   0x08004824   0x00000026   Code   RO          459    x$fpl$dfltu         fz_ws.l(dflt_clz.o)
    0x0800484a   0x0800484a   0x00000002   PAD
    0x0800484c   0x0800484c   0x00000154   Code   RO          465    x$fpl$dmul          fz_ws.l(dmul.o)
    0x080049a0   0x080049a0   0x0000009c   Code   RO          487    x$fpl$dnaninf       fz_ws.l(dnaninf.o)
    0x08004a3c   0x08004a3c   0x0000000c   Code   RO          489    x$fpl$dretinf       fz_ws.l(dretinf.o)
    0x08004a48   0x08004a48   0x000001d4   Code   RO          455    x$fpl$dsub          fz_ws.l(daddsub_clz.o)
    0x08004c1c   0x08004c1c   0x00000056   Code   RO          467    x$fpl$f2d           fz_ws.l(f2d.o)
    0x08004c72   0x08004c72   0x0000008c   Code   RO          491    x$fpl$fnaninf       fz_ws.l(fnaninf.o)
    0x08004cfe   0x08004cfe   0x0000000a   Code   RO          493    x$fpl$fretinf       fz_ws.l(fretinf.o)
    0x08004d08   0x08004d08   0x00000004   Code   RO          469    x$fpl$printf1       fz_ws.l(printf1.o)
    0x08004d0c   0x08004d0c   0x00000000   Code   RO          495    x$fpl$usenofp       fz_ws.l(usenofp.o)
    0x08004d0c   0x08004d0c   0x00000818   Data   RO          151    .constdata          oled.o
    0x08005524   0x08005524   0x00000094   Data   RO          523    .constdata          c_w.l(bigflt0.o)
    0x080055b8   0x080055b8   0x00000020   Data   RO          695    Region$$Table       anon$$obj.o
    0x080055d8   0x080055d8   0x0000001c   Data   RO          551    locale$$data        c_w.l(lc_numeric_c.o)


    Execution Region RW_IRAM1 (Exec base: 0x20000000, Load base: 0x080055f4, Size: 0x00000ee8, Max: 0x0000c000, ABSOLUTE, COMPRESSED[0x0000021c])

    Exec Addr    Load Addr    Size         Type   Attr      Idx    E Section Name        Object

    0x20000000   COMPRESSED   0x00000015   Data   RW            3    .data               main.o
    0x20000015   COMPRESSED   0x00000003   PAD
    0x20000018   COMPRESSED   0x00000014   Data   RW          133    .data               system_stm32f10x.o
    0x2000002c   COMPRESSED   0x000002c0   Data   RW          152    .data               oled.o
    0x200002ec   COMPRESSED   0x00000004   Data   RW          170    .data               delay.o
    0x200002f0   COMPRESSED   0x00000006   Data   RW          197    .data               usart.o
    0x200002f6   COMPRESSED   0x00000013   Data   RW          219    .data               bsp_key.o
    0x20000309   COMPRESSED   0x00000003   PAD
    0x2000030c   COMPRESSED   0x00000004   Data   RW          251    .data               bsp_systick.o
    0x20000310   COMPRESSED   0x00000400   Data   RW          293    .data               display.o
    0x20000710   COMPRESSED   0x00000004   Data   RW          313    .data               bsp_generaltim.o
    0x20000714   COMPRESSED   0x00000014   Data   RW          371    .data               stm32f10x_rcc.o
    0x20000728        -       0x00000084   Zero   RW            2    .bss                main.o
    0x200007ac        -       0x000000c8   Zero   RW          196    .bss                usart.o
    0x20000874        -       0x00000014   Zero   RW          312    .bss                bsp_generaltim.o
    0x20000888        -       0x00000060   Zero   RW          559    .bss                c_w.l(libspace.o)
    0x200008e8        -       0x00000200   Zero   RW          340    HEAP                startup_stm32f10x_hd.o
    0x20000ae8        -       0x00000400   Zero   RW          339    STACK               startup_stm32f10x_hd.o


==============================================================================

Image component sizes


      Code (inc. data)   RO Data    RW Data    ZI Data      Debug   Object Name

       384          6          0          0          0       1800   bsp_dht11.o
      1044        122          0          4         20       2213   bsp_generaltim.o
       660         86          0         19          0       1936   bsp_key.o
        76         10          0          0          0        507   bsp_led.o
       288         22          0          4          0      16998   bsp_systick.o
       120          6          0          0          0        797   bsp_timer.o
         0          0          0          0          0         32   core_cm3.o
       212         18          0          4          0       1059   delay.o
       388         86          0       1024          0       1457   display.o
       472        142          0         21        132     258883   main.o
       220         22          0          0          0       1821   misc.o
      1572         22       2072        704          0       7280   oled.o
        64         26        304          0       1536        812   startup_stm32f10x_hd.o
       860         38          0          0          0       5753   stm32f10x_gpio.o
        88         14          0          0          0       1410   stm32f10x_it.o
       932         36          0         20          0       8944   stm32f10x_rcc.o
      3610         88          0          0          0      22864   stm32f10x_tim.o
      1032         22          0          0          0       8480   stm32f10x_usart.o
        12          0          0          0          0        461   sys.o
       480         38          0         20          0       1767   system_stm32f10x.o
       364         34          0          6        200       3242   usart.o

    ----------------------------------------------------------------------
     12878        838       2408       1832       1888     348516   Object Totals
         0          0         32          0          0          0   (incl. Generated)
         0          0          0          6          0          0   (incl. Padding)

    ----------------------------------------------------------------------

      Code (inc. data)   RO Data    RW Data    ZI Data      Debug   Library Member Name

        90          0          0          0          0          0   __dczerorl2.o
         8          0          0          0          0         68   __main.o
       284          0          0          0          0        156   __printf_wp.o
         0          0          0          0          0          0   __rtentry.o
        12          0          0          0          0          0   __rtentry2.o
         6          0          0          0          0          0   __rtentry4.o
        52          8          0          0          0          0   __scatter.o
        28          0          0          0          0          0   __scatter_zi.o
        48          6          0          0          0         96   _printf_char_common.o
        36          4          0          0          0         80   _printf_char_file.o
         6          0          0          0          0          0   _printf_d.o
       120         16          0          0          0         92   _printf_dec.o
         6          0          0          0          0          0   _printf_f.o
      1054          0          0          0          0        216   _printf_fp_dec.o
       128         16          0          0          0         84   _printf_fp_infnan.o
       178          0          0          0          0         88   _printf_intcommon.o
         0          0          0          0          0          0   _printf_percent.o
         4          0          0          0          0          0   _printf_percent_end.o
        16          0          0          0          0         68   _snputc.o
        10          0          0          0          0         68   _sputc.o
       228          4        148          0          0         96   bigflt0.o
      1936        128          0          0          0        672   btod.o
        18          0          0          0          0         80   exit.o
         8          0          0          0          0         68   ferror.o
         6          0          0          0          0        152   heapauxi.o
        44         10         28          0          0         76   lc_numeric_c.o
         2          0          0          0          0          0   libinit.o
        18          0          0          0          0          0   libinit2.o
         2          0          0          0          0          0   libshutdown.o
         2          0          0          0          0          0   libshutdown2.o
         8          4          0          0         96         68   libspace.o
       138          0          0          0          0         80   lludiv10.o
        24          4          0          0          0         84   noretval__2printf.o
        52          4          0          0          0         84   noretval__2snprintf.o
         8          4          0          0          0         68   rt_locale_intlibspace.o
         2          0          0          0          0          0   rtexit.o
        10          0          0          0          0          0   rtexit2.o
       128          0          0          0          0         68   strcmpv7m.o
        74          0          0          0          0         80   sys_stackheap_outer.o
         2          0          0          0          0         68   use_no_semi.o
         2          0          0          0          0         68   use_no_semi_2.o
        98          4          0          0          0         92   d2f.o
       804         16          0          0          0        272   daddsub_clz.o
        38          0          0          0          0         68   dflt_clz.o
       340         12          0          0          0        104   dmul.o
       156          4          0          0          0         92   dnaninf.o
        12          0          0          0          0         68   dretinf.o
        86          4          0          0          0         84   f2d.o
       140          4          0          0          0         84   fnaninf.o
        10          0          0          0          0         68   fretinf.o
         4          0          0          0          0         68   printf1.o
         0          0          0          0          0          0   usenofp.o
        40          0          0          0          0         68   fpclassify.o

    ----------------------------------------------------------------------
      6542        252        176          0         96       3896   Library Totals
        16          0          0          0          0          0   (incl. Padding)

    ----------------------------------------------------------------------

      Code (inc. data)   RO Data    RW Data    ZI Data      Debug   Library Name

      4798        208        176          0         96       2828   c_w.l
      1688         44          0          0          0       1000   fz_ws.l
        40          0          0          0          0         68   m_ws.l

    ----------------------------------------------------------------------
      6542        252        176          0         96       3896   Library Totals

    ----------------------------------------------------------------------

==============================================================================


      Code (inc. data)   RO Data    RW Data    ZI Data      Debug   

     19420       1090       2584       1832       1984     348768   Grand Totals
     19420       1090       2584        540       1984     348768   ELF Image Totals (compressed)
     19420       1090       2584        540          0          0   ROM Totals

==============================================================================

    Total RO  Size (Code + RO Data)                22004 (  21.49kB)
    Total RW  Size (RW Data + ZI Data)              3816 (   3.73kB)
    Total ROM Size (Code + RO Data + RW Data)      22544 (  22.02kB)

==============================================================================

